[INFO] Scanning for projects...
[INFO] 
[INFO] ----------------------< dev.sefiraat:SlimeTinker >----------------------
[INFO] Building SlimeTinker2 2.0.5-IE2-26.2-Albion
[INFO]   from pom.xml
[INFO] --------------------------------[ jar ]---------------------------------
Downloading from central: https://repo.maven.apache.org/maven2/org/apache/maven/plugins/maven-clean-plugin/3.2.0/maven-clean-plugin-3.2.0.pom
Progress (1): 780 BProgress (1): 1.7 kBProgress (1): 4.2 kBProgress (1): 5.3 kB                    Downloaded from central: https://repo.maven.apache.org/maven2/org/apache/maven/plugins/maven-clean-plugin/3.2.0/maven-clean-plugin-3.2.0.pom (5.3 kB at 1.8 kB/s)
Downloading from central: https://repo.maven.apache.org/maven2/org/apache/maven/plugins/maven-plugins/35/maven-plugins-35.pom
Progress (1): 752 BProgress (1): 1.7 kBProgress (1): 3.7 kBProgress (1): 6.4 kBProgress (1): 8.2 kBProgress (1): 9.9 kB                    Downloaded from central: https://repo.maven.apache.org/maven2/org/apache/maven/plugins/maven-plugins/35/maven-plugins-35.pom (9.9 kB at 225 kB/s)
Downloading from central: https://repo.maven.apache.org/maven2/org/apache/maven/maven-parent/35/maven-parent-35.pom
Progress (1): 726 BProgress (1): 1.6 kBProgress (1): 4.2 kBProgress (1): 8.4 kBProgress (1): 11 kB Progress (1): 16 kBProgress (1): 21 kBProgress (1): 23 kBProgress (1): 26 kBProgress (1): 28 kBProgress (1): 30 kBProgress (1): 33 kBProgress (1): 37 kBProgress (1): 39 kBProgress (1): 42 kBProgress (1): 45 kB                   Downloaded from central: https://repo.maven.apache.org/maven2/org/apache/maven/maven-parent/35/maven-parent-35.pom (45 kB at 905 kB/s)
Downloading from central: https://repo.maven.apache.org/maven2/org/apache/apache/25/apache-25.pom
Progress (1): 743 BProgress (1): 1.6 kBProgress (1): 3.4 kBProgress (1): 5.5 kBProgress (1): 9.0 kBProgress (1): 14 kB Progress (1): 17 kBProgress (1): 19 kBProgress (1): 21 kB                   Downloaded from central: https://repo.maven.apache.org/maven2/org/apache/apache/25/apache-25.pom (21 kB at 456 kB/s)
Downloading from central: https://repo.maven.apache.org/maven2/org/apache/maven/plugins/maven-clean-plugin/3.2.0/maven-clean-plugin-3.2.0.jar
Progress (1): 0.9/36 kBProgress (1): 2.3/36 kBProgress (1): 3.6/36 kBProgress (1): 5.0/36 kBProgress (1): 6.4/36 kBProgress (1): 7.7/36 kBProgress (1): 9.1/36 kBProgress (1): 10/36 kB Progress (1): 11/36 kBProgress (1): 13/36 kBProgress (1): 14/36 kBProgress (1): 15/36 kBProgress (1): 17/36 kBProgress (1): 18/36 kBProgress (1): 20/36 kBProgress (1): 21/36 kBProgress (1): 22/36 kBProgress (1): 24/36 kBProgress (1): 25/36 kBProgress (1): 26/36 kBProgress (1): 28/36 kBProgress (1): 29/36 kBProgress (1): 33/36 kBProgress (1): 36 kB                      Downloaded from central: https://repo.maven.apache.org/maven2/org/apache/maven/plugins/maven-clean-plugin/3.2.0/maven-clean-plugin-3.2.0.jar (36 kB at 849 kB/s)
Downloading from central: https://repo.maven.apache.org/maven2/org/apache/maven/plugins/maven-resources-plugin/3.4.0/maven-resources-plugin-3.4.0.pom
Progress (1): 766 BProgress (1): 2.1 kBProgress (1): 4.9 kBProgress (1): 7.4 kBProgress (1): 7.9 kB                    Downloaded from central: https://repo.maven.apache.org/maven2/org/apache/maven/plugins/maven-resources-plugin/3.4.0/maven-resources-plugin-3.4.0.pom (7.9 kB at 225 kB/s)
Downloading from central: https://repo.maven.apache.org/maven2/org/apache/maven/plugins/maven-plugins/45/maven-plugins-45.pom
Progress (1): 772 BProgress (1): 2.3 kBProgress (1): 4.9 kBProgress (1): 7.8 kBProgress (1): 8.4 kB                    Downloaded from central: https://repo.maven.apache.org/maven2/org/apache/maven/plugins/maven-plugins/45/maven-plugins-45.pom (8.4 kB at 239 kB/s)
Downloading from central: https://repo.maven.apache.org/maven2/org/apache/maven/maven-parent/45/maven-parent-45.pom
Progress (1): 708 BProgress (1): 1.9 kBProgress (1): 5.5 kBProgress (1): 9.7 kBProgress (1): 14 kB Progress (1): 19 kBProgress (1): 23 kBProgress (1): 25 kBProgress (1): 27 kBProgress (1): 29 kBProgress (1): 33 kBProgress (1): 37 kBProgress (1): 39 kBProgress (1): 42 kBProgress (1): 45 kBProgress (1): 50 kBProgress (1): 50 kBProgress (1): 53 kB                   Downloaded from central: https://repo.maven.apache.org/maven2/org/apache/maven/maven-parent/45/maven-parent-45.pom (53 kB at 1.4 MB/s)
Downloading from central: https://repo.maven.apache.org/maven2/org/apache/apache/35/apache-35.pom
Progress (1): 739 BProgress (1): 2.1 kBProgress (1): 4.0 kBProgress (1): 5.9 kBProgress (1): 11 kB Progress (1): 15 kBProgress (1): 19 kBProgress (1): 20 kBProgress (1): 22 kBProgress (1): 24 kB                   Downloaded from central: https://repo.maven.apache.org/maven2/org/apache/apache/35/apache-35.pom (24 kB at 758 kB/s)
Downloading from central: https://repo.maven.apache.org/maven2/org/junit/junit-bom/5.13.1/junit-bom-5.13.1.pom
Progress (1): 908 BProgress (1): 4.1 kBProgress (1): 5.6 kB                    Downloaded from central: https://repo.maven.apache.org/maven2/org/junit/junit-bom/5.13.1/junit-bom-5.13.1.pom (5.6 kB at 149 kB/s)
Downloading from central: https://repo.maven.apache.org/maven2/org/apache/maven/plugins/maven-resources-plugin/3.4.0/maven-resources-plugin-3.4.0.jar
Progress (1): 3.8/31 kBProgress (1): 8.0/31 kBProgress (1): 12/31 kB Progress (1): 15/31 kBProgress (1): 20/31 kBProgress (1): 24/31 kBProgress (1): 28/31 kBProgress (1): 31 kB                      Downloaded from central: https://repo.maven.apache.org/maven2/org/apache/maven/plugins/maven-resources-plugin/3.4.0/maven-resources-plugin-3.4.0.jar (31 kB at 907 kB/s)
Downloading from central: https://repo.maven.apache.org/maven2/org/apache/maven/plugins/maven-compiler-plugin/3.13.0/maven-compiler-plugin-3.13.0.pom
Progress (1): 762 BProgress (1): 2.2 kBProgress (1): 5.0 kBProgress (1): 8.5 kBProgress (1): 10 kB                    Downloaded from central: https://repo.maven.apache.org/maven2/org/apache/maven/plugins/maven-compiler-plugin/3.13.0/maven-compiler-plugin-3.13.0.pom (10 kB at 298 kB/s)
Downloading from central: https://repo.maven.apache.org/maven2/org/apache/maven/plugins/maven-plugins/41/maven-plugins-41.pom
Progress (1): 773 BProgress (1): 2.4 kBProgress (1): 4.9 kBProgress (1): 7.4 kB                    Downloaded from central: https://repo.maven.apache.org/maven2/org/apache/maven/plugins/maven-plugins/41/maven-plugins-41.pom (7.4 kB at 230 kB/s)
Downloading from central: https://repo.maven.apache.org/maven2/org/apache/maven/maven-parent/41/maven-parent-41.pom
Progress (1): 724 BProgress (1): 1.9 kBProgress (1): 5.5 kBProgress (1): 9.9 kBProgress (1): 14 kB Progress (1): 19 kBProgress (1): 23 kBProgress (1): 25 kBProgress (1): 27 kBProgress (1): 29 kBProgress (1): 32 kBProgress (1): 36 kBProgress (1): 38 kBProgress (1): 41 kBProgress (1): 44 kBProgress (1): 50 kBProgress (1): 50 kB                   Downloaded from central: https://repo.maven.apache.org/maven2/org/apache/maven/maven-parent/41/maven-parent-41.pom (50 kB at 1.4 MB/s)
Downloading from central: https://repo.maven.apache.org/maven2/org/apache/apache/31/apache-31.pom
Progress (1): 739 BProgress (1): 2.1 kBProgress (1): 3.9 kBProgress (1): 6.2 kBProgress (1): 11 kB Progress (1): 16 kBProgress (1): 20 kBProgress (1): 21 kBProgress (1): 23 kBProgress (1): 24 kB                   Downloaded from central: https://repo.maven.apache.org/maven2/org/apache/apache/31/apache-31.pom (24 kB at 713 kB/s)
Downloading from central: https://repo.maven.apache.org/maven2/org/apache/maven/plugins/maven-compiler-plugin/3.13.0/maven-compiler-plugin-3.13.0.jar
Progress (1): 3.8/83 kBProgress (1): 8.0/83 kBProgress (1): 12/83 kB Progress (1): 16/83 kBProgress (1): 21/83 kBProgress (1): 24/83 kBProgress (1): 28/83 kBProgress (1): 45/83 kBProgress (1): 61/83 kBProgress (1): 77/83 kBProgress (1): 83 kB                      Downloaded from central: https://repo.maven.apache.org/maven2/org/apache/maven/plugins/maven-compiler-plugin/3.13.0/maven-compiler-plugin-3.13.0.jar (83 kB at 2.2 MB/s)
Downloading from central: https://repo.maven.apache.org/maven2/org/apache/maven/plugins/maven-surefire-plugin/3.5.4/maven-surefire-plugin-3.5.4.pom
Progress (1): 827 BProgress (1): 3.3 kBProgress (1): 4.9 kB                    Downloaded from central: https://repo.maven.apache.org/maven2/org/apache/maven/plugins/maven-surefire-plugin/3.5.4/maven-surefire-plugin-3.5.4.pom (4.9 kB at 143 kB/s)
Downloading from central: https://repo.maven.apache.org/maven2/org/apache/maven/surefire/surefire/3.5.4/surefire-3.5.4.pom
Progress (1): 791 BProgress (1): 2.4 kBProgress (1): 4.1 kBProgress (1): 7.8 kBProgress (1): 11 kB Progress (1): 13 kBProgress (1): 16 kBProgress (1): 18 kBProgress (1): 19 kB                   Downloaded from central: https://repo.maven.apache.org/maven2/org/apache/maven/surefire/surefire/3.5.4/surefire-3.5.4.pom (19 kB at 504 kB/s)
Downloading from central: https://repo.maven.apache.org/maven2/org/apache/maven/maven-parent/44/maven-parent-44.pom
Progress (1): 708 BProgress (1): 1.9 kBProgress (1): 5.5 kBProgress (1): 9.7 kBProgress (1): 14 kB Progress (1): 19 kBProgress (1): 23 kBProgress (1): 26 kBProgress (1): 28 kBProgress (1): 32 kBProgress (1): 36 kBProgress (1): 39 kBProgress (1): 42 kBProgress (1): 45 kBProgress (1): 49 kBProgress (1): 49 kBProgress (1): 52 kB                   Downloaded from central: https://repo.maven.apache.org/maven2/org/apache/maven/maven-parent/44/maven-parent-44.pom (52 kB at 1.2 MB/s)
Downloading from central: https://repo.maven.apache.org/maven2/org/apache/apache/34/apache-34.pom
Progress (1): 737 BProgress (1): 2.0 kBProgress (1): 4.0 kBProgress (1): 5.9 kBProgress (1): 11 kB Progress (1): 15 kBProgress (1): 19 kBProgress (1): 22 kBProgress (1): 24 kB                   Downloaded from central: https://repo.maven.apache.org/maven2/org/apache/apache/34/apache-34.pom (24 kB at 516 kB/s)
Downloading from central: https://repo.maven.apache.org/maven2/org/junit/junit-bom/5.12.1/junit-bom-5.12.1.pom
Progress (1): 908 BProgress (1): 4.1 kBProgress (1): 5.6 kB                    Downloaded from central: https://repo.maven.apache.org/maven2/org/junit/junit-bom/5.12.1/junit-bom-5.12.1.pom (5.6 kB at 226 kB/s)
Downloading from central: https://repo.maven.apache.org/maven2/org/apache/maven/plugins/maven-surefire-plugin/3.5.4/maven-surefire-plugin-3.5.4.jar
Progress (1): 7.7/46 kBProgress (1): 16/46 kB Progress (1): 28/46 kBProgress (1): 44/46 kBProgress (1): 46 kB                      Downloaded from central: https://repo.maven.apache.org/maven2/org/apache/maven/plugins/maven-surefire-plugin/3.5.4/maven-surefire-plugin-3.5.4.jar (46 kB at 1.6 MB/s)
Downloading from central: https://repo.maven.apache.org/maven2/org/apache/maven/plugins/maven-jar-plugin/3.5.0/maven-jar-plugin-3.5.0.pom
Progress (1): 778 BProgress (1): 2.2 kBProgress (1): 4.7 kBProgress (1): 7.1 kBProgress (1): 7.6 kB                    Downloaded from central: https://repo.maven.apache.org/maven2/org/apache/maven/plugins/maven-jar-plugin/3.5.0/maven-jar-plugin-3.5.0.pom (7.6 kB at 191 kB/s)
Downloading from central: https://repo.maven.apache.org/maven2/org/apache/maven/plugins/maven-jar-plugin/3.5.0/maven-jar-plugin-3.5.0.jar
Progress (1): 7.7/35 kBProgress (1): 15/35 kB Progress (1): 32/35 kBProgress (1): 35 kB                      Downloaded from central: https://repo.maven.apache.org/maven2/org/apache/maven/plugins/maven-jar-plugin/3.5.0/maven-jar-plugin-3.5.0.jar (35 kB at 1.0 MB/s)
Downloading from central: https://repo.maven.apache.org/maven2/org/apache/maven/plugins/maven-shade-plugin/3.6.0/maven-shade-plugin-3.6.0.pom
Progress (1): 773 BProgress (1): 2.3 kBProgress (1): 4.9 kBProgress (1): 8.0 kBProgress (1): 11 kB Progress (1): 12 kB                   Downloaded from central: https://repo.maven.apache.org/maven2/org/apache/maven/plugins/maven-shade-plugin/3.6.0/maven-shade-plugin-3.6.0.pom (12 kB at 314 kB/s)
Downloading from central: https://repo.maven.apache.org/maven2/org/apache/maven/plugins/maven-plugins/42/maven-plugins-42.pom
Progress (1): 773 BProgress (1): 2.4 kBProgress (1): 4.9 kBProgress (1): 7.7 kB                    Downloaded from central: https://repo.maven.apache.org/maven2/org/apache/maven/plugins/maven-plugins/42/maven-plugins-42.pom (7.7 kB at 226 kB/s)
Downloading from central: https://repo.maven.apache.org/maven2/org/apache/maven/maven-parent/42/maven-parent-42.pom
Progress (1): 780 BProgress (1): 2.1 kBProgress (1): 6.0 kBProgress (1): 7.7 kBProgress (1): 12 kB Progress (1): 16 kBProgress (1): 21 kBProgress (1): 25 kBProgress (1): 27 kBProgress (1): 29 kBProgress (1): 32 kBProgress (1): 35 kBProgress (1): 38 kBProgress (1): 41 kBProgress (1): 44 kBProgress (1): 49 kBProgress (1): 50 kB                   Downloaded from central: https://repo.maven.apache.org/maven2/org/apache/maven/maven-parent/42/maven-parent-42.pom (50 kB at 1.5 MB/s)
Downloading from central: https://repo.maven.apache.org/maven2/org/apache/apache/32/apache-32.pom
Progress (1): 809 BProgress (1): 2.2 kBProgress (1): 3.9 kBProgress (1): 5.8 kBProgress (1): 10 kB Progress (1): 16 kBProgress (1): 19 kBProgress (1): 22 kBProgress (1): 24 kB                   Downloaded from central: https://repo.maven.apache.org/maven2/org/apache/apache/32/apache-32.pom (24 kB at 756 kB/s)
Downloading from central: https://repo.maven.apache.org/maven2/org/junit/junit-bom/5.10.2/junit-bom-5.10.2.pom
Progress (1): 908 BProgress (1): 4.1 kBProgress (1): 5.6 kB                    Downloaded from central: https://repo.maven.apache.org/maven2/org/junit/junit-bom/5.10.2/junit-bom-5.10.2.pom (5.6 kB at 166 kB/s)
Downloading from central: https://repo.maven.apache.org/maven2/org/apache/maven/plugins/maven-shade-plugin/3.6.0/maven-shade-plugin-3.6.0.jar
Progress (1): 7.7/150 kBProgress (1): 16/150 kB Progress (1): 32/150 kBProgress (1): 49/150 kBProgress (1): 57/150 kBProgress (1): 73/150 kBProgress (1): 90/150 kBProgress (1): 106/150 kBProgress (1): 122/150 kBProgress (1): 139/150 kBProgress (1): 150 kB                        Downloaded from central: https://repo.maven.apache.org/maven2/org/apache/maven/plugins/maven-shade-plugin/3.6.0/maven-shade-plugin-3.6.0.jar (150 kB at 4.2 MB/s)
Downloading from paper-repo: https://repo.papermc.io/repository/maven-public/io/papermc/paper/paper-api/26.2.build.123-stable/paper-api-26.2.build.123-stable.pom
Progress (1): 0.3/5.1 kBProgress (1): 1.7/5.1 kBProgress (1): 3.0/5.1 kBProgress (1): 4.4/5.1 kBProgress (1): 5.1 kB                        Downloaded from paper-repo: https://repo.papermc.io/repository/maven-public/io/papermc/paper/paper-api/26.2.build.123-stable/paper-api-26.2.build.123-stable.pom (5.1 kB at 26 kB/s)
Downloading from paper-repo: https://repo.papermc.io/repository/maven-public/net/kyori/adventure-bom/5.2.0/adventure-bom-5.2.0.pom
Progress (1): 0.2/4.6 kBProgress (1): 1.6/4.6 kBProgress (1): 3.0/4.6 kBProgress (1): 4.4/4.6 kBProgress (1): 4.6 kB                        Downloaded from paper-repo: https://repo.papermc.io/repository/maven-public/net/kyori/adventure-bom/5.2.0/adventure-bom-5.2.0.pom (4.6 kB at 307 kB/s)
Downloading from paper-repo: https://repo.papermc.io/repository/maven-public/com/google/guava/guava/33.6.0-jre/guava-33.6.0-jre.pom
Progress (1): 0.3/9.8 kBProgress (1): 1.6/9.8 kBProgress (1): 3.0/9.8 kBProgress (1): 4.4/9.8 kBProgress (1): 5.5/9.8 kBProgress (1): 6.9/9.8 kBProgress (1): 8.3/9.8 kBProgress (1): 9.6/9.8 kBProgress (1): 9.8 kB                        Downloaded from paper-repo: https://repo.papermc.io/repository/maven-public/com/google/guava/guava/33.6.0-jre/guava-33.6.0-jre.pom (9.8 kB at 515 kB/s)
Downloading from paper-repo: https://repo.papermc.io/repository/maven-public/com/google/guava/guava-parent/33.6.0-jre/guava-parent-33.6.0-jre.pom
Progress (1): 0.2/26 kBProgress (1): 1.6/26 kBProgress (1): 3.0/26 kBProgress (1): 4.3/26 kBProgress (1): 5.7/26 kBProgress (1): 7.1/26 kBProgress (1): 8.4/26 kBProgress (1): 9.8/26 kBProgress (1): 11/26 kB Progress (1): 13/26 kBProgress (1): 14/26 kBProgress (1): 15/26 kBProgress (1): 17/26 kBProgress (1): 18/26 kBProgress (1): 19/26 kBProgress (1): 21/26 kBProgress (1): 22/26 kBProgress (1): 23/26 kBProgress (1): 25/26 kBProgress (1): 26/26 kBProgress (1): 26 kB                      Downloaded from paper-repo: https://repo.papermc.io/repository/maven-public/com/google/guava/guava-parent/33.6.0-jre/guava-parent-33.6.0-jre.pom (26 kB at 1.0 MB/s)
Downloading from paper-repo: https://repo.papermc.io/repository/maven-public/com/google/guava/failureaccess/1.0.3/failureaccess-1.0.3.pom
Progress (1): 0.2/5.6 kBProgress (1): 4.5/5.6 kBProgress (1): 5.5/5.6 kBProgress (1): 5.6 kB                        Downloaded from paper-repo: https://repo.papermc.io/repository/maven-public/com/google/guava/failureaccess/1.0.3/failureaccess-1.0.3.pom (5.6 kB at 348 kB/s)
Downloading from paper-repo: https://repo.papermc.io/repository/maven-public/com/google/guava/guava-parent/33.4.0-android/guava-parent-33.4.0-android.pom
Progress (1): 3.1/22 kBProgress (1): 5.5/22 kBProgress (1): 9.7/22 kBProgress (1): 14/22 kB Progress (1): 18/22 kBProgress (1): 22 kB                      Downloaded from paper-repo: https://repo.papermc.io/repository/maven-public/com/google/guava/guava-parent/33.4.0-android/guava-parent-33.4.0-android.pom (22 kB at 1.3 MB/s)
Downloading from paper-repo: https://repo.papermc.io/repository/maven-public/com/google/guava/listenablefuture/9999.0-empty-to-avoid-conflict-with-guava/listenablefuture-9999.0-empty-to-avoid-conflict-with-guava.pom
Progress (1): 2.3 kB                    Downloaded from paper-repo: https://repo.papermc.io/repository/maven-public/com/google/guava/listenablefuture/9999.0-empty-to-avoid-conflict-with-guava/listenablefuture-9999.0-empty-to-avoid-conflict-with-guava.pom (2.3 kB at 127 kB/s)
Downloading from paper-repo: https://repo.papermc.io/repository/maven-public/com/google/guava/guava-parent/26.0-android/guava-parent-26.0-android.pom
Progress (1): 3.1/10 kBProgress (1): 7.3/10 kBProgress (1): 10 kB                       Downloaded from paper-repo: https://repo.papermc.io/repository/maven-public/com/google/guava/guava-parent/26.0-android/guava-parent-26.0-android.pom (10 kB at 599 kB/s)
Downloading from paper-repo: https://repo.papermc.io/repository/maven-public/org/sonatype/oss/oss-parent/9/oss-parent-9.pom
Progress (1): 3.2/6.3 kBProgress (1): 6.3 kB                        Downloaded from paper-repo: https://repo.papermc.io/repository/maven-public/org/sonatype/oss/oss-parent/9/oss-parent-9.pom (6.3 kB at 448 kB/s)
Downloading from paper-repo: https://repo.papermc.io/repository/maven-public/org/jspecify/jspecify/1.0.0/jspecify-1.0.0.pom
Progress (1): 1.5 kB                    Downloaded from paper-repo: https://repo.papermc.io/repository/maven-public/org/jspecify/jspecify/1.0.0/jspecify-1.0.0.pom (1.5 kB at 94 kB/s)
Downloading from paper-repo: https://repo.papermc.io/repository/maven-public/com/google/errorprone/error_prone_annotations/2.47.0/error_prone_annotations-2.47.0.pom
Progress (1): 3.0/4.3 kBProgress (1): 4.3 kB                        Downloaded from paper-repo: https://repo.papermc.io/repository/maven-public/com/google/errorprone/error_prone_annotations/2.47.0/error_prone_annotations-2.47.0.pom (4.3 kB at 304 kB/s)
Downloading from paper-repo: https://repo.papermc.io/repository/maven-public/com/google/errorprone/error_prone_parent/2.47.0/error_prone_parent-2.47.0.pom
Progress (1): 3.1/16 kBProgress (1): 7.3/16 kBProgress (1): 12/16 kB Progress (1): 16/16 kBProgress (1): 16 kB                      Downloaded from paper-repo: https://repo.papermc.io/repository/maven-public/com/google/errorprone/error_prone_parent/2.47.0/error_prone_parent-2.47.0.pom (16 kB at 882 kB/s)
Downloading from paper-repo: https://repo.papermc.io/repository/maven-public/com/google/j2objc/j2objc-annotations/3.1/j2objc-annotations-3.1.pom
Progress (1): 3.1/5.4 kBProgress (1): 5.4 kB                        Downloaded from paper-repo: https://repo.papermc.io/repository/maven-public/com/google/j2objc/j2objc-annotations/3.1/j2objc-annotations-3.1.pom (5.4 kB at 339 kB/s)
Downloading from paper-repo: https://repo.papermc.io/repository/maven-public/com/google/code/gson/gson/2.14.0/gson-2.14.0.pom
Progress (1): 3.1/23 kBProgress (1): 7.4/23 kBProgress (1): 12/23 kB Progress (1): 16/23 kBProgress (1): 20/23 kBProgress (1): 23 kB                      Downloaded from paper-repo: https://repo.papermc.io/repository/maven-public/com/google/code/gson/gson/2.14.0/gson-2.14.0.pom (23 kB at 1.3 MB/s)
Downloading from paper-repo: https://repo.papermc.io/repository/maven-public/com/google/code/gson/gson-parent/2.14.0/gson-parent-2.14.0.pom
Progress (1): 3.1/27 kBProgress (1): 7.3/27 kBProgress (1): 12/27 kB Progress (1): 16/27 kBProgress (1): 20/27 kBProgress (1): 24/27 kBProgress (1): 27 kB                      Downloaded from paper-repo: https://repo.papermc.io/repository/maven-public/com/google/code/gson/gson-parent/2.14.0/gson-parent-2.14.0.pom (27 kB at 1.5 MB/s)
Downloading from paper-repo: https://repo.papermc.io/repository/maven-public/com/google/errorprone/error_prone_annotations/2.48.0/error_prone_annotations-2.48.0.pom
Progress (1): 3.0/4.3 kBProgress (1): 4.3 kB                        Downloaded from paper-repo: https://repo.papermc.io/repository/maven-public/com/google/errorprone/error_prone_annotations/2.48.0/error_prone_annotations-2.48.0.pom (4.3 kB at 283 kB/s)
Downloading from paper-repo: https://repo.papermc.io/repository/maven-public/com/google/errorprone/error_prone_parent/2.48.0/error_prone_parent-2.48.0.pom
Progress (1): 16 kB                   Downloaded from paper-repo: https://repo.papermc.io/repository/maven-public/com/google/errorprone/error_prone_parent/2.48.0/error_prone_parent-2.48.0.pom (16 kB at 882 kB/s)
Downloading from paper-repo: https://repo.papermc.io/repository/maven-public/org/yaml/snakeyaml/2.2/snakeyaml-2.2.pom
Progress (1): 7.1/21 kBProgress (1): 15/21 kB Progress (1): 21 kB                      Downloaded from paper-repo: https://repo.papermc.io/repository/maven-public/org/yaml/snakeyaml/2.2/snakeyaml-2.2.pom (21 kB at 1.4 MB/s)
Downloading from paper-repo: https://repo.papermc.io/repository/maven-public/org/joml/joml/1.10.8/joml-1.10.8.pom
Progress (1): 1.5 kB                    Downloaded from paper-repo: https://repo.papermc.io/repository/maven-public/org/joml/joml/1.10.8/joml-1.10.8.pom (1.5 kB at 69 kB/s)
Downloading from paper-repo: https://repo.papermc.io/repository/maven-public/it/unimi/dsi/fastutil/8.5.18/fastutil-8.5.18.pom
Progress (1): 1.6 kB                    Downloaded from paper-repo: https://repo.papermc.io/repository/maven-public/it/unimi/dsi/fastutil/8.5.18/fastutil-8.5.18.pom (1.6 kB at 113 kB/s)
Downloading from paper-repo: https://repo.papermc.io/repository/maven-public/org/apache/logging/log4j/log4j-api/2.26.0/log4j-api-2.26.0.pom
Progress (1): 4.5 kB                    Downloaded from paper-repo: https://repo.papermc.io/repository/maven-public/org/apache/logging/log4j/log4j-api/2.26.0/log4j-api-2.26.0.pom (4.5 kB at 322 kB/s)
Downloading from paper-repo: https://repo.papermc.io/repository/maven-public/org/apache/logging/log4j/log4j/2.26.0/log4j-2.26.0.pom
Progress (1): 7.1/41 kBProgress (1): 15/41 kB Progress (1): 25/41 kBProgress (1): 41/41 kBProgress (1): 41 kB                      Downloaded from paper-repo: https://repo.papermc.io/repository/maven-public/org/apache/logging/log4j/log4j/2.26.0/log4j-2.26.0.pom (41 kB at 2.8 MB/s)
Downloading from paper-repo: https://repo.papermc.io/repository/maven-public/org/apache/logging/log4j/log4j-bom/2.26.0/log4j-bom-2.26.0.pom
Progress (1): 7.1/12 kBProgress (1): 12 kB                       Downloaded from paper-repo: https://repo.papermc.io/repository/maven-public/org/apache/logging/log4j/log4j-bom/2.26.0/log4j-bom-2.26.0.pom (12 kB at 767 kB/s)
Downloading from paper-repo: https://repo.papermc.io/repository/maven-public/org/apache/groovy/groovy-bom/4.0.27/groovy-bom-4.0.27.pom
Progress (1): 7.1/27 kBProgress (1): 15/27 kB Progress (1): 27 kB                      Downloaded from paper-repo: https://repo.papermc.io/repository/maven-public/org/apache/groovy/groovy-bom/4.0.27/groovy-bom-4.0.27.pom (27 kB at 115 kB/s)
Downloading from paper-repo: https://repo.papermc.io/repository/maven-public/com/fasterxml/jackson/jackson-bom/2.19.2/jackson-bom-2.19.2.pom
Progress (1): 7.2/20 kBProgress (1): 15/20 kB Progress (1): 20 kB                      Downloaded from paper-repo: https://repo.papermc.io/repository/maven-public/com/fasterxml/jackson/jackson-bom/2.19.2/jackson-bom-2.19.2.pom (20 kB at 1.1 MB/s)
Downloading from paper-repo: https://repo.papermc.io/repository/maven-public/com/fasterxml/jackson/jackson-parent/2.19.3/jackson-parent-2.19.3.pom
Progress (1): 6.5 kB                    Downloaded from paper-repo: https://repo.papermc.io/repository/maven-public/com/fasterxml/jackson/jackson-parent/2.19.3/jackson-parent-2.19.3.pom (6.5 kB at 406 kB/s)
Downloading from paper-repo: https://repo.papermc.io/repository/maven-public/com/fasterxml/oss-parent/69/oss-parent-69.pom
Progress (1): 5.5/24 kBProgress (1): 22/24 kB Progress (1): 24 kB                      Downloaded from paper-repo: https://repo.papermc.io/repository/maven-public/com/fasterxml/oss-parent/69/oss-parent-69.pom (24 kB at 1.7 MB/s)
Downloading from paper-repo: https://repo.papermc.io/repository/maven-public/jakarta/platform/jakarta.jakartaee-bom/9.1.0/jakarta.jakartaee-bom-9.1.0.pom
Progress (1): 7.0/9.6 kBProgress (1): 9.6 kB                        Downloaded from paper-repo: https://repo.papermc.io/repository/maven-public/jakarta/platform/jakarta.jakartaee-bom/9.1.0/jakarta.jakartaee-bom-9.1.0.pom (9.6 kB at 503 kB/s)
Downloading from paper-repo: https://repo.papermc.io/repository/maven-public/jakarta/platform/jakartaee-api-parent/9.1.0/jakartaee-api-parent-9.1.0.pom
Progress (1): 7.0/15 kBProgress (1): 15 kB                       Downloaded from paper-repo: https://repo.papermc.io/repository/maven-public/jakarta/platform/jakartaee-api-parent/9.1.0/jakartaee-api-parent-9.1.0.pom (15 kB at 928 kB/s)
Downloading from paper-repo: https://repo.papermc.io/repository/maven-public/org/eclipse/ee4j/project/1.0.7/project-1.0.7.pom
Progress (1): 7.1/14 kBProgress (1): 14 kB                       Downloaded from paper-repo: https://repo.papermc.io/repository/maven-public/org/eclipse/ee4j/project/1.0.7/project-1.0.7.pom (14 kB at 945 kB/s)
Downloading from paper-repo: https://repo.papermc.io/repository/maven-public/org/junit/junit-bom/5.13.4/junit-bom-5.13.4.pom
Progress (1): 5.7 kB                    Downloaded from paper-repo: https://repo.papermc.io/repository/maven-public/org/junit/junit-bom/5.13.4/junit-bom-5.13.4.pom (5.7 kB at 405 kB/s)
Downloading from paper-repo: https://repo.papermc.io/repository/maven-public/org/mockito/mockito-bom/4.11.0/mockito-bom-4.11.0.pom
Progress (1): 3.2 kB                    Downloaded from paper-repo: https://repo.papermc.io/repository/maven-public/org/mockito/mockito-bom/4.11.0/mockito-bom-4.11.0.pom (3.2 kB at 263 kB/s)
Downloading from paper-repo: https://repo.papermc.io/repository/maven-public/org/springframework/spring-framework-bom/5.3.39/spring-framework-bom-5.3.39.pom
Progress (1): 5.7 kB                    Downloaded from paper-repo: https://repo.papermc.io/repository/maven-public/org/springframework/spring-framework-bom/5.3.39/spring-framework-bom-5.3.39.pom (5.7 kB at 314 kB/s)
Downloading from paper-repo: https://repo.papermc.io/repository/maven-public/org/slf4j/slf4j-api/2.0.17/slf4j-api-2.0.17.pom
Progress (1): 2.8 kB                    Downloaded from paper-repo: https://repo.papermc.io/repository/maven-public/org/slf4j/slf4j-api/2.0.17/slf4j-api-2.0.17.pom (2.8 kB at 202 kB/s)
Downloading from paper-repo: https://repo.papermc.io/repository/maven-public/org/slf4j/slf4j-parent/2.0.17/slf4j-parent-2.0.17.pom
Progress (1): 7.1/13 kBProgress (1): 13 kB                       Downloaded from paper-repo: https://repo.papermc.io/repository/maven-public/org/slf4j/slf4j-parent/2.0.17/slf4j-parent-2.0.17.pom (13 kB at 835 kB/s)
Downloading from paper-repo: https://repo.papermc.io/repository/maven-public/org/slf4j/slf4j-bom/2.0.17/slf4j-bom-2.0.17.pom
Progress (1): 7.1/7.3 kBProgress (1): 7.3 kB                        Downloaded from paper-repo: https://repo.papermc.io/repository/maven-public/org/slf4j/slf4j-bom/2.0.17/slf4j-bom-2.0.17.pom (7.3 kB at 348 kB/s)
Downloading from paper-repo: https://repo.papermc.io/repository/maven-public/com/mojang/brigadier/1.3.10/brigadier-1.3.10.pom
Progress (1): 393 B                   Downloaded from paper-repo: https://repo.papermc.io/repository/maven-public/com/mojang/brigadier/1.3.10/brigadier-1.3.10.pom (393 B at 20 kB/s)
Downloading from paper-repo: https://repo.papermc.io/repository/maven-public/net/md-5/bungeecord-chat/1.21-R0.2-deprecated+build.21/bungeecord-chat-1.21-R0.2-deprecated+build.21.pom
Progress (1): 1.2 kB                    Downloaded from paper-repo: https://repo.papermc.io/repository/maven-public/net/md-5/bungeecord-chat/1.21-R0.2-deprecated+build.21/bungeecord-chat-1.21-R0.2-deprecated+build.21.pom (1.2 kB at 78 kB/s)
Downloading from paper-repo: https://repo.papermc.io/repository/maven-public/com/google/code/gson/gson/2.8.8/gson-2.8.8.pom
Progress (1): 6.0 kB                    Downloaded from paper-repo: https://repo.papermc.io/repository/maven-public/com/google/code/gson/gson/2.8.8/gson-2.8.8.pom (6.0 kB at 426 kB/s)
Downloading from paper-repo: https://repo.papermc.io/repository/maven-public/com/google/code/gson/gson-parent/2.8.8/gson-parent-2.8.8.pom
Progress (1): 4.6 kB                    Downloaded from paper-repo: https://repo.papermc.io/repository/maven-public/com/google/code/gson/gson-parent/2.8.8/gson-parent-2.8.8.pom (4.6 kB at 461 kB/s)
Downloading from paper-repo: https://repo.papermc.io/repository/maven-public/org/sonatype/oss/oss-parent/7/oss-parent-7.pom
Progress (1): 4.6 kB                    Downloaded from paper-repo: https://repo.papermc.io/repository/maven-public/org/sonatype/oss/oss-parent/7/oss-parent-7.pom (4.6 kB at 356 kB/s)
Downloading from paper-repo: https://repo.papermc.io/repository/maven-public/org/apache/maven/maven-resolver-provider/3.9.6/maven-resolver-provider-3.9.6.pom
Progress (1): 4.5 kB                    Downloaded from paper-repo: https://repo.papermc.io/repository/maven-public/org/apache/maven/maven-resolver-provider/3.9.6/maven-resolver-provider-3.9.6.pom (4.5 kB at 281 kB/s)
Downloading from paper-repo: https://repo.papermc.io/repository/maven-public/org/apache/maven/maven/3.9.6/maven-3.9.6.pom
Progress (1): 7.1/29 kBProgress (1): 8.2/29 kBProgress (1): 25/29 kB Progress (1): 29 kB                      Downloaded from paper-repo: https://repo.papermc.io/repository/maven-public/org/apache/maven/maven/3.9.6/maven-3.9.6.pom (29 kB at 1.7 MB/s)
Downloading from paper-repo: https://repo.papermc.io/repository/maven-public/org/apache/maven/maven-model/3.9.6/maven-model-3.9.6.pom
Progress (1): 2.7 kB                    Downloaded from paper-repo: https://repo.papermc.io/repository/maven-public/org/apache/maven/maven-model/3.9.6/maven-model-3.9.6.pom (2.7 kB at 181 kB/s)
Downloading from paper-repo: https://repo.papermc.io/repository/maven-public/org/codehaus/plexus/plexus-utils/3.5.1/plexus-utils-3.5.1.pom
Progress (1): 7.1/8.8 kBProgress (1): 8.8 kB                        Downloaded from paper-repo: https://repo.papermc.io/repository/maven-public/org/codehaus/plexus/plexus-utils/3.5.1/plexus-utils-3.5.1.pom (8.8 kB at 626 kB/s)
Downloading from paper-repo: https://repo.papermc.io/repository/maven-public/org/codehaus/plexus/plexus/10/plexus-10.pom
Progress (1): 7.1/25 kBProgress (1): 15/25 kB Progress (1): 25 kB                      Downloaded from paper-repo: https://repo.papermc.io/repository/maven-public/org/codehaus/plexus/plexus/10/plexus-10.pom (25 kB at 1.5 MB/s)
Downloading from paper-repo: https://repo.papermc.io/repository/maven-public/org/apache/maven/maven-model-builder/3.9.6/maven-model-builder-3.9.6.pom
Progress (1): 3.5 kB                    Downloaded from paper-repo: https://repo.papermc.io/repository/maven-public/org/apache/maven/maven-model-builder/3.9.6/maven-model-builder-3.9.6.pom (3.5 kB at 272 kB/s)
Downloading from paper-repo: https://repo.papermc.io/repository/maven-public/org/codehaus/plexus/plexus-interpolation/1.26/plexus-interpolation-1.26.pom
Progress (1): 2.7 kB                    Downloaded from paper-repo: https://repo.papermc.io/repository/maven-public/org/codehaus/plexus/plexus-interpolation/1.26/plexus-interpolation-1.26.pom (2.7 kB at 204 kB/s)
Downloading from paper-repo: https://repo.papermc.io/repository/maven-public/org/codehaus/plexus/plexus/5.1/plexus-5.1.pom
Progress (1): 7.1/23 kBProgress (1): 15/23 kB Progress (1): 22/23 kBProgress (1): 23 kB                      Downloaded from paper-repo: https://repo.papermc.io/repository/maven-public/org/codehaus/plexus/plexus/5.1/plexus-5.1.pom (23 kB at 1.6 MB/s)
Downloading from paper-repo: https://repo.papermc.io/repository/maven-public/javax/inject/javax.inject/1/javax.inject-1.pom
Progress (1): 612 B                   Downloaded from paper-repo: https://repo.papermc.io/repository/maven-public/javax/inject/javax.inject/1/javax.inject-1.pom (612 B at 4.0 kB/s)
Downloading from paper-repo: https://repo.papermc.io/repository/maven-public/org/apache/maven/maven-artifact/3.9.6/maven-artifact-3.9.6.pom
Progress (1): 2.3 kB                    Downloaded from paper-repo: https://repo.papermc.io/repository/maven-public/org/apache/maven/maven-artifact/3.9.6/maven-artifact-3.9.6.pom (2.3 kB at 145 kB/s)
Downloading from paper-repo: https://repo.papermc.io/repository/maven-public/org/apache/commons/commons-lang3/3.12.0/commons-lang3-3.12.0.pom
Progress (1): 7.1/31 kBProgress (1): 15/31 kB Progress (1): 25/31 kBProgress (1): 31 kB                      Downloaded from paper-repo: https://repo.papermc.io/repository/maven-public/org/apache/commons/commons-lang3/3.12.0/commons-lang3-3.12.0.pom (31 kB at 2.0 MB/s)
Downloading from paper-repo: https://repo.papermc.io/repository/maven-public/org/apache/commons/commons-parent/52/commons-parent-52.pom
Progress (1): 7.1/79 kBProgress (1): 15/79 kB Progress (1): 22/79 kBProgress (1): 38/79 kBProgress (1): 55/79 kBProgress (1): 71/79 kBProgress (1): 79 kB                      Downloaded from paper-repo: https://repo.papermc.io/repository/maven-public/org/apache/commons/commons-parent/52/commons-parent-52.pom (79 kB at 5.0 MB/s)
Downloading from paper-repo: https://repo.papermc.io/repository/maven-public/org/apache/apache/23/apache-23.pom
Progress (1): 7.2/18 kBProgress (1): 15/18 kB Progress (1): 18 kB                      Downloaded from paper-repo: https://repo.papermc.io/repository/maven-public/org/apache/apache/23/apache-23.pom (18 kB at 1.4 MB/s)
Downloading from paper-repo: https://repo.papermc.io/repository/maven-public/org/junit/junit-bom/5.7.1/junit-bom-5.7.1.pom
Progress (1): 5.1 kB                    Downloaded from paper-repo: https://repo.papermc.io/repository/maven-public/org/junit/junit-bom/5.7.1/junit-bom-5.7.1.pom (5.1 kB at 283 kB/s)
Downloading from paper-repo: https://repo.papermc.io/repository/maven-public/org/apache/maven/maven-builder-support/3.9.6/maven-builder-support-3.9.6.pom
Progress (1): 1.4 kB                    Downloaded from paper-repo: https://repo.papermc.io/repository/maven-public/org/apache/maven/maven-builder-support/3.9.6/maven-builder-support-3.9.6.pom (1.4 kB at 98 kB/s)
Downloading from paper-repo: https://repo.papermc.io/repository/maven-public/org/eclipse/sisu/org.eclipse.sisu.inject/0.9.0.M2/org.eclipse.sisu.inject-0.9.0.M2.pom
Progress (1): 7.0/17 kBProgress (1): 15/17 kB Progress (1): 17 kB                      Downloaded from paper-repo: https://repo.papermc.io/repository/maven-public/org/eclipse/sisu/org.eclipse.sisu.inject/0.9.0.M2/org.eclipse.sisu.inject-0.9.0.M2.pom (17 kB at 1.2 MB/s)
Downloading from paper-repo: https://repo.papermc.io/repository/maven-public/org/eclipse/sisu/sisu-inject/0.9.0.M2/sisu-inject-0.9.0.M2.pom
Progress (1): 7.2/15 kBProgress (1): 15 kB                       Downloaded from paper-repo: https://repo.papermc.io/repository/maven-public/org/eclipse/sisu/sisu-inject/0.9.0.M2/sisu-inject-0.9.0.M2.pom (15 kB at 781 kB/s)
Downloading from paper-repo: https://repo.papermc.io/repository/maven-public/org/apache/maven/maven-repository-metadata/3.9.6/maven-repository-metadata-3.9.6.pom
Progress (1): 2.1 kB                    Downloaded from paper-repo: https://repo.papermc.io/repository/maven-public/org/apache/maven/maven-repository-metadata/3.9.6/maven-repository-metadata-3.9.6.pom (2.1 kB at 137 kB/s)
Downloading from paper-repo: https://repo.papermc.io/repository/maven-public/org/apache/maven/resolver/maven-resolver-api/1.9.18/maven-resolver-api-1.9.18.pom
Progress (1): 2.7 kB                    Downloaded from paper-repo: https://repo.papermc.io/repository/maven-public/org/apache/maven/resolver/maven-resolver-api/1.9.18/maven-resolver-api-1.9.18.pom (2.7 kB at 191 kB/s)
Downloading from paper-repo: https://repo.papermc.io/repository/maven-public/org/apache/maven/resolver/maven-resolver/1.9.18/maven-resolver-1.9.18.pom
Progress (1): 7.0/22 kBProgress (1): 8.2/22 kBProgress (1): 22 kB                       Downloaded from paper-repo: https://repo.papermc.io/repository/maven-public/org/apache/maven/resolver/maven-resolver/1.9.18/maven-resolver-1.9.18.pom (22 kB at 1.7 MB/s)
Downloading from paper-repo: https://repo.papermc.io/repository/maven-public/org/apache/maven/resolver/maven-resolver-spi/1.9.18/maven-resolver-spi-1.9.18.pom
Progress (1): 2.7 kB                    Downloaded from paper-repo: https://repo.papermc.io/repository/maven-public/org/apache/maven/resolver/maven-resolver-spi/1.9.18/maven-resolver-spi-1.9.18.pom (2.7 kB at 208 kB/s)
Downloading from paper-repo: https://repo.papermc.io/repository/maven-public/org/apache/maven/resolver/maven-resolver-util/1.9.18/maven-resolver-util-1.9.18.pom
Progress (1): 2.9 kB                    Downloaded from paper-repo: https://repo.papermc.io/repository/maven-public/org/apache/maven/resolver/maven-resolver-util/1.9.18/maven-resolver-util-1.9.18.pom (2.9 kB at 204 kB/s)
Downloading from paper-repo: https://repo.papermc.io/repository/maven-public/org/apache/maven/resolver/maven-resolver-impl/1.9.18/maven-resolver-impl-1.9.18.pom
Progress (1): 4.3 kB                    Downloaded from paper-repo: https://repo.papermc.io/repository/maven-public/org/apache/maven/resolver/maven-resolver-impl/1.9.18/maven-resolver-impl-1.9.18.pom (4.3 kB at 309 kB/s)
Downloading from paper-repo: https://repo.papermc.io/repository/maven-public/org/apache/maven/resolver/maven-resolver-named-locks/1.9.18/maven-resolver-named-locks-1.9.18.pom
Progress (1): 3.2 kB                    Downloaded from paper-repo: https://repo.papermc.io/repository/maven-public/org/apache/maven/resolver/maven-resolver-named-locks/1.9.18/maven-resolver-named-locks-1.9.18.pom (3.2 kB at 248 kB/s)
Downloading from paper-repo: https://repo.papermc.io/repository/maven-public/org/slf4j/slf4j-api/1.7.36/slf4j-api-1.7.36.pom
Progress (1): 2.7 kB                    Downloaded from paper-repo: https://repo.papermc.io/repository/maven-public/org/slf4j/slf4j-api/1.7.36/slf4j-api-1.7.36.pom (2.7 kB at 18 kB/s)
Downloading from paper-repo: https://repo.papermc.io/repository/maven-public/org/slf4j/slf4j-parent/1.7.36/slf4j-parent-1.7.36.pom
Progress (1): 3.8/14 kBProgress (1): 14 kB                       Downloaded from paper-repo: https://repo.papermc.io/repository/maven-public/org/slf4j/slf4j-parent/1.7.36/slf4j-parent-1.7.36.pom (14 kB at 93 kB/s)
Downloading from paper-repo: https://repo.papermc.io/repository/maven-public/net/kyori/adventure-api/5.2.0/adventure-api-5.2.0.pom
Progress (1): 3.0 kB                    Downloaded from paper-repo: https://repo.papermc.io/repository/maven-public/net/kyori/adventure-api/5.2.0/adventure-api-5.2.0.pom (3.0 kB at 11 kB/s)
Downloading from paper-repo: https://repo.papermc.io/repository/maven-public/net/kyori/adventure-key/5.2.0/adventure-key-5.2.0.pom
Progress (1): 3.0 kB                    Downloaded from paper-repo: https://repo.papermc.io/repository/maven-public/net/kyori/adventure-key/5.2.0/adventure-key-5.2.0.pom (3.0 kB at 13 kB/s)
Downloading from paper-repo: https://repo.papermc.io/repository/maven-public/org/jetbrains/annotations/26.1.0/annotations-26.1.0.pom
Progress (1): 1.7 kB                    Downloaded from paper-repo: https://repo.papermc.io/repository/maven-public/org/jetbrains/annotations/26.1.0/annotations-26.1.0.pom (1.7 kB at 120 kB/s)
Downloading from paper-repo: https://repo.papermc.io/repository/maven-public/net/kyori/adventure-text-minimessage/5.2.0/adventure-text-minimessage-5.2.0.pom
Progress (1): 2.9 kB                    Downloaded from paper-repo: https://repo.papermc.io/repository/maven-public/net/kyori/adventure-text-minimessage/5.2.0/adventure-text-minimessage-5.2.0.pom (2.9 kB at 9.2 kB/s)
Downloading from paper-repo: https://repo.papermc.io/repository/maven-public/net/kyori/adventure-text-serializer-gson/5.2.0/adventure-text-serializer-gson-5.2.0.pom
Progress (1): 3.4 kB                    Downloaded from paper-repo: https://repo.papermc.io/repository/maven-public/net/kyori/adventure-text-serializer-gson/5.2.0/adventure-text-serializer-gson-5.2.0.pom (3.4 kB at 14 kB/s)
Downloading from paper-repo: https://repo.papermc.io/repository/maven-public/net/kyori/adventure-text-serializer-json/5.2.0/adventure-text-serializer-json-5.2.0.pom
Progress (1): 3.2 kB                    Downloaded from paper-repo: https://repo.papermc.io/repository/maven-public/net/kyori/adventure-text-serializer-json/5.2.0/adventure-text-serializer-json-5.2.0.pom (3.2 kB at 14 kB/s)
Downloading from paper-repo: https://repo.papermc.io/repository/maven-public/net/kyori/option/1.1.0/option-1.1.0.pom
Progress (1): 2.2 kB                    Downloaded from paper-repo: https://repo.papermc.io/repository/maven-public/net/kyori/option/1.1.0/option-1.1.0.pom (2.2 kB at 157 kB/s)
Downloading from paper-repo: https://repo.papermc.io/repository/maven-public/org/jetbrains/annotations/26.0.2/annotations-26.0.2.pom
Progress (1): 1.7 kB                    Downloaded from paper-repo: https://repo.papermc.io/repository/maven-public/org/jetbrains/annotations/26.0.2/annotations-26.0.2.pom (1.7 kB at 105 kB/s)
Downloading from paper-repo: https://repo.papermc.io/repository/maven-public/net/kyori/adventure-text-serializer-commons/5.2.0/adventure-text-serializer-commons-5.2.0.pom
Progress (1): 3.0 kB                    Downloaded from paper-repo: https://repo.papermc.io/repository/maven-public/net/kyori/adventure-text-serializer-commons/5.2.0/adventure-text-serializer-commons-5.2.0.pom (3.0 kB at 13 kB/s)
Downloading from paper-repo: https://repo.papermc.io/repository/maven-public/com/google/code/gson/gson/2.13.2/gson-2.13.2.pom
Progress (1): 7.1/13 kBProgress (1): 13 kB                       Downloaded from paper-repo: https://repo.papermc.io/repository/maven-public/com/google/code/gson/gson/2.13.2/gson-2.13.2.pom (13 kB at 57 kB/s)
Downloading from paper-repo: https://repo.papermc.io/repository/maven-public/com/google/code/gson/gson-parent/2.13.2/gson-parent-2.13.2.pom
Progress (1): 3.1/27 kBProgress (1): 20/27 kB Progress (1): 27 kB                      Downloaded from paper-repo: https://repo.papermc.io/repository/maven-public/com/google/code/gson/gson-parent/2.13.2/gson-parent-2.13.2.pom (27 kB at 139 kB/s)
Downloading from paper-repo: https://repo.papermc.io/repository/maven-public/com/google/errorprone/error_prone_annotations/2.41.0/error_prone_annotations-2.41.0.pom
Progress (1): 4.3 kB                    Downloaded from paper-repo: https://repo.papermc.io/repository/maven-public/com/google/errorprone/error_prone_annotations/2.41.0/error_prone_annotations-2.41.0.pom (4.3 kB at 19 kB/s)
Downloading from paper-repo: https://repo.papermc.io/repository/maven-public/com/google/errorprone/error_prone_parent/2.41.0/error_prone_parent-2.41.0.pom
Progress (1): 7.0/16 kBProgress (1): 15/16 kB Progress (1): 16 kB                      Downloaded from paper-repo: https://repo.papermc.io/repository/maven-public/com/google/errorprone/error_prone_parent/2.41.0/error_prone_parent-2.41.0.pom (16 kB at 66 kB/s)
Downloading from paper-repo: https://repo.papermc.io/repository/maven-public/com/google/auto/service/auto-service-annotations/1.1.1/auto-service-annotations-1.1.1.pom
Progress (1): 2.3 kB                    Downloaded from paper-repo: https://repo.papermc.io/repository/maven-public/com/google/auto/service/auto-service-annotations/1.1.1/auto-service-annotations-1.1.1.pom (2.3 kB at 152 kB/s)
Downloading from paper-repo: https://repo.papermc.io/repository/maven-public/com/google/auto/service/auto-service-aggregator/1.1.1/auto-service-aggregator-1.1.1.pom
Progress (1): 4.3 kB                    Downloaded from paper-repo: https://repo.papermc.io/repository/maven-public/com/google/auto/service/auto-service-aggregator/1.1.1/auto-service-aggregator-1.1.1.pom (4.3 kB at 266 kB/s)
Downloading from paper-repo: https://repo.papermc.io/repository/maven-public/net/kyori/adventure-text-serializer-legacy/5.2.0/adventure-text-serializer-legacy-5.2.0.pom
Progress (1): 2.8 kB                    Downloaded from paper-repo: https://repo.papermc.io/repository/maven-public/net/kyori/adventure-text-serializer-legacy/5.2.0/adventure-text-serializer-legacy-5.2.0.pom (2.8 kB at 15 kB/s)
Downloading from paper-repo: https://repo.papermc.io/repository/maven-public/net/kyori/adventure-text-serializer-plain/5.2.0/adventure-text-serializer-plain-5.2.0.pom
Progress (1): 2.8 kB                    Downloaded from paper-repo: https://repo.papermc.io/repository/maven-public/net/kyori/adventure-text-serializer-plain/5.2.0/adventure-text-serializer-plain-5.2.0.pom (2.8 kB at 15 kB/s)
Downloading from paper-repo: https://repo.papermc.io/repository/maven-public/net/kyori/adventure-text-logger-slf4j/5.2.0/adventure-text-logger-slf4j-5.2.0.pom
Progress (1): 2.8 kB                    Downloaded from paper-repo: https://repo.papermc.io/repository/maven-public/net/kyori/adventure-text-logger-slf4j/5.2.0/adventure-text-logger-slf4j-5.2.0.pom (2.8 kB at 12 kB/s)
Downloading from paper-repo: https://repo.papermc.io/repository/maven-public/org/checkerframework/checker-qual/3.49.2/checker-qual-3.49.2.pom
Progress (1): 2.1 kB                    Downloaded from paper-repo: https://repo.papermc.io/repository/maven-public/org/checkerframework/checker-qual/3.49.2/checker-qual-3.49.2.pom (2.1 kB at 150 kB/s)
Downloading from paper-repo: https://repo.papermc.io/repository/maven-public/org/apache/maven/resolver/maven-resolver-connector-basic/1.9.18/maven-resolver-connector-basic-1.9.18.pom
Progress (1): 3.7 kB                    Downloaded from paper-repo: https://repo.papermc.io/repository/maven-public/org/apache/maven/resolver/maven-resolver-connector-basic/1.9.18/maven-resolver-connector-basic-1.9.18.pom (3.7 kB at 248 kB/s)
Downloading from paper-repo: https://repo.papermc.io/repository/maven-public/org/apache/maven/resolver/maven-resolver-transport-http/1.9.18/maven-resolver-transport-http-1.9.18.pom
Progress (1): 5.4/5.6 kBProgress (1): 5.6 kB                        Downloaded from paper-repo: https://repo.papermc.io/repository/maven-public/org/apache/maven/resolver/maven-resolver-transport-http/1.9.18/maven-resolver-transport-http-1.9.18.pom (5.6 kB at 352 kB/s)
Downloading from paper-repo: https://repo.papermc.io/repository/maven-public/org/apache/httpcomponents/httpclient/4.5.14/httpclient-4.5.14.pom
Progress (1): 6.6 kB                    Downloaded from paper-repo: https://repo.papermc.io/repository/maven-public/org/apache/httpcomponents/httpclient/4.5.14/httpclient-4.5.14.pom (6.6 kB at 509 kB/s)
Downloading from paper-repo: https://repo.papermc.io/repository/maven-public/org/apache/httpcomponents/httpcomponents-client/4.5.14/httpcomponents-client-4.5.14.pom
Progress (1): 7.0/15 kBProgress (1): 15/15 kB Progress (1): 15 kB                      Downloaded from paper-repo: https://repo.papermc.io/repository/maven-public/org/apache/httpcomponents/httpcomponents-client/4.5.14/httpcomponents-client-4.5.14.pom (15 kB at 1.0 MB/s)
Downloading from paper-repo: https://repo.papermc.io/repository/maven-public/org/apache/httpcomponents/httpcomponents-parent/11/httpcomponents-parent-11.pom
Progress (1): 7.2/35 kBProgress (1): 15/35 kB Progress (1): 20/35 kBProgress (1): 35 kB                      Downloaded from paper-repo: https://repo.papermc.io/repository/maven-public/org/apache/httpcomponents/httpcomponents-parent/11/httpcomponents-parent-11.pom (35 kB at 145 kB/s)
Downloading from paper-repo: https://repo.papermc.io/repository/maven-public/org/apache/apache/21/apache-21.pom
Progress (1): 3.3/17 kBProgress (1): 17 kB                       Downloaded from paper-repo: https://repo.papermc.io/repository/maven-public/org/apache/apache/21/apache-21.pom (17 kB at 75 kB/s)
Downloading from paper-repo: https://repo.papermc.io/repository/maven-public/org/apache/httpcomponents/httpcore/4.4.16/httpcore-4.4.16.pom
Progress (1): 5.0 kB                    Downloaded from paper-repo: https://repo.papermc.io/repository/maven-public/org/apache/httpcomponents/httpcore/4.4.16/httpcore-4.4.16.pom (5.0 kB at 261 kB/s)
Downloading from paper-repo: https://repo.papermc.io/repository/maven-public/org/apache/httpcomponents/httpcomponents-core/4.4.16/httpcomponents-core-4.4.16.pom
Progress (1): 5.5/12 kBProgress (1): 12 kB                       Downloaded from paper-repo: https://repo.papermc.io/repository/maven-public/org/apache/httpcomponents/httpcomponents-core/4.4.16/httpcomponents-core-4.4.16.pom (12 kB at 703 kB/s)
Downloading from paper-repo: https://repo.papermc.io/repository/maven-public/commons-codec/commons-codec/1.16.0/commons-codec-1.16.0.pom
Progress (1): 7.1/16 kBProgress (1): 15/16 kB Progress (1): 16 kB                      Downloaded from paper-repo: https://repo.papermc.io/repository/maven-public/commons-codec/commons-codec/1.16.0/commons-codec-1.16.0.pom (16 kB at 1.1 MB/s)
Downloading from paper-repo: https://repo.papermc.io/repository/maven-public/org/apache/commons/commons-parent/58/commons-parent-58.pom
Progress (1): 7.1/83 kBProgress (1): 15/83 kB Progress (1): 25/83 kBProgress (1): 41/83 kBProgress (1): 57/83 kBProgress (1): 74/83 kBProgress (1): 83 kB                      Downloaded from paper-repo: https://repo.papermc.io/repository/maven-public/org/apache/commons/commons-parent/58/commons-parent-58.pom (83 kB at 4.6 MB/s)
Downloading from paper-repo: https://repo.papermc.io/repository/maven-public/org/apache/apache/29/apache-29.pom
Progress (1): 7.2/21 kBProgress (1): 15/21 kB Progress (1): 21 kB                      Downloaded from paper-repo: https://repo.papermc.io/repository/maven-public/org/apache/apache/29/apache-29.pom (21 kB at 1.1 MB/s)
Downloading from paper-repo: https://repo.papermc.io/repository/maven-public/org/junit/junit-bom/5.9.3/junit-bom-5.9.3.pom
Progress (1): 5.6 kB                    Downloaded from paper-repo: https://repo.papermc.io/repository/maven-public/org/junit/junit-bom/5.9.3/junit-bom-5.9.3.pom (5.6 kB at 296 kB/s)
Downloading from paper-repo: https://repo.papermc.io/repository/maven-public/org/slf4j/jcl-over-slf4j/1.7.36/jcl-over-slf4j-1.7.36.pom
Progress (1): 1.2 kB                    Downloaded from paper-repo: https://repo.papermc.io/repository/maven-public/org/slf4j/jcl-over-slf4j/1.7.36/jcl-over-slf4j-1.7.36.pom (1.2 kB at 69 kB/s)
Downloading from paper-repo: https://repo.papermc.io/repository/maven-public/com/github/SlimefunGuguProject/Slimefun4/2024.3.1/Slimefun4-2024.3.1.pom
Downloading from spigot-repo: https://hub.spigotmc.org/nexus/content/repositories/snapshots/com/github/SlimefunGuguProject/Slimefun4/2024.3.1/Slimefun4-2024.3.1.pom
Downloading from jitpack.io: https://jitpack.io/com/github/SlimefunGuguProject/Slimefun4/2024.3.1/Slimefun4-2024.3.1.pom
Progress (1): 704 BProgress (1): 3.5 kBProgress (1): 6.8 kBProgress (1): 8.6 kBProgress (1): 10 kB                    Downloaded from jitpack.io: https://jitpack.io/com/github/SlimefunGuguProject/Slimefun4/2024.3.1/Slimefun4-2024.3.1.pom (10 kB at 108 kB/s)
Downloading from paper-repo: https://repo.papermc.io/repository/maven-public/com/github/SlimefunGuguProject/InfinityLib/1.3.9/InfinityLib-1.3.9.pom
Downloading from spigot-repo: https://hub.spigotmc.org/nexus/content/repositories/snapshots/com/github/SlimefunGuguProject/InfinityLib/1.3.9/InfinityLib-1.3.9.pom
Downloading from jitpack.io: https://jitpack.io/com/github/SlimefunGuguProject/InfinityLib/1.3.9/InfinityLib-1.3.9.pom
Progress (1): 945 BProgress (1): 3.8 kBProgress (1): 5.1 kB                    Downloaded from jitpack.io: https://jitpack.io/com/github/SlimefunGuguProject/InfinityLib/1.3.9/InfinityLib-1.3.9.pom (5.1 kB at 104 kB/s)
Downloading from paper-repo: https://repo.papermc.io/repository/maven-public/org/bstats/bstats-bukkit/3.0.0/bstats-bukkit-3.0.0.pom
Progress (1): 1.7 kB                    Downloaded from paper-repo: https://repo.papermc.io/repository/maven-public/org/bstats/bstats-bukkit/3.0.0/bstats-bukkit-3.0.0.pom (1.7 kB at 87 kB/s)
Downloading from paper-repo: https://repo.papermc.io/repository/maven-public/org/bstats/bstats-base/3.0.0/bstats-base-3.0.0.pom
Progress (1): 1.5 kB                    Downloaded from paper-repo: https://repo.papermc.io/repository/maven-public/org/bstats/bstats-base/3.0.0/bstats-base-3.0.0.pom (1.5 kB at 95 kB/s)
Downloading from paper-repo: https://repo.papermc.io/repository/maven-public/com/google/code/findbugs/annotations/3.0.1u2/annotations-3.0.1u2.pom
Progress (1): 7.0 kB                    Downloaded from paper-repo: https://repo.papermc.io/repository/maven-public/com/google/code/findbugs/annotations/3.0.1u2/annotations-3.0.1u2.pom (7.0 kB at 466 kB/s)
Downloading from paper-repo: https://repo.papermc.io/repository/maven-public/co/aikar/acf-paper/0.5.1-SNAPSHOT/maven-metadata.xml
Downloading from jitpack.io: https://jitpack.io/co/aikar/acf-paper/0.5.1-SNAPSHOT/maven-metadata.xml
Downloading from aikar: https://repo.aikar.co/content/groups/aikar/co/aikar/acf-paper/0.5.1-SNAPSHOT/maven-metadata.xml
Downloading from spigot-repo: https://hub.spigotmc.org/nexus/content/repositories/snapshots/co/aikar/acf-paper/0.5.1-SNAPSHOT/maven-metadata.xml
Progress (1): 985 B                   Downloaded from paper-repo: https://repo.papermc.io/repository/maven-public/co/aikar/acf-paper/0.5.1-SNAPSHOT/maven-metadata.xml (985 B at 52 kB/s)
Progress (1): 985 B                   Downloaded from aikar: https://repo.aikar.co/content/groups/aikar/co/aikar/acf-paper/0.5.1-SNAPSHOT/maven-metadata.xml (985 B at 4.2 kB/s)
Downloading from paper-repo: https://repo.papermc.io/repository/maven-public/co/aikar/acf-paper/0.5.1-SNAPSHOT/acf-paper-0.5.1-20260511.221425-52.pom
Progress (1): 4.0 kB                    Downloaded from paper-repo: https://repo.papermc.io/repository/maven-public/co/aikar/acf-paper/0.5.1-SNAPSHOT/acf-paper-0.5.1-20260511.221425-52.pom (4.0 kB at 330 kB/s)
Downloading from paper-repo: https://repo.papermc.io/repository/maven-public/co/aikar/acf-parent/0.5.1-SNAPSHOT/maven-metadata.xml
Downloading from jitpack.io: https://jitpack.io/co/aikar/acf-parent/0.5.1-SNAPSHOT/maven-metadata.xml
Downloading from spigot-repo: https://hub.spigotmc.org/nexus/content/repositories/snapshots/co/aikar/acf-parent/0.5.1-SNAPSHOT/maven-metadata.xml
Downloading from aikar: https://repo.aikar.co/content/groups/aikar/co/aikar/acf-parent/0.5.1-SNAPSHOT/maven-metadata.xml
Progress (1): 597 B                   Downloaded from paper-repo: https://repo.papermc.io/repository/maven-public/co/aikar/acf-parent/0.5.1-SNAPSHOT/maven-metadata.xml (597 B at 40 kB/s)
Progress (1): 597 B                   Downloaded from aikar: https://repo.aikar.co/content/groups/aikar/co/aikar/acf-parent/0.5.1-SNAPSHOT/maven-metadata.xml (597 B at 6.5 kB/s)
Downloading from paper-repo: https://repo.papermc.io/repository/maven-public/co/aikar/acf-parent/0.5.1-SNAPSHOT/acf-parent-0.5.1-20260511.221425-56.pom
Progress (1): 5.6/8.3 kBProgress (1): 8.3 kB                        Downloaded from paper-repo: https://repo.papermc.io/repository/maven-public/co/aikar/acf-parent/0.5.1-SNAPSHOT/acf-parent-0.5.1-20260511.221425-56.pom (8.3 kB at 318 kB/s)
Downloading from paper-repo: https://repo.papermc.io/repository/maven-public/dev/sefiraat/networks/1.0.0/networks-1.0.0.pom
Progress (1): 7.2/8.6 kBProgress (1): 8.6 kB                        Downloaded from paper-repo: https://repo.papermc.io/repository/maven-public/dev/sefiraat/networks/1.0.0/networks-1.0.0.pom (8.6 kB at 665 kB/s)
Downloading from paper-repo: https://repo.papermc.io/repository/maven-public/io/papermc/paper/paper-api/26.2.build.123-stable/paper-api-26.2.build.123-stable.jar
Progress (1): 0/2.9 MBProgress (1): 0/2.9 MBProgress (1): 0/2.9 MBProgress (1): 0.1/2.9 MBProgress (1): 0.1/2.9 MBProgress (1): 0.1/2.9 MBProgress (1): 0.1/2.9 MBProgress (1): 0.1/2.9 MBProgress (1): 0.1/2.9 MBProgress (1): 0.2/2.9 MBProgress (1): 0.2/2.9 MBProgress (1): 0.2/2.9 MBProgress (1): 0.2/2.9 MBProgress (1): 0.2/2.9 MBProgress (1): 0.2/2.9 MBProgress (1): 0.2/2.9 MBProgress (1): 0.3/2.9 MBProgress (1): 0.3/2.9 MBProgress (1): 0.3/2.9 MBProgress (1): 0.3/2.9 MBProgress (1): 0.3/2.9 MBProgress (1): 0.3/2.9 MBProgress (1): 0.4/2.9 MBProgress (1): 0.4/2.9 MBProgress (1): 0.4/2.9 MBProgress (1): 0.4/2.9 MBProgress (1): 0.4/2.9 MBProgress (1): 0.4/2.9 MBProgress (1): 0.5/2.9 MBProgress (1): 0.5/2.9 MBProgress (1): 0.5/2.9 MBProgress (1): 0.5/2.9 MBProgress (1): 0.5/2.9 MBProgress (1): 0.5/2.9 MBProgress (1): 0.6/2.9 MBProgress (1): 0.6/2.9 MBProgress (1): 0.6/2.9 MBProgress (1): 0.6/2.9 MBProgress (1): 0.6/2.9 MBProgress (1): 0.6/2.9 MBProgress (1): 0.7/2.9 MBProgress (1): 0.7/2.9 MBProgress (1): 0.7/2.9 MBProgress (1): 0.7/2.9 MBProgress (1): 0.7/2.9 MBProgress (1): 0.7/2.9 MBProgress (1): 0.7/2.9 MBProgress (1): 0.8/2.9 MBProgress (1): 0.8/2.9 MBProgress (1): 0.8/2.9 MBProgress (1): 0.8/2.9 MBProgress (1): 0.8/2.9 MBProgress (1): 0.8/2.9 MBProgress (1): 0.9/2.9 MBProgress (1): 0.9/2.9 MBProgress (1): 0.9/2.9 MBProgress (1): 0.9/2.9 MBProgress (1): 0.9/2.9 MBProgress (1): 0.9/2.9 MBProgress (1): 1.0/2.9 MBProgress (1): 1.0/2.9 MBProgress (1): 1.0/2.9 MBProgress (1): 1.0/2.9 MBProgress (1): 1.0/2.9 MBProgress (1): 1.0/2.9 MBProgress (1): 1.0/2.9 MBProgress (1): 1.1/2.9 MBProgress (1): 1.1/2.9 MBProgress (1): 1.1/2.9 MBProgress (1): 1.1/2.9 MBProgress (1): 1.1/2.9 MBProgress (1): 1.1/2.9 MBProgress (1): 1.2/2.9 MBProgress (1): 1.2/2.9 MBProgress (1): 1.2/2.9 MBProgress (1): 1.2/2.9 MBProgress (1): 1.2/2.9 MBProgress (1): 1.2/2.9 MBProgress (1): 1.2/2.9 MBProgress (1): 1.3/2.9 MBProgress (1): 1.3/2.9 MBProgress (1): 1.3/2.9 MBProgress (1): 1.3/2.9 MBProgress (1): 1.3/2.9 MBProgress (1): 1.3/2.9 MBProgress (1): 1.3/2.9 MBProgress (1): 1.4/2.9 MBProgress (1): 1.4/2.9 MBProgress (1): 1.4/2.9 MBProgress (1): 1.4/2.9 MBProgress (1): 1.4/2.9 MBProgress (1): 1.4/2.9 MBProgress (1): 1.4/2.9 MBProgress (1): 1.5/2.9 MBProgress (1): 1.5/2.9 MBProgress (1): 1.5/2.9 MBProgress (1): 1.5/2.9 MBProgress (1): 1.5/2.9 MBProgress (1): 1.5/2.9 MBProgress (1): 1.6/2.9 MBProgress (1): 1.6/2.9 MBProgress (1): 1.6/2.9 MBProgress (1): 1.6/2.9 MBProgress (1): 1.6/2.9 MBProgress (1): 1.6/2.9 MBProgress (1): 1.7/2.9 MBProgress (1): 1.7/2.9 MBProgress (1): 1.7/2.9 MBProgress (1): 1.7/2.9 MBProgress (1): 1.7/2.9 MBProgress (1): 1.7/2.9 MBProgress (1): 1.8/2.9 MBProgress (1): 1.8/2.9 MBProgress (1): 1.8/2.9 MBProgress (1): 1.8/2.9 MBProgress (1): 1.8/2.9 MBProgress (1): 1.8/2.9 MBProgress (1): 1.8/2.9 MBProgress (1): 1.9/2.9 MBProgress (1): 1.9/2.9 MBProgress (1): 1.9/2.9 MBProgress (1): 1.9/2.9 MBProgress (1): 1.9/2.9 MBProgress (1): 1.9/2.9 MBProgress (1): 2.0/2.9 MBProgress (1): 2.0/2.9 MBProgress (1): 2.0/2.9 MBProgress (1): 2.0/2.9 MBProgress (1): 2.0/2.9 MBProgress (1): 2.0/2.9 MBProgress (1): 2.1/2.9 MBProgress (1): 2.1/2.9 MBProgress (1): 2.1/2.9 MBProgress (1): 2.1/2.9 MBProgress (1): 2.1/2.9 MBProgress (1): 2.1/2.9 MBProgress (1): 2.2/2.9 MBProgress (1): 2.2/2.9 MBProgress (1): 2.2/2.9 MBProgress (1): 2.2/2.9 MBProgress (1): 2.2/2.9 MBProgress (1): 2.2/2.9 MBProgress (1): 2.2/2.9 MBProgress (1): 2.3/2.9 MBProgress (1): 2.3/2.9 MBProgress (1): 2.3/2.9 MBProgress (1): 2.3/2.9 MBProgress (1): 2.3/2.9 MBProgress (1): 2.3/2.9 MBProgress (1): 2.4/2.9 MBProgress (1): 2.4/2.9 MBProgress (1): 2.4/2.9 MBProgress (1): 2.4/2.9 MBProgress (1): 2.4/2.9 MBProgress (1): 2.4/2.9 MBProgress (1): 2.5/2.9 MBProgress (1): 2.5/2.9 MBProgress (1): 2.5/2.9 MBProgress (1): 2.5/2.9 MBProgress (1): 2.5/2.9 MBProgress (1): 2.5/2.9 MBProgress (1): 2.6/2.9 MBProgress (1): 2.6/2.9 MBProgress (1): 2.6/2.9 MBProgress (1): 2.6/2.9 MBProgress (1): 2.6/2.9 MBProgress (1): 2.6/2.9 MBProgress (1): 2.7/2.9 MBProgress (1): 2.7/2.9 MBProgress (1): 2.7/2.9 MBProgress (1): 2.7/2.9 MBProgress (1): 2.7/2.9 MBProgress (1): 2.7/2.9 MBProgress (1): 2.8/2.9 MBProgress (1): 2.8/2.9 MBProgress (1): 2.8/2.9 MBProgress (1): 2.8/2.9 MBProgress (1): 2.8/2.9 MBProgress (1): 2.8/2.9 MBProgress (1): 2.9/2.9 MBProgress (1): 2.9/2.9 MBProgress (1): 2.9/2.9 MBProgress (1): 2.9 MB                        Downloaded from paper-repo: https://repo.papermc.io/repository/maven-public/io/papermc/paper/paper-api/26.2.build.123-stable/paper-api-26.2.build.123-stable.jar (2.9 MB at 27 MB/s)
Downloading from paper-repo: https://repo.papermc.io/repository/maven-public/com/google/guava/guava/33.6.0-jre/guava-33.6.0-jre.jar
Downloading from paper-repo: https://repo.papermc.io/repository/maven-public/com/google/guava/failureaccess/1.0.3/failureaccess-1.0.3.jar
Downloading from paper-repo: https://repo.papermc.io/repository/maven-public/com/google/guava/listenablefuture/9999.0-empty-to-avoid-conflict-with-guava/listenablefuture-9999.0-empty-to-avoid-conflict-with-guava.jar
Downloading from paper-repo: https://repo.papermc.io/repository/maven-public/com/google/errorprone/error_prone_annotations/2.47.0/error_prone_annotations-2.47.0.jar
Downloading from paper-repo: https://repo.papermc.io/repository/maven-public/com/google/j2objc/j2objc-annotations/3.1/j2objc-annotations-3.1.jar
Progress (1): 0/3.1 MBProgress (1): 0/3.1 MBProgress (1): 0/3.1 MBProgress (1): 0/3.1 MBProgress (1): 0.1/3.1 MBProgress (1): 0.1/3.1 MBProgress (1): 0.1/3.1 MBProgress (1): 0.1/3.1 MBProgress (1): 0.1/3.1 MBProgress (1): 0.1/3.1 MBProgress (1): 0.1/3.1 MBProgress (1): 0.2/3.1 MBProgress (1): 0.2/3.1 MBProgress (1): 0.2/3.1 MBProgress (1): 0.2/3.1 MBProgress (1): 0.2/3.1 MBProgress (1): 0.2/3.1 MBProgress (1): 0.3/3.1 MBProgress (1): 0.3/3.1 MBProgress (1): 0.3/3.1 MBProgress (1): 0.3/3.1 MBProgress (1): 0.3/3.1 MBProgress (1): 0.3/3.1 MBProgress (1): 0.4/3.1 MBProgress (1): 0.4/3.1 MBProgress (1): 0.4/3.1 MBProgress (1): 0.4/3.1 MBProgress (1): 0.4/3.1 MBProgress (1): 0.4/3.1 MBProgress (1): 0.5/3.1 MBProgress (1): 0.5/3.1 MBProgress (1): 0.5/3.1 MBProgress (2): 0.5/3.1 MB | 0.2/11 kBProgress (2): 0.5/3.1 MB | 1.6/11 kBProgress (2): 0.5/3.1 MB | 3.0/11 kBProgress (2): 0.5/3.1 MB | 4.3/11 kBProgress (2): 0.5/3.1 MB | 4.3/11 kBProgress (2): 0.5/3.1 MB | 5.5/11 kBProgress (2): 0.5/3.1 MB | 6.9/11 kBProgress (2): 0.5/3.1 MB | 8.3/11 kBProgress (2): 0.5/3.1 MB | 9.6/11 kBProgress (2): 0.5/3.1 MB | 11 kB    Progress (2): 0.5/3.1 MB | 11 kBProgress (2): 0.5/3.1 MB | 11 kB                                Downloaded from paper-repo: https://repo.papermc.io/repository/maven-public/com/google/guava/failureaccess/1.0.3/failureaccess-1.0.3.jar (11 kB at 326 kB/s)
Downloading from paper-repo: https://repo.papermc.io/repository/maven-public/com/google/code/gson/gson/2.14.0/gson-2.14.0.jar
Progress (1): 0.6/3.1 MBProgress (1): 0.6/3.1 MBProgress (1): 0.6/3.1 MBProgress (2): 0.6/3.1 MB | 0/2.2 kBProgress (2): 0.6/3.1 MB | 1.4/2.2 kBProgress (2): 0.6/3.1 MB | 2.2 kB    Progress (2): 0.6/3.1 MB | 2.2 kB                                 Downloaded from paper-repo: https://repo.papermc.io/repository/maven-public/com/google/guava/listenablefuture/9999.0-empty-to-avoid-conflict-with-guava/listenablefuture-9999.0-empty-to-avoid-conflict-with-guava.jar (2.2 kB at 59 kB/s)
Downloading from paper-repo: https://repo.papermc.io/repository/maven-public/org/yaml/snakeyaml/2.2/snakeyaml-2.2.jar
Progress (1): 0.6/3.1 MBProgress (1): 0.6/3.1 MBProgress (1): 0.7/3.1 MBProgress (1): 0.7/3.1 MBProgress (1): 0.7/3.1 MBProgress (1): 0.7/3.1 MBProgress (1): 0.7/3.1 MBProgress (1): 0.7/3.1 MBProgress (1): 0.8/3.1 MBProgress (1): 0.8/3.1 MBProgress (1): 0.8/3.1 MBProgress (1): 0.8/3.1 MBProgress (1): 0.8/3.1 MBProgress (1): 0.8/3.1 MBProgress (1): 0.9/3.1 MBProgress (1): 0.9/3.1 MBProgress (1): 0.9/3.1 MBProgress (1): 0.9/3.1 MBProgress (1): 0.9/3.1 MBProgress (1): 0.9/3.1 MBProgress (2): 0.9/3.1 MB | 0.2/20 kBProgress (2): 0.9/3.1 MB | 1.5/20 kBProgress (2): 0.9/3.1 MB | 2.9/20 kBProgress (2): 0.9/3.1 MB | 4.3/20 kBProgress (2): 1.0/3.1 MB | 4.3/20 kBProgress (2): 1.0/3.1 MB | 5.7/20 kBProgress (2): 1.0/3.1 MB | 7.0/20 kBProgress (2): 1.0/3.1 MB | 8.4/20 kBProgress (2): 1.0/3.1 MB | 9.8/20 kBProgress (2): 1.0/3.1 MB | 11/20 kB Progress (2): 1.0/3.1 MB | 12/20 kBProgress (2): 1.0/3.1 MB | 14/20 kBProgress (2): 1.0/3.1 MB | 15/20 kBProgress (2): 1.0/3.1 MB | 15/20 kBProgress (2): 1.0/3.1 MB | 17/20 kBProgress (2): 1.0/3.1 MB | 18/20 kBProgress (2): 1.0/3.1 MB | 19/20 kBProgress (2): 1.0/3.1 MB | 20 kB   Progress (2): 1.0/3.1 MB | 20 kB                                Downloaded from paper-repo: https://repo.papermc.io/repository/maven-public/com/google/errorprone/error_prone_annotations/2.47.0/error_prone_annotations-2.47.0.jar (20 kB at 450 kB/s)
Progress (1): 1.0/3.1 MB                        Downloading from paper-repo: https://repo.papermc.io/repository/maven-public/org/joml/joml/1.10.8/joml-1.10.8.jar
Progress (1): 1.0/3.1 MBProgress (1): 1.0/3.1 MBProgress (2): 1.0/3.1 MB | 0.3/314 kBProgress (2): 1.0/3.1 MB | 1.6/314 kBProgress (2): 1.0/3.1 MB | 3.0/314 kBProgress (2): 1.0/3.1 MB | 3.0/314 kBProgress (2): 1.0/3.1 MB | 4.4/314 kBProgress (2): 1.0/3.1 MB | 5.7/314 kBProgress (2): 1.0/3.1 MB | 7.1/314 kBProgress (2): 1.0/3.1 MB | 8.5/314 kBProgress (2): 1.0/3.1 MB | 9.9/314 kBProgress (2): 1.0/3.1 MB | 11/314 kB Progress (2): 1.0/3.1 MB | 13/314 kBProgress (2): 1.0/3.1 MB | 14/314 kBProgress (2): 1.1/3.1 MB | 14/314 kBProgress (2): 1.1/3.1 MB | 15/314 kBProgress (2): 1.1/3.1 MB | 17/314 kBProgress (2): 1.1/3.1 MB | 18/314 kBProgress (2): 1.1/3.1 MB | 19/314 kBProgress (3): 1.1/3.1 MB | 19/314 kB | 0.2/17 kBProgress (3): 1.1/3.1 MB | 21/314 kB | 0.2/17 kBProgress (3): 1.1/3.1 MB | 21/314 kB | 1.6/17 kBProgress (3): 1.1/3.1 MB | 22/314 kB | 1.6/17 kBProgress (3): 1.1/3.1 MB | 24/314 kB | 1.6/17 kBProgress (3): 1.1/3.1 MB | 24/314 kB | 3.0/17 kBProgress (3): 1.1/3.1 MB | 25/314 kB | 3.0/17 kBProgress (3): 1.1/3.1 MB | 25/314 kB | 4.3/17 kBProgress (3): 1.1/3.1 MB | 26/314 kB | 4.3/17 kBProgress (3): 1.1/3.1 MB | 26/314 kB | 5.7/17 kBProgress (3): 1.1/3.1 MB | 26/314 kB | 5.7/17 kBProgress (3): 1.1/3.1 MB | 28/314 kB | 5.7/17 kBProgress (3): 1.1/3.1 MB | 28/314 kB | 7.1/17 kBProgress (3): 1.1/3.1 MB | 29/314 kB | 7.1/17 kBProgress (3): 1.1/3.1 MB | 29/314 kB | 8.4/17 kBProgress (3): 1.1/3.1 MB | 30/314 kB | 8.4/17 kBProgress (3): 1.1/3.1 MB | 30/314 kB | 9.8/17 kBProgress (3): 1.1/3.1 MB | 32/314 kB | 9.8/17 kBProgress (3): 1.1/3.1 MB | 32/314 kB | 11/17 kB Progress (3): 1.1/3.1 MB | 32/314 kB | 13/17 kBProgress (3): 1.1/3.1 MB | 33/314 kB | 13/17 kBProgress (3): 1.1/3.1 MB | 33/314 kB | 14/17 kBProgress (3): 1.1/3.1 MB | 34/314 kB | 14/17 kBProgress (3): 1.1/3.1 MB | 34/314 kB | 15/17 kBProgress (3): 1.1/3.1 MB | 36/314 kB | 15/17 kBProgress (3): 1.1/3.1 MB | 36/314 kB | 15/17 kBProgress (3): 1.1/3.1 MB | 37/314 kB | 15/17 kBProgress (3): 1.1/3.1 MB | 37/314 kB | 17/17 kBProgress (3): 1.1/3.1 MB | 37/314 kB | 17 kB   Progress (3): 1.1/3.1 MB | 39/314 kB | 17 kBProgress (3): 1.1/3.1 MB | 40/314 kB | 17 kBProgress (3): 1.1/3.1 MB | 41/314 kB | 17 kBProgress (3): 1.1/3.1 MB | 43/314 kB | 17 kBProgress (3): 1.1/3.1 MB | 47/314 kB | 17 kBProgress (3): 1.1/3.1 MB | 47/314 kB | 17 kBProgress (3): 1.1/3.1 MB | 51/314 kB | 17 kB                                            Downloaded from paper-repo: https://repo.papermc.io/repository/maven-public/com/google/j2objc/j2objc-annotations/3.1/j2objc-annotations-3.1.jar (17 kB at 349 kB/s)
Progress (2): 1.1/3.1 MB | 55/314 kBProgress (2): 1.1/3.1 MB | 55/314 kBProgress (2): 1.1/3.1 MB | 60/314 kBProgress (2): 1.1/3.1 MB | 64/314 kBProgress (3): 1.1/3.1 MB | 64/314 kB | 0.3/334 kBProgress (3): 1.1/3.1 MB | 64/314 kB | 1.6/334 kBProgress (3): 1.1/3.1 MB | 68/314 kB | 1.6/334 kBProgress (3): 1.1/3.1 MB | 68/314 kB | 3.0/334 kBProgress (3): 1.1/3.1 MB | 68/314 kB | 3.0/334 kBProgress (3): 1.1/3.1 MB | 68/314 kB | 4.4/334 kBProgress (3): 1.1/3.1 MB | 72/314 kB | 4.4/334 kBProgress (3): 1.1/3.1 MB | 72/314 kB | 5.8/334 kBProgress (3): 1.1/3.1 MB | 72/314 kB | 7.1/334 kBProgress (3): 1.1/3.1 MB | 77/314 kB | 7.1/334 kBProgress (3): 1.1/3.1 MB | 77/314 kB | 8.5/334 kBProgress (3): 1.1/3.1 MB | 77/314 kB | 9.9/334 kBProgress (3): 1.1/3.1 MB | 77/314 kB | 11/334 kB Progress (3): 1.1/3.1 MB | 77/314 kB | 13/334 kBProgress (3): 1.2/3.1 MB | 77/314 kB | 13/334 kBProgress (3): 1.2/3.1 MB | 77/314 kB | 14/334 kBProgress (3): 1.2/3.1 MB | 77/314 kB | 15/334 kBProgress (3): 1.2/3.1 MB | 77/314 kB | 17/334 kBProgress (3): 1.2/3.1 MB | 77/314 kB | 18/334 kBProgress (3): 1.2/3.1 MB | 77/314 kB | 19/334 kBProgress (3): 1.2/3.1 MB | 77/314 kB | 21/334 kBProgress (3): 1.2/3.1 MB | 77/314 kB | 22/334 kBProgress (3): 1.2/3.1 MB | 81/314 kB | 22/334 kBProgress (3): 1.2/3.1 MB | 81/314 kB | 24/334 kBProgress (3): 1.2/3.1 MB | 81/314 kB | 25/334 kBProgress (3): 1.2/3.1 MB | 81/314 kB | 26/334 kBProgress (3): 1.2/3.1 MB | 81/314 kB | 26/334 kBProgress (3): 1.2/3.1 MB | 85/314 kB | 26/334 kBProgress (3): 1.2/3.1 MB | 85/314 kB | 28/334 kBProgress (3): 1.2/3.1 MB | 85/314 kB | 29/334 kBProgress (3): 1.2/3.1 MB | 89/314 kB | 29/334 kBProgress (3): 1.2/3.1 MB | 89/314 kB | 30/334 kBProgress (3): 1.2/3.1 MB | 89/314 kB | 32/334 kBProgress (3): 1.2/3.1 MB | 93/314 kB | 32/334 kBProgress (3): 1.2/3.1 MB | 93/314 kB | 33/334 kBProgress (3): 1.2/3.1 MB | 93/314 kB | 34/334 kBProgress (3): 1.2/3.1 MB | 93/314 kB | 34/334 kBProgress (3): 1.2/3.1 MB | 93/314 kB | 36/334 kBProgress (3): 1.2/3.1 MB | 98/314 kB | 36/334 kBProgress (3): 1.2/3.1 MB | 98/314 kB | 37/334 kBProgress (3): 1.2/3.1 MB | 98/314 kB | 39/334 kBProgress (3): 1.2/3.1 MB | 98/314 kB | 40/334 kBProgress (3): 1.2/3.1 MB | 102/314 kB | 40/334 kBProgress (3): 1.2/3.1 MB | 102/314 kB | 41/334 kBProgress (3): 1.2/3.1 MB | 102/314 kB | 43/334 kBProgress (3): 1.2/3.1 MB | 106/314 kB | 43/334 kBProgress (3): 1.2/3.1 MB | 106/314 kB | 44/334 kBProgress (3): 1.2/3.1 MB | 106/314 kB | 45/334 kBProgress (3): 1.2/3.1 MB | 106/314 kB | 47/334 kBProgress (3): 1.2/3.1 MB | 110/314 kB | 47/334 kBProgress (3): 1.2/3.1 MB | 110/314 kB | 48/334 kBProgress (3): 1.2/3.1 MB | 110/314 kB | 48/334 kBProgress (3): 1.2/3.1 MB | 110/314 kB | 50/334 kBProgress (3): 1.2/3.1 MB | 115/314 kB | 50/334 kBProgress (3): 1.2/3.1 MB | 115/314 kB | 51/334 kBProgress (3): 1.2/3.1 MB | 119/314 kB | 51/334 kBProgress (3): 1.2/3.1 MB | 119/314 kB | 55/334 kB                                                 Downloading from paper-repo: https://repo.papermc.io/repository/maven-public/it/unimi/dsi/fastutil/8.5.18/fastutil-8.5.18.jar
Progress (3): 1.2/3.1 MB | 123/314 kB | 55/334 kBProgress (3): 1.2/3.1 MB | 123/314 kB | 55/334 kBProgress (3): 1.2/3.1 MB | 127/314 kB | 55/334 kBProgress (3): 1.2/3.1 MB | 130/314 kB | 55/334 kBProgress (3): 1.2/3.1 MB | 134/314 kB | 55/334 kBProgress (3): 1.2/3.1 MB | 134/314 kB | 55/334 kBProgress (3): 1.2/3.1 MB | 138/314 kB | 55/334 kBProgress (3): 1.2/3.1 MB | 143/314 kB | 55/334 kBProgress (3): 1.2/3.1 MB | 147/314 kB | 55/334 kBProgress (3): 1.2/3.1 MB | 151/314 kB | 55/334 kBProgress (3): 1.3/3.1 MB | 151/314 kB | 55/334 kBProgress (3): 1.3/3.1 MB | 155/314 kB | 55/334 kBProgress (3): 1.3/3.1 MB | 160/314 kB | 55/334 kBProgress (3): 1.3/3.1 MB | 160/314 kB | 55/334 kBProgress (3): 1.3/3.1 MB | 164/314 kB | 55/334 kBProgress (3): 1.3/3.1 MB | 168/314 kB | 55/334 kBProgress (3): 1.3/3.1 MB | 172/314 kB | 55/334 kBProgress (3): 1.3/3.1 MB | 176/314 kB | 55/334 kBProgress (3): 1.3/3.1 MB | 176/314 kB | 59/334 kBProgress (3): 1.3/3.1 MB | 176/314 kB | 59/334 kBProgress (3): 1.3/3.1 MB | 181/314 kB | 59/334 kBProgress (3): 1.3/3.1 MB | 185/314 kB | 59/334 kBProgress (3): 1.3/3.1 MB | 185/314 kB | 64/334 kBProgress (3): 1.3/3.1 MB | 189/314 kB | 64/334 kBProgress (3): 1.3/3.1 MB | 189/314 kB | 68/334 kBProgress (3): 1.3/3.1 MB | 193/314 kB | 68/334 kBProgress (3): 1.3/3.1 MB | 193/314 kB | 68/334 kBProgress (3): 1.3/3.1 MB | 193/314 kB | 72/334 kBProgress (3): 1.3/3.1 MB | 198/314 kB | 72/334 kBProgress (3): 1.3/3.1 MB | 198/314 kB | 76/334 kBProgress (3): 1.3/3.1 MB | 202/314 kB | 76/334 kBProgress (3): 1.3/3.1 MB | 202/314 kB | 81/334 kBProgress (3): 1.3/3.1 MB | 202/314 kB | 81/334 kBProgress (3): 1.3/3.1 MB | 202/314 kB | 85/334 kBProgress (3): 1.3/3.1 MB | 202/314 kB | 89/334 kBProgress (3): 1.3/3.1 MB | 202/314 kB | 93/334 kBProgress (3): 1.3/3.1 MB | 202/314 kB | 93/334 kBProgress (3): 1.3/3.1 MB | 202/314 kB | 97/334 kBProgress (3): 1.3/3.1 MB | 206/314 kB | 97/334 kBProgress (3): 1.3/3.1 MB | 206/314 kB | 102/334 kBProgress (3): 1.3/3.1 MB | 210/314 kB | 102/334 kBProgress (3): 1.3/3.1 MB | 210/314 kB | 106/334 kBProgress (3): 1.3/3.1 MB | 210/314 kB | 110/334 kBProgress (3): 1.3/3.1 MB | 210/314 kB | 114/334 kBProgress (3): 1.3/3.1 MB | 210/314 kB | 119/334 kBProgress (3): 1.3/3.1 MB | 227/314 kB | 119/334 kBProgress (3): 1.4/3.1 MB | 227/314 kB | 119/334 kBProgress (3): 1.4/3.1 MB | 227/314 kB | 123/334 kBProgress (3): 1.4/3.1 MB | 227/314 kB | 127/334 kBProgress (3): 1.4/3.1 MB | 227/314 kB | 130/334 kBProgress (3): 1.4/3.1 MB | 243/314 kB | 130/334 kBProgress (3): 1.4/3.1 MB | 243/314 kB | 130/334 kBProgress (3): 1.4/3.1 MB | 243/314 kB | 134/334 kBProgress (3): 1.4/3.1 MB | 259/314 kB | 134/334 kBProgress (3): 1.4/3.1 MB | 259/314 kB | 138/334 kBProgress (3): 1.4/3.1 MB | 261/314 kB | 138/334 kBProgress (3): 1.4/3.1 MB | 261/314 kB | 143/334 kBProgress (3): 1.4/3.1 MB | 261/314 kB | 147/334 kBProgress (3): 1.4/3.1 MB | 261/314 kB | 147/334 kBProgress (3): 1.4/3.1 MB | 261/314 kB | 151/334 kBProgress (3): 1.4/3.1 MB | 277/314 kB | 151/334 kBProgress (3): 1.4/3.1 MB | 277/314 kB | 155/334 kBProgress (3): 1.4/3.1 MB | 277/314 kB | 160/334 kBProgress (3): 1.4/3.1 MB | 277/314 kB | 164/334 kBProgress (3): 1.4/3.1 MB | 277/314 kB | 164/334 kBProgress (3): 1.4/3.1 MB | 294/314 kB | 164/334 kBProgress (3): 1.4/3.1 MB | 294/314 kB | 164/334 kBProgress (3): 1.4/3.1 MB | 310/314 kB | 164/334 kBProgress (3): 1.4/3.1 MB | 310/314 kB | 164/334 kBProgress (3): 1.4/3.1 MB | 314 kB | 164/334 kB                                                  Downloaded from paper-repo: https://repo.papermc.io/repository/maven-public/com/google/code/gson/gson/2.14.0/gson-2.14.0.jar (314 kB at 5.5 MB/s)
Downloading from paper-repo: https://repo.papermc.io/repository/maven-public/org/apache/logging/log4j/log4j-api/2.26.0/log4j-api-2.26.0.jar
Progress (2): 1.4/3.1 MB | 164/334 kBProgress (2): 1.4/3.1 MB | 168/334 kBProgress (2): 1.4/3.1 MB | 172/334 kBProgress (2): 1.5/3.1 MB | 172/334 kBProgress (2): 1.5/3.1 MB | 176/334 kBProgress (2): 1.5/3.1 MB | 181/334 kBProgress (2): 1.5/3.1 MB | 185/334 kBProgress (2): 1.5/3.1 MB | 189/334 kBProgress (2): 1.5/3.1 MB | 189/334 kBProgress (2): 1.5/3.1 MB | 193/334 kBProgress (2): 1.5/3.1 MB | 198/334 kBProgress (2): 1.5/3.1 MB | 198/334 kBProgress (2): 1.5/3.1 MB | 202/334 kBProgress (2): 1.5/3.1 MB | 206/334 kBProgress (2): 1.5/3.1 MB | 210/334 kBProgress (2): 1.5/3.1 MB | 210/334 kBProgress (2): 1.5/3.1 MB | 215/334 kBProgress (2): 1.5/3.1 MB | 219/334 kBProgress (2): 1.5/3.1 MB | 219/334 kBProgress (2): 1.5/3.1 MB | 219/334 kBProgress (2): 1.6/3.1 MB | 219/334 kBProgress (2): 1.6/3.1 MB | 219/334 kBProgress (2): 1.6/3.1 MB | 219/334 kBProgress (2): 1.6/3.1 MB | 219/334 kBProgress (2): 1.6/3.1 MB | 219/334 kBProgress (2): 1.6/3.1 MB | 219/334 kBProgress (2): 1.6/3.1 MB | 219/334 kBProgress (2): 1.6/3.1 MB | 235/334 kBProgress (2): 1.7/3.1 MB | 235/334 kBProgress (2): 1.7/3.1 MB | 252/334 kBProgress (2): 1.7/3.1 MB | 252/334 kBProgress (2): 1.7/3.1 MB | 261/334 kBProgress (2): 1.7/3.1 MB | 277/334 kBProgress (3): 1.7/3.1 MB | 277/334 kB | 0.3/779 kBProgress (3): 1.7/3.1 MB | 277/334 kB | 1.7/779 kBProgress (3): 1.7/3.1 MB | 277/334 kB | 3.0/779 kBProgress (3): 1.7/3.1 MB | 277/334 kB | 3.0/779 kBProgress (3): 1.7/3.1 MB | 277/334 kB | 4.4/779 kBProgress (3): 1.7/3.1 MB | 277/334 kB | 5.8/779 kBProgress (3): 1.7/3.1 MB | 277/334 kB | 7.1/779 kBProgress (3): 1.7/3.1 MB | 277/334 kB | 8.5/779 kBProgress (3): 1.7/3.1 MB | 277/334 kB | 9.9/779 kBProgress (3): 1.7/3.1 MB | 277/334 kB | 11/779 kB Progress (3): 1.7/3.1 MB | 277/334 kB | 13/779 kBProgress (3): 1.7/3.1 MB | 277/334 kB | 14/779 kBProgress (3): 1.7/3.1 MB | 277/334 kB | 15/779 kBProgress (3): 1.7/3.1 MB | 277/334 kB | 17/779 kBProgress (3): 1.7/3.1 MB | 277/334 kB | 18/779 kBProgress (3): 1.7/3.1 MB | 277/334 kB | 19/779 kBProgress (3): 1.7/3.1 MB | 277/334 kB | 21/779 kBProgress (3): 1.7/3.1 MB | 277/334 kB | 21/779 kBProgress (3): 1.7/3.1 MB | 277/334 kB | 22/779 kBProgress (3): 1.7/3.1 MB | 277/334 kB | 23/779 kBProgress (3): 1.7/3.1 MB | 277/334 kB | 25/779 kBProgress (3): 1.7/3.1 MB | 277/334 kB | 26/779 kBProgress (3): 1.7/3.1 MB | 277/334 kB | 27/779 kBProgress (3): 1.7/3.1 MB | 277/334 kB | 29/779 kBProgress (3): 1.7/3.1 MB | 277/334 kB | 29/779 kBProgress (3): 1.7/3.1 MB | 277/334 kB | 30/779 kBProgress (3): 1.7/3.1 MB | 277/334 kB | 32/779 kBProgress (3): 1.7/3.1 MB | 277/334 kB | 33/779 kBProgress (3): 1.7/3.1 MB | 277/334 kB | 37/779 kBProgress (3): 1.7/3.1 MB | 277/334 kB | 37/779 kBProgress (3): 1.7/3.1 MB | 277/334 kB | 41/779 kBProgress (3): 1.7/3.1 MB | 277/334 kB | 46/779 kBProgress (3): 1.7/3.1 MB | 277/334 kB | 50/779 kBProgress (3): 1.8/3.1 MB | 277/334 kB | 50/779 kBProgress (3): 1.8/3.1 MB | 277/334 kB | 54/779 kBProgress (3): 1.8/3.1 MB | 277/334 kB | 58/779 kBProgress (3): 1.8/3.1 MB | 277/334 kB | 63/779 kBProgress (3): 1.8/3.1 MB | 277/334 kB | 67/779 kBProgress (3): 1.8/3.1 MB | 277/334 kB | 71/779 kBProgress (3): 1.8/3.1 MB | 277/334 kB | 75/779 kBProgress (3): 1.8/3.1 MB | 277/334 kB | 79/779 kBProgress (3): 1.8/3.1 MB | 277/334 kB | 84/779 kBProgress (3): 1.8/3.1 MB | 277/334 kB | 84/779 kBProgress (3): 1.8/3.1 MB | 277/334 kB | 84/779 kBProgress (3): 1.8/3.1 MB | 277/334 kB | 84/779 kBProgress (3): 1.8/3.1 MB | 294/334 kB | 84/779 kBProgress (3): 1.8/3.1 MB | 294/334 kB | 84/779 kBProgress (3): 1.8/3.1 MB | 294/334 kB | 84/779 kBProgress (3): 1.8/3.1 MB | 310/334 kB | 84/779 kBProgress (3): 1.9/3.1 MB | 310/334 kB | 84/779 kBProgress (3): 1.9/3.1 MB | 327/334 kB | 84/779 kBProgress (3): 1.9/3.1 MB | 327/334 kB | 84/779 kBProgress (3): 1.9/3.1 MB | 334 kB | 84/779 kB    Progress (3): 1.9/3.1 MB | 334 kB | 84/779 kBProgress (3): 1.9/3.1 MB | 334 kB | 84/779 kB                                             Downloaded from paper-repo: https://repo.papermc.io/repository/maven-public/org/yaml/snakeyaml/2.2/snakeyaml-2.2.jar (334 kB at 5.2 MB/s)
Progress (2): 1.9/3.1 MB | 88/779 kBProgress (2): 1.9/3.1 MB | 92/779 kBProgress (2): 1.9/3.1 MB | 96/779 kBProgress (2): 1.9/3.1 MB | 96/779 kBProgress (2): 1.9/3.1 MB | 101/779 kBProgress (2): 1.9/3.1 MB | 105/779 kBProgress (2): 1.9/3.1 MB | 109/779 kBProgress (2): 1.9/3.1 MB | 113/779 kBProgress (2): 1.9/3.1 MB | 117/779 kBProgress (2): 1.9/3.1 MB | 117/779 kBProgress (2): 1.9/3.1 MB | 122/779 kBProgress (2): 1.9/3.1 MB | 126/779 kBProgress (2): 1.9/3.1 MB | 130/779 kBProgress (2): 2.0/3.1 MB | 130/779 kBProgress (2): 2.0/3.1 MB | 134/779 kBProgress (2): 2.0/3.1 MB | 139/779 kBProgress (2): 2.0/3.1 MB | 143/779 kBProgress (2): 2.0/3.1 MB | 143/779 kBProgress (2): 2.0/3.1 MB | 147/779 kBProgress (2): 2.0/3.1 MB | 151/779 kBProgress (2): 2.0/3.1 MB | 153/779 kBProgress (2): 2.0/3.1 MB | 157/779 kBProgress (2): 2.0/3.1 MB | 157/779 kB                                     Downloading from paper-repo: https://repo.papermc.io/repository/maven-public/org/slf4j/slf4j-api/2.0.17/slf4j-api-2.0.17.jar
Progress (2): 2.0/3.1 MB | 157/779 kBProgress (2): 2.0/3.1 MB | 157/779 kBProgress (2): 2.0/3.1 MB | 157/779 kBProgress (2): 2.1/3.1 MB | 157/779 kBProgress (2): 2.1/3.1 MB | 161/779 kBProgress (2): 2.1/3.1 MB | 161/779 kBProgress (2): 2.1/3.1 MB | 166/779 kBProgress (2): 2.1/3.1 MB | 170/779 kBProgress (2): 2.1/3.1 MB | 170/779 kBProgress (2): 2.1/3.1 MB | 174/779 kBProgress (2): 2.1/3.1 MB | 174/779 kBProgress (2): 2.1/3.1 MB | 174/779 kBProgress (2): 2.1/3.1 MB | 174/779 kBProgress (2): 2.2/3.1 MB | 174/779 kBProgress (2): 2.2/3.1 MB | 174/779 kBProgress (2): 2.2/3.1 MB | 178/779 kBProgress (2): 2.2/3.1 MB | 183/779 kBProgress (2): 2.2/3.1 MB | 187/779 kBProgress (2): 2.2/3.1 MB | 187/779 kBProgress (2): 2.2/3.1 MB | 191/779 kBProgress (2): 2.2/3.1 MB | 195/779 kBProgress (2): 2.2/3.1 MB | 200/779 kBProgress (2): 2.2/3.1 MB | 200/779 kBProgress (2): 2.2/3.1 MB | 200/779 kBProgress (2): 2.2/3.1 MB | 200/779 kBProgress (2): 2.2/3.1 MB | 216/779 kBProgress (2): 2.2/3.1 MB | 232/779 kBProgress (2): 2.2/3.1 MB | 232/779 kBProgress (2): 2.2/3.1 MB | 249/779 kBProgress (2): 2.3/3.1 MB | 249/779 kBProgress (2): 2.3/3.1 MB | 249/779 kBProgress (2): 2.3/3.1 MB | 249/779 kBProgress (2): 2.3/3.1 MB | 249/779 kBProgress (2): 2.3/3.1 MB | 249/779 kBProgress (2): 2.3/3.1 MB | 249/779 kBProgress (2): 2.4/3.1 MB | 249/779 kBProgress (2): 2.4/3.1 MB | 249/779 kBProgress (2): 2.4/3.1 MB | 249/779 kBProgress (2): 2.4/3.1 MB | 265/779 kBProgress (3): 2.4/3.1 MB | 265/779 kB | 7.1/351 kBProgress (3): 2.4/3.1 MB | 265/779 kB | 7.1/351 kBProgress (3): 2.4/3.1 MB | 281/779 kB | 7.1/351 kBProgress (3): 2.4/3.1 MB | 281/779 kB | 15/351 kB Progress (3): 2.4/3.1 MB | 284/779 kB | 15/351 kBProgress (3): 2.4/3.1 MB | 284/779 kB | 15/351 kBProgress (3): 2.4/3.1 MB | 284/779 kB | 32/351 kBProgress (3): 2.4/3.1 MB | 300/779 kB | 32/351 kBProgress (3): 2.4/3.1 MB | 300/779 kB | 32/351 kBProgress (3): 2.4/3.1 MB | 300/779 kB | 48/351 kBProgress (3): 2.4/3.1 MB | 317/779 kB | 48/351 kBProgress (3): 2.5/3.1 MB | 317/779 kB | 48/351 kBProgress (3): 2.5/3.1 MB | 317/779 kB | 64/351 kBProgress (3): 2.5/3.1 MB | 333/779 kB | 64/351 kBProgress (3): 2.5/3.1 MB | 333/779 kB | 64/351 kBProgress (3): 2.5/3.1 MB | 350/779 kB | 64/351 kBProgress (3): 2.5/3.1 MB | 350/779 kB | 64/351 kBProgress (3): 2.5/3.1 MB | 366/779 kB | 64/351 kBProgress (3): 2.5/3.1 MB | 366/779 kB | 81/351 kBProgress (3): 2.5/3.1 MB | 382/779 kB | 81/351 kBProgress (3): 2.5/3.1 MB | 399/779 kB | 81/351 kBProgress (3): 2.5/3.1 MB | 399/779 kB | 81/351 kBProgress (3): 2.5/3.1 MB | 399/779 kB | 81/351 kBProgress (3): 2.5/3.1 MB | 399/779 kB | 97/351 kBProgress (3): 2.5/3.1 MB | 399/779 kB | 97/351 kBProgress (3): 2.6/3.1 MB | 399/779 kB | 97/351 kBProgress (3): 2.6/3.1 MB | 399/779 kB | 97/351 kBProgress (3): 2.6/3.1 MB | 415/779 kB | 97/351 kBProgress (3): 2.6/3.1 MB | 415/779 kB | 114/351 kBProgress (3): 2.6/3.1 MB | 432/779 kB | 114/351 kBProgress (3): 2.6/3.1 MB | 432/779 kB | 130/351 kBProgress (3): 2.6/3.1 MB | 432/779 kB | 130/351 kBProgress (3): 2.6/3.1 MB | 432/779 kB | 146/351 kBProgress (3): 2.6/3.1 MB | 432/779 kB | 146/351 kBProgress (3): 2.6/3.1 MB | 432/779 kB | 146/351 kBProgress (3): 2.6/3.1 MB | 448/779 kB | 146/351 kBProgress (3): 2.6/3.1 MB | 448/779 kB | 163/351 kBProgress (3): 2.6/3.1 MB | 464/779 kB | 163/351 kBProgress (3): 2.6/3.1 MB | 464/779 kB | 163/351 kBProgress (3): 2.6/3.1 MB | 469/779 kB | 163/351 kBProgress (3): 2.6/3.1 MB | 469/779 kB | 179/351 kBProgress (3): 2.7/3.1 MB | 469/779 kB | 179/351 kBProgress (3): 2.7/3.1 MB | 469/779 kB | 179/351 kBProgress (3): 2.7/3.1 MB | 485/779 kB | 179/351 kBProgress (3): 2.7/3.1 MB | 485/779 kB | 195/351 kBProgress (3): 2.7/3.1 MB | 485/779 kB | 195/351 kBProgress (3): 2.7/3.1 MB | 502/779 kB | 195/351 kBProgress (3): 2.7/3.1 MB | 502/779 kB | 212/351 kBProgress (3): 2.7/3.1 MB | 502/779 kB | 212/351 kBProgress (3): 2.7/3.1 MB | 502/779 kB | 217/351 kBProgress (3): 2.7/3.1 MB | 518/779 kB | 217/351 kBProgress (3): 2.7/3.1 MB | 518/779 kB | 217/351 kBProgress (3): 2.7/3.1 MB | 518/779 kB | 233/351 kBProgress (3): 2.7/3.1 MB | 534/779 kB | 233/351 kBProgress (3): 2.7/3.1 MB | 534/779 kB | 233/351 kBProgress (3): 2.8/3.1 MB | 534/779 kB | 233/351 kBProgress (3): 2.8/3.1 MB | 534/779 kB | 233/351 kBProgress (3): 2.8/3.1 MB | 534/779 kB | 233/351 kBProgress (3): 2.8/3.1 MB | 534/779 kB | 250/351 kBProgress (3): 2.8/3.1 MB | 534/779 kB | 250/351 kBProgress (3): 2.8/3.1 MB | 534/779 kB | 266/351 kBProgress (3): 2.8/3.1 MB | 534/779 kB | 266/351 kBProgress (3): 2.8/3.1 MB | 534/779 kB | 282/351 kBProgress (3): 2.8/3.1 MB | 551/779 kB | 282/351 kBProgress (3): 2.8/3.1 MB | 551/779 kB | 282/351 kBProgress (3): 2.8/3.1 MB | 551/779 kB | 299/351 kBProgress (3): 2.8/3.1 MB | 567/779 kB | 299/351 kBProgress (3): 2.9/3.1 MB | 567/779 kB | 299/351 kBProgress (3): 2.9/3.1 MB | 583/779 kB | 299/351 kBProgress (3): 2.9/3.1 MB | 583/779 kB | 299/351 kBProgress (3): 2.9/3.1 MB | 600/779 kB | 299/351 kBProgress (3): 2.9/3.1 MB | 600/779 kB | 315/351 kBProgress (3): 2.9/3.1 MB | 600/779 kB | 331/351 kBProgress (3): 2.9/3.1 MB | 616/779 kB | 331/351 kBProgress (3): 2.9/3.1 MB | 616/779 kB | 348/351 kBProgress (3): 2.9/3.1 MB | 633/779 kB | 348/351 kBProgress (3): 2.9/3.1 MB | 633/779 kB | 351 kB    Progress (3): 2.9/3.1 MB | 649/779 kB | 351 kBProgress (3): 2.9/3.1 MB | 665/779 kB | 351 kB                                              Downloaded from paper-repo: https://repo.papermc.io/repository/maven-public/org/apache/logging/log4j/log4j-api/2.26.0/log4j-api-2.26.0.jar (351 kB at 4.6 MB/s)
Downloading from paper-repo: https://repo.papermc.io/repository/maven-public/com/mojang/brigadier/1.3.10/brigadier-1.3.10.jar
Progress (2): 2.9/3.1 MB | 682/779 kBProgress (2): 2.9/3.1 MB | 682/779 kBProgress (2): 2.9/3.1 MB | 698/779 kBProgress (2): 2.9/3.1 MB | 715/779 kBProgress (2): 2.9/3.1 MB | 715/779 kBProgress (2): 2.9/3.1 MB | 731/779 kBProgress (2): 2.9/3.1 MB | 731/779 kBProgress (2): 2.9/3.1 MB | 747/779 kBProgress (2): 2.9/3.1 MB | 747/779 kBProgress (2): 3.0/3.1 MB | 747/779 kBProgress (2): 3.0/3.1 MB | 747/779 kBProgress (2): 3.0/3.1 MB | 747/779 kBProgress (2): 3.0/3.1 MB | 747/779 kBProgress (2): 3.0/3.1 MB | 747/779 kBProgress (2): 3.0/3.1 MB | 747/779 kBProgress (3): 3.0/3.1 MB | 747/779 kB | 7.1/70 kBProgress (3): 3.0/3.1 MB | 747/779 kB | 15/70 kB Progress (3): 3.1/3.1 MB | 747/779 kB | 15/70 kBProgress (3): 3.1 MB | 747/779 kB | 15/70 kB    Progress (3): 3.1 MB | 747/779 kB | 32/70 kBProgress (3): 3.1 MB | 747/779 kB | 48/70 kBProgress (3): 3.1 MB | 747/779 kB | 64/70 kBProgress (3): 3.1 MB | 747/779 kB | 70 kB                                            Downloaded from paper-repo: https://repo.papermc.io/repository/maven-public/com/google/guava/guava/33.6.0-jre/guava-33.6.0-jre.jar (3.1 MB at 38 MB/s)
Downloading from paper-repo: https://repo.papermc.io/repository/maven-public/net/md-5/bungeecord-chat/1.21-R0.2-deprecated+build.21/bungeecord-chat-1.21-R0.2-deprecated+build.21.jar
Downloaded from paper-repo: https://repo.papermc.io/repository/maven-public/org/slf4j/slf4j-api/2.0.17/slf4j-api-2.0.17.jar (70 kB at 896 kB/s)
Downloading from paper-repo: https://repo.papermc.io/repository/maven-public/org/apache/maven/maven-resolver-provider/3.9.6/maven-resolver-provider-3.9.6.jar
Progress (2): 747/779 kB | 0/24 MBProgress (2): 747/779 kB | 0/24 MBProgress (2): 747/779 kB | 0/24 MBProgress (2): 747/779 kB | 0/24 MBProgress (2): 747/779 kB | 0/24 MBProgress (2): 747/779 kB | 0/24 MBProgress (2): 747/779 kB | 0/24 MBProgress (2): 747/779 kB | 0/24 MBProgress (2): 747/779 kB | 0/24 MBProgress (2): 747/779 kB | 0/24 MBProgress (2): 747/779 kB | 0/24 MBProgress (2): 747/779 kB | 0/24 MBProgress (2): 747/779 kB | 0/24 MBProgress (2): 747/779 kB | 0/24 MBProgress (2): 747/779 kB | 0/24 MBProgress (2): 747/779 kB | 0/24 MBProgress (2): 747/779 kB | 0/24 MBProgress (2): 747/779 kB | 0/24 MBProgress (2): 747/779 kB | 0/24 MBProgress (2): 747/779 kB | 0/24 MBProgress (2): 747/779 kB | 0/24 MBProgress (2): 747/779 kB | 0/24 MBProgress (2): 747/779 kB | 0/24 MBProgress (2): 747/779 kB | 0/24 MBProgress (2): 747/779 kB | 0/24 MBProgress (2): 747/779 kB | 0/24 MBProgress (2): 747/779 kB | 0/24 MBProgress (2): 747/779 kB | 0/24 MBProgress (2): 764/779 kB | 0/24 MBProgress (2): 779 kB | 0/24 MB                                  Downloaded from paper-repo: https://repo.papermc.io/repository/maven-public/org/joml/joml/1.10.8/joml-1.10.8.jar (779 kB at 9.6 MB/s)
Downloading from paper-repo: https://repo.papermc.io/repository/maven-public/org/apache/maven/maven-model/3.9.6/maven-model-3.9.6.jar
Progress (1): 0/24 MBProgress (1): 0.1/24 MBProgress (1): 0.1/24 MBProgress (1): 0.1/24 MBProgress (1): 0.1/24 MBProgress (1): 0.1/24 MBProgress (1): 0.1/24 MBProgress (1): 0.1/24 MBProgress (1): 0.1/24 MBProgress (1): 0.1/24 MBProgress (1): 0.1/24 MBProgress (1): 0.1/24 MBProgress (1): 0.1/24 MBProgress (1): 0.1/24 MBProgress (1): 0.1/24 MBProgress (1): 0.1/24 MBProgress (1): 0.1/24 MBProgress (1): 0.1/24 MBProgress (1): 0.1/24 MBProgress (1): 0.1/24 MBProgress (1): 0.1/24 MBProgress (1): 0.1/24 MBProgress (1): 0.1/24 MBProgress (1): 0.1/24 MBProgress (1): 0.1/24 MBProgress (1): 0.2/24 MBProgress (1): 0.2/24 MBProgress (1): 0.2/24 MBProgress (1): 0.2/24 MBProgress (1): 0.2/24 MBProgress (1): 0.2/24 MBProgress (1): 0.2/24 MBProgress (1): 0.2/24 MBProgress (1): 0.2/24 MBProgress (1): 0.2/24 MBProgress (1): 0.2/24 MBProgress (2): 0.2/24 MB | 7.1/80 kBProgress (2): 0.2/24 MB | 7.1/80 kBProgress (2): 0.2/24 MB | 15/80 kB Progress (2): 0.2/24 MB | 15/80 kBProgress (2): 0.2/24 MB | 22/80 kBProgress (2): 0.2/24 MB | 22/80 kBProgress (2): 0.2/24 MB | 38/80 kBProgress (2): 0.2/24 MB | 38/80 kBProgress (2): 0.2/24 MB | 55/80 kBProgress (2): 0.3/24 MB | 55/80 kBProgress (2): 0.3/24 MB | 71/80 kBProgress (2): 0.3/24 MB | 71/80 kBProgress (2): 0.3/24 MB | 80 kB                                  Downloaded from paper-repo: https://repo.papermc.io/repository/maven-public/com/mojang/brigadier/1.3.10/brigadier-1.3.10.jar (80 kB at 890 kB/s)
Downloading from paper-repo: https://repo.papermc.io/repository/maven-public/org/apache/maven/maven-model-builder/3.9.6/maven-model-builder-3.9.6.jar
Progress (2): 0.3/24 MB | 7.1/168 kBProgress (2): 0.3/24 MB | 8.2/168 kBProgress (2): 0.3/24 MB | 8.2/168 kBProgress (3): 0.3/24 MB | 8.2/168 kB | 7.0/74 kBProgress (3): 0.3/24 MB | 8.2/168 kB | 15/74 kB Progress (3): 0.3/24 MB | 8.2/168 kB | 16/74 kBProgress (3): 0.3/24 MB | 25/168 kB | 16/74 kB Progress (3): 0.3/24 MB | 25/168 kB | 16/74 kBProgress (3): 0.3/24 MB | 25/168 kB | 16/74 kBProgress (3): 0.3/24 MB | 41/168 kB | 16/74 kBProgress (3): 0.3/24 MB | 41/168 kB | 16/74 kBProgress (3): 0.3/24 MB | 41/168 kB | 33/74 kBProgress (3): 0.3/24 MB | 57/168 kB | 33/74 kBProgress (3): 0.3/24 MB | 57/168 kB | 33/74 kBProgress (3): 0.3/24 MB | 57/168 kB | 49/74 kBProgress (3): 0.3/24 MB | 74/168 kB | 49/74 kBProgress (4): 0.3/24 MB | 74/168 kB | 49/74 kB | 5.5/198 kBProgress (4): 0.3/24 MB | 74/168 kB | 49/74 kB | 22/198 kB Progress (5): 0.3/24 MB | 74/168 kB | 49/74 kB | 22/198 kB | 7.1/218 kBProgress (5): 0.3/24 MB | 74/168 kB | 49/74 kB | 22/198 kB | 8.2/218 kBProgress (5): 0.3/24 MB | 74/168 kB | 49/74 kB | 38/198 kB | 8.2/218 kBProgress (5): 0.3/24 MB | 74/168 kB | 49/74 kB | 55/198 kB | 8.2/218 kBProgress (5): 0.3/24 MB | 74/168 kB | 49/74 kB | 55/198 kB | 16/218 kB Progress (5): 0.3/24 MB | 90/168 kB | 49/74 kB | 55/198 kB | 16/218 kBProgress (5): 0.4/24 MB | 90/168 kB | 49/74 kB | 55/198 kB | 16/218 kBProgress (5): 0.4/24 MB | 90/168 kB | 49/74 kB | 71/198 kB | 16/218 kBProgress (5): 0.4/24 MB | 90/168 kB | 49/74 kB | 87/198 kB | 16/218 kBProgress (5): 0.4/24 MB | 90/168 kB | 49/74 kB | 104/198 kB | 16/218 kBProgress (5): 0.4/24 MB | 106/168 kB | 49/74 kB | 104/198 kB | 16/218 kBProgress (5): 0.4/24 MB | 106/168 kB | 49/74 kB | 120/198 kB | 16/218 kBProgress (5): 0.4/24 MB | 106/168 kB | 49/74 kB | 137/198 kB | 16/218 kBProgress (5): 0.4/24 MB | 106/168 kB | 49/74 kB | 153/198 kB | 16/218 kBProgress (5): 0.4/24 MB | 106/168 kB | 49/74 kB | 169/198 kB | 16/218 kBProgress (5): 0.4/24 MB | 106/168 kB | 49/74 kB | 186/198 kB | 16/218 kBProgress (5): 0.4/24 MB | 106/168 kB | 49/74 kB | 198 kB | 16/218 kB                                                                        Downloaded from paper-repo: https://repo.papermc.io/repository/maven-public/org/apache/maven/maven-model-builder/3.9.6/maven-model-builder-3.9.6.jar (198 kB at 1.8 MB/s)
Downloading from paper-repo: https://repo.papermc.io/repository/maven-public/org/codehaus/plexus/plexus-interpolation/1.26/plexus-interpolation-1.26.jar
Progress (4): 0.4/24 MB | 123/168 kB | 49/74 kB | 16/218 kBProgress (4): 0.4/24 MB | 131/168 kB | 49/74 kB | 16/218 kBProgress (4): 0.4/24 MB | 131/168 kB | 66/74 kB | 16/218 kBProgress (4): 0.4/24 MB | 131/168 kB | 66/74 kB | 16/218 kBProgress (4): 0.4/24 MB | 147/168 kB | 66/74 kB | 16/218 kBProgress (4): 0.4/24 MB | 147/168 kB | 66/74 kB | 33/218 kBProgress (4): 0.4/24 MB | 147/168 kB | 66/74 kB | 33/218 kBProgress (4): 0.4/24 MB | 164/168 kB | 66/74 kB | 33/218 kBProgress (4): 0.4/24 MB | 168 kB | 66/74 kB | 33/218 kB                                                           Downloaded from paper-repo: https://repo.papermc.io/repository/maven-public/net/md-5/bungeecord-chat/1.21-R0.2-deprecated+build.21/bungeecord-chat-1.21-R0.2-deprecated+build.21.jar (168 kB at 1.5 MB/s)
Downloading from paper-repo: https://repo.papermc.io/repository/maven-public/org/apache/maven/maven-artifact/3.9.6/maven-artifact-3.9.6.jar
Progress (3): 0.4/24 MB | 66/74 kB | 33/218 kBProgress (3): 0.4/24 MB | 66/74 kB | 49/218 kBProgress (3): 0.4/24 MB | 74 kB | 49/218 kB                                              Downloaded from paper-repo: https://repo.papermc.io/repository/maven-public/org/apache/maven/maven-resolver-provider/3.9.6/maven-resolver-provider-3.9.6.jar (74 kB at 636 kB/s)
Downloading from paper-repo: https://repo.papermc.io/repository/maven-public/org/apache/commons/commons-lang3/3.12.0/commons-lang3-3.12.0.jar
Progress (2): 0.4/24 MB | 49/218 kBProgress (2): 0.4/24 MB | 66/218 kBProgress (2): 0.4/24 MB | 66/218 kBProgress (2): 0.5/24 MB | 66/218 kBProgress (2): 0.5/24 MB | 82/218 kBProgress (2): 0.5/24 MB | 98/218 kBProgress (3): 0.5/24 MB | 98/218 kB | 7.0/85 kBProgress (3): 0.5/24 MB | 98/218 kB | 15/85 kB Progress (3): 0.5/24 MB | 98/218 kB | 32/85 kBProgress (3): 0.5/24 MB | 98/218 kB | 48/85 kBProgress (3): 0.5/24 MB | 98/218 kB | 57/85 kBProgress (3): 0.5/24 MB | 115/218 kB | 57/85 kBProgress (3): 0.5/24 MB | 115/218 kB | 57/85 kBProgress (3): 0.5/24 MB | 131/218 kB | 57/85 kBProgress (3): 0.5/24 MB | 131/218 kB | 74/85 kBProgress (3): 0.5/24 MB | 147/218 kB | 74/85 kBProgress (3): 0.5/24 MB | 164/218 kB | 74/85 kBProgress (3): 0.5/24 MB | 164/218 kB | 74/85 kBProgress (4): 0.5/24 MB | 164/218 kB | 74/85 kB | 7.1/59 kBProgress (4): 0.5/24 MB | 164/218 kB | 74/85 kB | 15/59 kB Progress (4): 0.5/24 MB | 164/218 kB | 85 kB | 15/59 kB   Progress (4): 0.5/24 MB | 164/218 kB | 85 kB | 32/59 kBProgress (4): 0.5/24 MB | 164/218 kB | 85 kB | 48/59 kBProgress (4): 0.5/24 MB | 164/218 kB | 85 kB | 59 kB   Progress (4): 0.5/24 MB | 180/218 kB | 85 kB | 59 kB                                                    Downloaded from paper-repo: https://repo.papermc.io/repository/maven-public/org/codehaus/plexus/plexus-interpolation/1.26/plexus-interpolation-1.26.jar (85 kB at 642 kB/s)
Downloading from paper-repo: https://repo.papermc.io/repository/maven-public/org/apache/maven/maven-builder-support/3.9.6/maven-builder-support-3.9.6.jar
Downloaded from paper-repo: https://repo.papermc.io/repository/maven-public/org/apache/maven/maven-artifact/3.9.6/maven-artifact-3.9.6.jar (59 kB at 441 kB/s)
Downloading from paper-repo: https://repo.papermc.io/repository/maven-public/org/eclipse/sisu/org.eclipse.sisu.inject/0.9.0.M2/org.eclipse.sisu.inject-0.9.0.M2.jar
Progress (3): 0.5/24 MB | 180/218 kB | 7.1/587 kBProgress (3): 0.5/24 MB | 180/218 kB | 15/587 kB Progress (3): 0.5/24 MB | 180/218 kB | 32/587 kBProgress (3): 0.5/24 MB | 180/218 kB | 48/587 kBProgress (3): 0.5/24 MB | 180/218 kB | 48/587 kBProgress (3): 0.5/24 MB | 180/218 kB | 64/587 kBProgress (3): 0.5/24 MB | 180/218 kB | 81/587 kBProgress (3): 0.5/24 MB | 197/218 kB | 81/587 kBProgress (3): 0.5/24 MB | 197/218 kB | 81/587 kBProgress (3): 0.5/24 MB | 197/218 kB | 97/587 kBProgress (3): 0.5/24 MB | 197/218 kB | 114/587 kBProgress (3): 0.5/24 MB | 197/218 kB | 120/587 kBProgress (3): 0.5/24 MB | 197/218 kB | 137/587 kBProgress (3): 0.5/24 MB | 197/218 kB | 153/587 kBProgress (3): 0.5/24 MB | 197/218 kB | 169/587 kBProgress (3): 0.5/24 MB | 197/218 kB | 169/587 kBProgress (3): 0.5/24 MB | 213/218 kB | 169/587 kBProgress (3): 0.5/24 MB | 218 kB | 169/587 kB    Progress (3): 0.5/24 MB | 218 kB | 169/587 kBProgress (3): 0.5/24 MB | 218 kB | 186/587 kBProgress (3): 0.5/24 MB | 218 kB | 202/587 kB                                             Downloaded from paper-repo: https://repo.papermc.io/repository/maven-public/org/apache/maven/maven-model/3.9.6/maven-model-3.9.6.jar (218 kB at 1.6 MB/s)
Progress (2): 0.5/24 MB | 218/587 kB                                    Downloading from paper-repo: https://repo.papermc.io/repository/maven-public/org/apache/maven/maven-repository-metadata/3.9.6/maven-repository-metadata-3.9.6.jar
Progress (2): 0.5/24 MB | 235/587 kBProgress (2): 0.5/24 MB | 251/587 kBProgress (2): 0.5/24 MB | 268/587 kBProgress (2): 0.6/24 MB | 268/587 kBProgress (2): 0.6/24 MB | 284/587 kBProgress (2): 0.6/24 MB | 284/587 kBProgress (2): 0.6/24 MB | 300/587 kBProgress (2): 0.6/24 MB | 317/587 kBProgress (2): 0.6/24 MB | 333/587 kBProgress (2): 0.6/24 MB | 350/587 kBProgress (2): 0.6/24 MB | 366/587 kBProgress (2): 0.6/24 MB | 382/587 kBProgress (2): 0.6/24 MB | 382/587 kBProgress (2): 0.6/24 MB | 399/587 kBProgress (3): 0.6/24 MB | 399/587 kB | 7.0/14 kBProgress (3): 0.6/24 MB | 399/587 kB | 14 kB                                                Downloaded from paper-repo: https://repo.papermc.io/repository/maven-public/org/apache/maven/maven-builder-support/3.9.6/maven-builder-support-3.9.6.jar (14 kB at 98 kB/s)
Downloading from paper-repo: https://repo.papermc.io/repository/maven-public/org/apache/maven/resolver/maven-resolver-api/1.9.18/maven-resolver-api-1.9.18.jar
Progress (2): 0.6/24 MB | 399/587 kBProgress (2): 0.6/24 MB | 415/587 kBProgress (2): 0.6/24 MB | 431/587 kBProgress (2): 0.6/24 MB | 448/587 kBProgress (2): 0.6/24 MB | 464/587 kBProgress (2): 0.6/24 MB | 481/587 kBProgress (2): 0.6/24 MB | 497/587 kBProgress (2): 0.6/24 MB | 513/587 kBProgress (2): 0.6/24 MB | 513/587 kBProgress (2): 0.6/24 MB | 530/587 kBProgress (2): 0.6/24 MB | 546/587 kBProgress (2): 0.6/24 MB | 563/587 kBProgress (2): 0.6/24 MB | 579/587 kBProgress (2): 0.6/24 MB | 579/587 kBProgress (2): 0.6/24 MB | 587 kB                                    Downloaded from paper-repo: https://repo.papermc.io/repository/maven-public/org/apache/commons/commons-lang3/3.12.0/commons-lang3-3.12.0.jar (587 kB at 3.9 MB/s)
Downloading from paper-repo: https://repo.papermc.io/repository/maven-public/org/apache/maven/resolver/maven-resolver-spi/1.9.18/maven-resolver-spi-1.9.18.jar
Progress (2): 0.6/24 MB | 7.0/425 kBProgress (2): 0.6/24 MB | 15/425 kB Progress (2): 0.6/24 MB | 32/425 kBProgress (2): 0.6/24 MB | 48/425 kBProgress (2): 0.6/24 MB | 64/425 kBProgress (2): 0.6/24 MB | 81/425 kBProgress (2): 0.7/24 MB | 81/425 kBProgress (2): 0.7/24 MB | 97/425 kBProgress (2): 0.7/24 MB | 113/425 kBProgress (2): 0.7/24 MB | 130/425 kBProgress (2): 0.7/24 MB | 131/425 kBProgress (2): 0.7/24 MB | 131/425 kBProgress (2): 0.7/24 MB | 147/425 kBProgress (2): 0.7/24 MB | 164/425 kBProgress (2): 0.7/24 MB | 164/425 kBProgress (2): 0.7/24 MB | 168/425 kBProgress (2): 0.7/24 MB | 168/425 kBProgress (2): 0.7/24 MB | 184/425 kBProgress (2): 0.7/24 MB | 184/425 kBProgress (2): 0.7/24 MB | 197/425 kBProgress (2): 0.7/24 MB | 197/425 kBProgress (3): 0.7/24 MB | 197/425 kB | 7.0/157 kBProgress (3): 0.7/24 MB | 213/425 kB | 7.0/157 kBProgress (3): 0.7/24 MB | 213/425 kB | 15/157 kB Progress (3): 0.7/24 MB | 213/425 kB | 25/157 kBProgress (3): 0.8/24 MB | 213/425 kB | 25/157 kBProgress (3): 0.8/24 MB | 213/425 kB | 25/157 kBProgress (3): 0.8/24 MB | 213/425 kB | 25/157 kBProgress (3): 0.8/24 MB | 229/425 kB | 25/157 kBProgress (3): 0.8/24 MB | 229/425 kB | 41/157 kBProgress (3): 0.8/24 MB | 246/425 kB | 41/157 kBProgress (3): 0.8/24 MB | 246/425 kB | 41/157 kBProgress (3): 0.8/24 MB | 246/425 kB | 57/157 kBProgress (3): 0.8/24 MB | 262/425 kB | 57/157 kBProgress (3): 0.8/24 MB | 262/425 kB | 66/157 kBProgress (3): 0.8/24 MB | 279/425 kB | 66/157 kBProgress (3): 0.8/24 MB | 279/425 kB | 82/157 kBProgress (3): 0.8/24 MB | 279/425 kB | 82/157 kBProgress (3): 0.8/24 MB | 295/425 kB | 82/157 kBProgress (3): 0.8/24 MB | 295/425 kB | 98/157 kBProgress (3): 0.8/24 MB | 295/425 kB | 115/157 kBProgress (3): 0.8/24 MB | 311/425 kB | 115/157 kBProgress (3): 0.8/24 MB | 311/425 kB | 131/157 kBProgress (3): 0.8/24 MB | 328/425 kB | 131/157 kBProgress (3): 0.8/24 MB | 328/425 kB | 147/157 kBProgress (3): 0.8/24 MB | 344/425 kB | 147/157 kBProgress (3): 0.8/24 MB | 344/425 kB | 147/157 kBProgress (3): 0.8/24 MB | 344/425 kB | 157 kB    Progress (3): 0.8/24 MB | 360/425 kB | 157 kB                                             Downloaded from paper-repo: https://repo.papermc.io/repository/maven-public/org/apache/maven/resolver/maven-resolver-api/1.9.18/maven-resolver-api-1.9.18.jar (157 kB at 958 kB/s)
Downloading from paper-repo: https://repo.papermc.io/repository/maven-public/org/apache/maven/resolver/maven-resolver-util/1.9.18/maven-resolver-util-1.9.18.jar
Progress (3): 0.8/24 MB | 360/425 kB | 7.0/52 kBProgress (3): 0.8/24 MB | 360/425 kB | 15/52 kB Progress (3): 0.8/24 MB | 360/425 kB | 32/52 kBProgress (3): 0.8/24 MB | 360/425 kB | 48/52 kBProgress (3): 0.8/24 MB | 360/425 kB | 52 kB                                               Downloaded from paper-repo: https://repo.papermc.io/repository/maven-public/org/apache/maven/resolver/maven-resolver-spi/1.9.18/maven-resolver-spi-1.9.18.jar (52 kB at 312 kB/s)
Progress (2): 0.8/24 MB | 377/425 kBProgress (2): 0.8/24 MB | 393/425 kBProgress (2): 0.9/24 MB | 393/425 kBProgress (2): 0.9/24 MB | 410/425 kBProgress (2): 0.9/24 MB | 410/425 kBProgress (2): 0.9/24 MB | 425 kB    Progress (3): 0.9/24 MB | 425 kB | 7.0/28 kBProgress (3): 0.9/24 MB | 425 kB | 15/28 kB                                            Downloaded from paper-repo: https://repo.papermc.io/repository/maven-public/org/eclipse/sisu/org.eclipse.sisu.inject/0.9.0.M2/org.eclipse.sisu.inject-0.9.0.M2.jar (425 kB at 2.6 MB/s)
Progress (2): 0.9/24 MB | 28 kB                               Downloading from paper-repo: https://repo.papermc.io/repository/maven-public/org/apache/maven/resolver/maven-resolver-impl/1.9.18/maven-resolver-impl-1.9.18.jar
Progress (2): 0.9/24 MB | 28 kB                               Downloaded from paper-repo: https://repo.papermc.io/repository/maven-public/org/apache/maven/maven-repository-metadata/3.9.6/maven-repository-metadata-3.9.6.jar (28 kB at 171 kB/s)
Progress (1): 0.9/24 MB                       Downloading from paper-repo: https://repo.papermc.io/repository/maven-public/org/apache/maven/resolver/maven-resolver-named-locks/1.9.18/maven-resolver-named-locks-1.9.18.jar
Downloading from paper-repo: https://repo.papermc.io/repository/maven-public/org/codehaus/plexus/plexus-utils/3.5.1/plexus-utils-3.5.1.jar
Progress (1): 0.9/24 MBProgress (1): 0.9/24 MBProgress (1): 1.0/24 MBProgress (1): 1.0/24 MBProgress (1): 1.0/24 MBProgress (1): 1.0/24 MBProgress (1): 1.0/24 MBProgress (1): 1.0/24 MBProgress (1): 1.1/24 MBProgress (1): 1.1/24 MBProgress (1): 1.1/24 MBProgress (2): 1.1/24 MB | 7.0/196 kBProgress (2): 1.1/24 MB | 15/196 kB Progress (2): 1.1/24 MB | 25/196 kBProgress (2): 1.1/24 MB | 41/196 kBProgress (2): 1.1/24 MB | 57/196 kBProgress (2): 1.1/24 MB | 74/196 kBProgress (2): 1.1/24 MB | 90/196 kBProgress (2): 1.1/24 MB | 90/196 kBProgress (2): 1.1/24 MB | 106/196 kBProgress (2): 1.1/24 MB | 106/196 kBProgress (2): 1.1/24 MB | 123/196 kBProgress (2): 1.1/24 MB | 139/196 kBProgress (2): 1.1/24 MB | 156/196 kBProgress (2): 1.1/24 MB | 172/196 kBProgress (2): 1.1/24 MB | 188/196 kBProgress (2): 1.1/24 MB | 196 kB    Progress (3): 1.1/24 MB | 196 kB | 7.0/38 kBProgress (3): 1.1/24 MB | 196 kB | 15/38 kB Progress (3): 1.1/24 MB | 196 kB | 32/38 kBProgress (3): 1.1/24 MB | 196 kB | 38 kB                                           Downloaded from paper-repo: https://repo.papermc.io/repository/maven-public/org/apache/maven/resolver/maven-resolver-util/1.9.18/maven-resolver-util-1.9.18.jar (196 kB at 1.1 MB/s)
Downloading from paper-repo: https://repo.papermc.io/repository/maven-public/javax/inject/javax.inject/1/javax.inject-1.jar
Downloaded from paper-repo: https://repo.papermc.io/repository/maven-public/org/apache/maven/resolver/maven-resolver-named-locks/1.9.18/maven-resolver-named-locks-1.9.18.jar (38 kB at 209 kB/s)
Downloading from paper-repo: https://repo.papermc.io/repository/maven-public/net/kyori/adventure-api/5.2.0/adventure-api-5.2.0.jar
Progress (1): 1.1/24 MBProgress (1): 1.1/24 MBProgress (1): 1.2/24 MBProgress (1): 1.2/24 MBProgress (2): 1.2/24 MB | 7.1/269 kBProgress (2): 1.2/24 MB | 15/269 kB Progress (2): 1.2/24 MB | 22/269 kBProgress (2): 1.2/24 MB | 38/269 kBProgress (2): 1.2/24 MB | 55/269 kBProgress (2): 1.2/24 MB | 71/269 kBProgress (2): 1.2/24 MB | 71/269 kBProgress (2): 1.2/24 MB | 71/269 kBProgress (2): 1.2/24 MB | 87/269 kBProgress (2): 1.2/24 MB | 87/269 kBProgress (2): 1.2/24 MB | 104/269 kBProgress (2): 1.2/24 MB | 120/269 kBProgress (2): 1.2/24 MB | 137/269 kBProgress (2): 1.2/24 MB | 137/269 kBProgress (2): 1.2/24 MB | 153/269 kBProgress (2): 1.3/24 MB | 153/269 kBProgress (2): 1.3/24 MB | 169/269 kBProgress (2): 1.3/24 MB | 186/269 kBProgress (2): 1.3/24 MB | 202/269 kBProgress (2): 1.3/24 MB | 202/269 kBProgress (2): 1.3/24 MB | 202/269 kBProgress (2): 1.3/24 MB | 219/269 kBProgress (2): 1.3/24 MB | 235/269 kBProgress (2): 1.3/24 MB | 251/269 kBProgress (2): 1.3/24 MB | 251/269 kBProgress (2): 1.3/24 MB | 268/269 kBProgress (2): 1.3/24 MB | 269 kB                                    Downloaded from paper-repo: https://repo.papermc.io/repository/maven-public/org/codehaus/plexus/plexus-utils/3.5.1/plexus-utils-3.5.1.jar (269 kB at 1.4 MB/s)
Downloading from paper-repo: https://repo.papermc.io/repository/maven-public/org/jetbrains/annotations/26.1.0/annotations-26.1.0.jar
Progress (1): 1.3/24 MBProgress (1): 1.3/24 MBProgress (2): 1.3/24 MB | 7.0/318 kBProgress (2): 1.3/24 MB | 15/318 kB Progress (2): 1.3/24 MB | 22/318 kBProgress (2): 1.3/24 MB | 38/318 kBProgress (2): 1.3/24 MB | 55/318 kBProgress (2): 1.3/24 MB | 71/318 kBProgress (2): 1.3/24 MB | 87/318 kBProgress (2): 1.3/24 MB | 104/318 kBProgress (2): 1.3/24 MB | 120/318 kBProgress (2): 1.3/24 MB | 137/318 kBProgress (2): 1.4/24 MB | 137/318 kBProgress (2): 1.4/24 MB | 137/318 kBProgress (2): 1.4/24 MB | 137/318 kBProgress (2): 1.4/24 MB | 137/318 kBProgress (2): 1.4/24 MB | 153/318 kBProgress (2): 1.4/24 MB | 169/318 kBProgress (2): 1.4/24 MB | 169/318 kBProgress (2): 1.4/24 MB | 186/318 kBProgress (2): 1.4/24 MB | 186/318 kBProgress (2): 1.4/24 MB | 202/318 kBProgress (2): 1.4/24 MB | 218/318 kBProgress (2): 1.5/24 MB | 218/318 kBProgress (2): 1.5/24 MB | 235/318 kBProgress (2): 1.5/24 MB | 235/318 kBProgress (2): 1.5/24 MB | 251/318 kBProgress (2): 1.5/24 MB | 268/318 kBProgress (2): 1.5/24 MB | 268/318 kBProgress (2): 1.5/24 MB | 284/318 kBProgress (2): 1.5/24 MB | 284/318 kBProgress (2): 1.5/24 MB | 300/318 kBProgress (2): 1.5/24 MB | 317/318 kBProgress (2): 1.5/24 MB | 318 kB                                    Downloaded from paper-repo: https://repo.papermc.io/repository/maven-public/org/apache/maven/resolver/maven-resolver-impl/1.9.18/maven-resolver-impl-1.9.18.jar (318 kB at 1.7 MB/s)
Downloading from paper-repo: https://repo.papermc.io/repository/maven-public/net/kyori/adventure-key/5.2.0/adventure-key-5.2.0.jar
Progress (2): 1.5/24 MB | 2.5 kB                                Downloaded from paper-repo: https://repo.papermc.io/repository/maven-public/javax/inject/javax.inject/1/javax.inject-1.jar (2.5 kB at 13 kB/s)
Progress (2): 1.5/24 MB | 7.1/428 kBProgress (2): 1.5/24 MB | 15/428 kB Progress (2): 1.5/24 MB | 25/428 kBProgress (2): 1.5/24 MB | 41/428 kBProgress (2): 1.5/24 MB | 57/428 kBProgress (2): 1.5/24 MB | 74/428 kBProgress (2): 1.5/24 MB | 90/428 kBProgress (2): 1.5/24 MB | 106/428 kBProgress (2): 1.5/24 MB | 123/428 kBProgress (2): 1.5/24 MB | 131/428 kBProgress (2): 1.5/24 MB | 147/428 kBProgress (2): 1.5/24 MB | 164/428 kB                                    Downloading from paper-repo: https://repo.papermc.io/repository/maven-public/net/kyori/adventure-text-minimessage/5.2.0/adventure-text-minimessage-5.2.0.jar
Progress (2): 1.5/24 MB | 180/428 kBProgress (2): 1.5/24 MB | 197/428 kBProgress (2): 1.5/24 MB | 197/428 kBProgress (2): 1.5/24 MB | 213/428 kBProgress (2): 1.5/24 MB | 213/428 kBProgress (2): 1.5/24 MB | 229/428 kBProgress (2): 1.6/24 MB | 229/428 kBProgress (2): 1.6/24 MB | 246/428 kBProgress (2): 1.6/24 MB | 246/428 kBProgress (2): 1.6/24 MB | 246/428 kBProgress (2): 1.6/24 MB | 262/428 kBProgress (2): 1.6/24 MB | 262/428 kBProgress (2): 1.6/24 MB | 279/428 kBProgress (2): 1.6/24 MB | 279/428 kBProgress (2): 1.6/24 MB | 279/428 kBProgress (2): 1.6/24 MB | 295/428 kBProgress (2): 1.7/24 MB | 295/428 kBProgress (2): 1.7/24 MB | 311/428 kBProgress (2): 1.7/24 MB | 311/428 kBProgress (2): 1.7/24 MB | 328/428 kBProgress (2): 1.7/24 MB | 328/428 kBProgress (2): 1.7/24 MB | 344/428 kBProgress (2): 1.7/24 MB | 344/428 kBProgress (2): 1.7/24 MB | 360/428 kBProgress (2): 1.7/24 MB | 360/428 kBProgress (2): 1.7/24 MB | 377/428 kBProgress (2): 1.7/24 MB | 377/428 kBProgress (2): 1.7/24 MB | 393/428 kBProgress (2): 1.7/24 MB | 410/428 kBProgress (2): 1.7/24 MB | 426/428 kBProgress (2): 1.7/24 MB | 428 kB                                    Downloaded from paper-repo: https://repo.papermc.io/repository/maven-public/net/kyori/adventure-api/5.2.0/adventure-api-5.2.0.jar (428 kB at 2.1 MB/s)
Downloading from paper-repo: https://repo.papermc.io/repository/maven-public/net/kyori/adventure-text-serializer-gson/5.2.0/adventure-text-serializer-gson-5.2.0.jar
Progress (1): 1.8/24 MBProgress (1): 1.8/24 MBProgress (1): 1.8/24 MBProgress (1): 1.8/24 MBProgress (1): 1.8/24 MBProgress (1): 1.8/24 MBProgress (1): 1.8/24 MBProgress (1): 1.9/24 MBProgress (1): 1.9/24 MBProgress (1): 1.9/24 MBProgress (1): 1.9/24 MBProgress (1): 1.9/24 MBProgress (1): 1.9/24 MBProgress (1): 2.0/24 MBProgress (2): 2.0/24 MB | 5.5/31 kBProgress (2): 2.0/24 MB | 5.5/31 kBProgress (2): 2.0/24 MB | 22/31 kB Progress (2): 2.0/24 MB | 31 kB   Progress (2): 2.0/24 MB | 31 kBProgress (2): 2.0/24 MB | 31 kB                               Downloaded from paper-repo: https://repo.papermc.io/repository/maven-public/org/jetbrains/annotations/26.1.0/annotations-26.1.0.jar (31 kB at 151 kB/s)
Downloading from paper-repo: https://repo.papermc.io/repository/maven-public/net/kyori/adventure-text-serializer-json/5.2.0/adventure-text-serializer-json-5.2.0.jar
Progress (1): 2.0/24 MBProgress (1): 2.0/24 MBProgress (1): 2.1/24 MBProgress (1): 2.1/24 MBProgress (1): 2.1/24 MBProgress (1): 2.1/24 MBProgress (1): 2.1/24 MBProgress (1): 2.1/24 MBProgress (2): 2.1/24 MB | 7.1/11 kBProgress (2): 2.1/24 MB | 8.2/11 kBProgress (2): 2.1/24 MB | 11 kB    Progress (2): 2.2/24 MB | 11 kBProgress (2): 2.2/24 MB | 11 kBProgress (2): 2.2/24 MB | 11 kB                               Downloaded from paper-repo: https://repo.papermc.io/repository/maven-public/net/kyori/adventure-key/5.2.0/adventure-key-5.2.0.jar (11 kB at 53 kB/s)
Downloading from paper-repo: https://repo.papermc.io/repository/maven-public/net/kyori/option/1.1.0/option-1.1.0.jar
Progress (1): 2.2/24 MBProgress (1): 2.2/24 MBProgress (1): 2.2/24 MBProgress (1): 2.3/24 MBProgress (1): 2.3/24 MBProgress (1): 2.3/24 MBProgress (1): 2.3/24 MBProgress (1): 2.3/24 MBProgress (1): 2.3/24 MBProgress (1): 2.4/24 MBProgress (1): 2.4/24 MBProgress (1): 2.4/24 MBProgress (1): 2.4/24 MBProgress (1): 2.4/24 MBProgress (1): 2.4/24 MBProgress (2): 2.4/24 MB | 7.0/68 kBProgress (2): 2.4/24 MB | 15/68 kB Progress (2): 2.4/24 MB | 22/68 kBProgress (2): 2.4/24 MB | 38/68 kBProgress (2): 2.4/24 MB | 55/68 kBProgress (2): 2.4/24 MB | 68 kB                                  Downloaded from paper-repo: https://repo.papermc.io/repository/maven-public/net/kyori/adventure-text-serializer-gson/5.2.0/adventure-text-serializer-gson-5.2.0.jar (68 kB at 316 kB/s)
Downloading from paper-repo: https://repo.papermc.io/repository/maven-public/com/google/auto/service/auto-service-annotations/1.1.1/auto-service-annotations-1.1.1.jar
Progress (1): 2.5/24 MBProgress (2): 2.5/24 MB | 7.0/204 kBProgress (2): 2.5/24 MB | 15/204 kB Progress (2): 2.5/24 MB | 15/204 kBProgress (2): 2.5/24 MB | 15/204 kBProgress (2): 2.5/24 MB | 32/204 kBProgress (2): 2.5/24 MB | 32/204 kBProgress (2): 2.5/24 MB | 48/204 kBProgress (2): 2.5/24 MB | 48/204 kBProgress (2): 2.5/24 MB | 48/204 kBProgress (2): 2.5/24 MB | 64/204 kBProgress (2): 2.5/24 MB | 81/204 kBProgress (2): 2.6/24 MB | 81/204 kBProgress (2): 2.6/24 MB | 81/204 kBProgress (2): 2.6/24 MB | 81/204 kBProgress (2): 2.6/24 MB | 81/204 kBProgress (2): 2.6/24 MB | 97/204 kBProgress (2): 2.6/24 MB | 97/204 kBProgress (2): 2.6/24 MB | 113/204 kBProgress (2): 2.6/24 MB | 113/204 kBProgress (2): 2.6/24 MB | 130/204 kBProgress (2): 2.6/24 MB | 130/204 kBProgress (2): 2.7/24 MB | 130/204 kBProgress (2): 2.7/24 MB | 146/204 kBProgress (2): 2.7/24 MB | 163/204 kBProgress (2): 2.7/24 MB | 164/204 kBProgress (2): 2.7/24 MB | 164/204 kBProgress (2): 2.7/24 MB | 180/204 kBProgress (2): 2.7/24 MB | 180/204 kBProgress (2): 2.7/24 MB | 180/204 kBProgress (2): 2.7/24 MB | 180/204 kBProgress (3): 2.7/24 MB | 180/204 kB | 7.0/16 kBProgress (3): 2.7/24 MB | 180/204 kB | 7.0/16 kBProgress (3): 2.7/24 MB | 180/204 kB | 15/16 kB Progress (3): 2.7/24 MB | 180/204 kB | 16 kB   Progress (3): 2.8/24 MB | 180/204 kB | 16 kBProgress (3): 2.8/24 MB | 197/204 kB | 16 kB                                            Downloaded from paper-repo: https://repo.papermc.io/repository/maven-public/net/kyori/adventure-text-serializer-json/5.2.0/adventure-text-serializer-json-5.2.0.jar (16 kB at 72 kB/s)
Progress (2): 2.8/24 MB | 197/204 kB                                    Downloading from paper-repo: https://repo.papermc.io/repository/maven-public/net/kyori/adventure-text-serializer-commons/5.2.0/adventure-text-serializer-commons-5.2.0.jar
Progress (2): 2.8/24 MB | 204 kBProgress (2): 2.8/24 MB | 204 kBProgress (2): 2.8/24 MB | 204 kB                                Downloaded from paper-repo: https://repo.papermc.io/repository/maven-public/net/kyori/adventure-text-minimessage/5.2.0/adventure-text-minimessage-5.2.0.jar (204 kB at 922 kB/s)
Downloading from paper-repo: https://repo.papermc.io/repository/maven-public/net/kyori/adventure-text-serializer-legacy/5.2.0/adventure-text-serializer-legacy-5.2.0.jar
Progress (1): 2.8/24 MBProgress (1): 2.8/24 MBProgress (1): 2.9/24 MBProgress (1): 2.9/24 MBProgress (1): 2.9/24 MBProgress (1): 2.9/24 MBProgress (1): 2.9/24 MBProgress (1): 2.9/24 MBProgress (1): 3.0/24 MBProgress (1): 3.0/24 MBProgress (1): 3.0/24 MBProgress (1): 3.0/24 MBProgress (1): 3.0/24 MBProgress (1): 3.0/24 MBProgress (1): 3.1/24 MBProgress (1): 3.1/24 MBProgress (1): 3.1/24 MBProgress (1): 3.1/24 MBProgress (1): 3.1/24 MBProgress (1): 3.1/24 MBProgress (1): 3.2/24 MBProgress (1): 3.2/24 MBProgress (1): 3.2/24 MBProgress (1): 3.2/24 MBProgress (1): 3.2/24 MBProgress (1): 3.2/24 MBProgress (1): 3.2/24 MBProgress (1): 3.3/24 MBProgress (1): 3.3/24 MBProgress (1): 3.3/24 MBProgress (1): 3.3/24 MBProgress (1): 3.3/24 MBProgress (1): 3.3/24 MBProgress (1): 3.3/24 MBProgress (1): 3.4/24 MBProgress (1): 3.4/24 MBProgress (1): 3.4/24 MBProgress (1): 3.4/24 MBProgress (2): 3.4/24 MB | 7.1/32 kBProgress (2): 3.4/24 MB | 15/32 kB Progress (2): 3.4/24 MB | 15/32 kBProgress (2): 3.4/24 MB | 32/32 kBProgress (2): 3.4/24 MB | 32 kB   Progress (2): 3.4/24 MB | 32 kBProgress (2): 3.5/24 MB | 32 kBProgress (2): 3.5/24 MB | 32 kBProgress (2): 3.5/24 MB | 32 kB                               Downloaded from paper-repo: https://repo.papermc.io/repository/maven-public/net/kyori/option/1.1.0/option-1.1.0.jar (32 kB at 141 kB/s)
Progress (1): 3.5/24 MBProgress (1): 3.5/24 MBProgress (1): 3.5/24 MBProgress (1): 3.6/24 MBProgress (1): 3.6/24 MBProgress (1): 3.6/24 MBProgress (1): 3.6/24 MB                       Downloading from paper-repo: https://repo.papermc.io/repository/maven-public/net/kyori/adventure-text-serializer-plain/5.2.0/adventure-text-serializer-plain-5.2.0.jar
Progress (1): 3.6/24 MBProgress (1): 3.6/24 MBProgress (1): 3.7/24 MBProgress (1): 3.7/24 MBProgress (1): 3.7/24 MBProgress (1): 3.7/24 MBProgress (1): 3.7/24 MBProgress (1): 3.7/24 MBProgress (2): 3.7/24 MB | 3.2 kB                                Downloaded from paper-repo: https://repo.papermc.io/repository/maven-public/com/google/auto/service/auto-service-annotations/1.1.1/auto-service-annotations-1.1.1.jar (3.2 kB at 14 kB/s)
Downloading from paper-repo: https://repo.papermc.io/repository/maven-public/net/kyori/adventure-text-logger-slf4j/5.2.0/adventure-text-logger-slf4j-5.2.0.jar
Progress (2): 3.7/24 MB | 7.0/30 kBProgress (2): 3.7/24 MB | 15/30 kB Progress (2): 3.7/24 MB | 30 kB                                  Downloaded from paper-repo: https://repo.papermc.io/repository/maven-public/net/kyori/adventure-text-serializer-legacy/5.2.0/adventure-text-serializer-legacy-5.2.0.jar (30 kB at 131 kB/s)
Progress (1): 3.8/24 MBProgress (2): 3.8/24 MB | 3.6 kB                                Downloading from paper-repo: https://repo.papermc.io/repository/maven-public/org/jspecify/jspecify/1.0.0/jspecify-1.0.0.jar
Progress (2): 3.8/24 MB | 3.6 kBProgress (2): 3.8/24 MB | 3.6 kBProgress (2): 3.8/24 MB | 3.6 kBProgress (2): 3.8/24 MB | 3.6 kBProgress (2): 3.8/24 MB | 3.6 kB                                Downloaded from paper-repo: https://repo.papermc.io/repository/maven-public/net/kyori/adventure-text-serializer-commons/5.2.0/adventure-text-serializer-commons-5.2.0.jar (3.6 kB at 16 kB/s)
Progress (1): 3.8/24 MB                       Downloading from paper-repo: https://repo.papermc.io/repository/maven-public/org/checkerframework/checker-qual/3.49.2/checker-qual-3.49.2.jar
Progress (1): 3.9/24 MBProgress (1): 3.9/24 MBProgress (1): 3.9/24 MBProgress (1): 3.9/24 MBProgress (1): 3.9/24 MBProgress (1): 3.9/24 MBProgress (1): 4.0/24 MBProgress (1): 4.0/24 MBProgress (1): 4.0/24 MBProgress (1): 4.0/24 MBProgress (1): 4.0/24 MBProgress (1): 4.0/24 MBProgress (1): 4.1/24 MBProgress (1): 4.1/24 MBProgress (1): 4.1/24 MBProgress (1): 4.1/24 MBProgress (1): 4.1/24 MBProgress (1): 4.1/24 MBProgress (1): 4.2/24 MBProgress (1): 4.2/24 MBProgress (1): 4.2/24 MBProgress (1): 4.2/24 MBProgress (1): 4.2/24 MBProgress (1): 4.2/24 MBProgress (1): 4.3/24 MBProgress (1): 4.3/24 MBProgress (1): 4.3/24 MBProgress (1): 4.3/24 MBProgress (1): 4.3/24 MBProgress (1): 4.3/24 MBProgress (1): 4.4/24 MBProgress (1): 4.4/24 MBProgress (1): 4.4/24 MBProgress (1): 4.4/24 MBProgress (1): 4.4/24 MBProgress (1): 4.4/24 MBProgress (1): 4.4/24 MBProgress (1): 4.5/24 MBProgress (1): 4.5/24 MBProgress (1): 4.5/24 MBProgress (1): 4.5/24 MBProgress (1): 4.5/24 MBProgress (1): 4.5/24 MBProgress (1): 4.6/24 MBProgress (1): 4.6/24 MBProgress (1): 4.6/24 MBProgress (1): 4.6/24 MBProgress (1): 4.6/24 MBProgress (1): 4.6/24 MBProgress (1): 4.7/24 MBProgress (1): 4.7/24 MBProgress (1): 4.7/24 MBProgress (1): 4.7/24 MBProgress (1): 4.7/24 MBProgress (1): 4.7/24 MBProgress (1): 4.8/24 MBProgress (1): 4.8/24 MBProgress (1): 4.8/24 MBProgress (1): 4.8/24 MBProgress (1): 4.8/24 MBProgress (1): 4.8/24 MBProgress (1): 4.8/24 MBProgress (1): 4.9/24 MBProgress (1): 4.9/24 MBProgress (1): 4.9/24 MBProgress (1): 4.9/24 MBProgress (1): 4.9/24 MBProgress (1): 4.9/24 MBProgress (1): 5.0/24 MBProgress (1): 5.0/24 MBProgress (1): 5.0/24 MBProgress (1): 5.0/24 MBProgress (1): 5.0/24 MBProgress (2): 5.0/24 MB | 7.0/25 kBProgress (2): 5.0/24 MB | 15/25 kB Progress (2): 5.0/24 MB | 25/25 kBProgress (2): 5.0/24 MB | 25 kB   Progress (3): 5.0/24 MB | 25 kB | 7.1/238 kBProgress (3): 5.0/24 MB | 25 kB | 15/238 kB Progress (3): 5.0/24 MB | 25 kB | 25/238 kB                                           Downloaded from paper-repo: https://repo.papermc.io/repository/maven-public/net/kyori/adventure-text-logger-slf4j/5.2.0/adventure-text-logger-slf4j-5.2.0.jar (25 kB at 101 kB/s)
Downloading from paper-repo: https://repo.papermc.io/repository/maven-public/org/apache/maven/resolver/maven-resolver-connector-basic/1.9.18/maven-resolver-connector-basic-1.9.18.jar
Progress (2): 5.0/24 MB | 41/238 kBProgress (3): 5.0/24 MB | 41/238 kB | 7.0/8.6 kBProgress (3): 5.0/24 MB | 41/238 kB | 8.6 kB    Progress (3): 5.0/24 MB | 57/238 kB | 8.6 kB                                            Downloaded from paper-repo: https://repo.papermc.io/repository/maven-public/net/kyori/adventure-text-serializer-plain/5.2.0/adventure-text-serializer-plain-5.2.0.jar (8.6 kB at 35 kB/s)
Downloading from paper-repo: https://repo.papermc.io/repository/maven-public/org/apache/maven/resolver/maven-resolver-transport-http/1.9.18/maven-resolver-transport-http-1.9.18.jar
Progress (3): 5.0/24 MB | 57/238 kB | 3.8 kBProgress (3): 5.0/24 MB | 74/238 kB | 3.8 kBProgress (3): 5.0/24 MB | 90/238 kB | 3.8 kB                                            Downloaded from paper-repo: https://repo.papermc.io/repository/maven-public/org/jspecify/jspecify/1.0.0/jspecify-1.0.0.jar (3.8 kB at 15 kB/s)
Downloading from paper-repo: https://repo.papermc.io/repository/maven-public/org/apache/httpcomponents/httpclient/4.5.14/httpclient-4.5.14.jar
Progress (2): 5.0/24 MB | 90/238 kBProgress (2): 5.1/24 MB | 90/238 kBProgress (2): 5.1/24 MB | 90/238 kBProgress (2): 5.1/24 MB | 90/238 kBProgress (2): 5.1/24 MB | 90/238 kBProgress (2): 5.1/24 MB | 90/238 kBProgress (2): 5.1/24 MB | 90/238 kBProgress (2): 5.2/24 MB | 90/238 kBProgress (2): 5.2/24 MB | 90/238 kBProgress (2): 5.2/24 MB | 90/238 kBProgress (2): 5.2/24 MB | 90/238 kBProgress (2): 5.2/24 MB | 90/238 kBProgress (2): 5.2/24 MB | 90/238 kBProgress (2): 5.2/24 MB | 90/238 kBProgress (2): 5.3/24 MB | 90/238 kBProgress (2): 5.3/24 MB | 90/238 kBProgress (2): 5.3/24 MB | 106/238 kBProgress (2): 5.3/24 MB | 106/238 kBProgress (2): 5.3/24 MB | 106/238 kBProgress (2): 5.3/24 MB | 123/238 kBProgress (2): 5.3/24 MB | 123/238 kBProgress (2): 5.3/24 MB | 139/238 kBProgress (2): 5.3/24 MB | 139/238 kBProgress (2): 5.3/24 MB | 156/238 kBProgress (2): 5.4/24 MB | 156/238 kBProgress (2): 5.4/24 MB | 172/238 kBProgress (2): 5.4/24 MB | 172/238 kBProgress (2): 5.4/24 MB | 188/238 kBProgress (2): 5.4/24 MB | 188/238 kBProgress (2): 5.4/24 MB | 205/238 kBProgress (2): 5.4/24 MB | 205/238 kBProgress (2): 5.4/24 MB | 205/238 kBProgress (2): 5.4/24 MB | 205/238 kBProgress (2): 5.4/24 MB | 205/238 kBProgress (2): 5.4/24 MB | 217/238 kBProgress (2): 5.4/24 MB | 217/238 kBProgress (2): 5.4/24 MB | 233/238 kBProgress (2): 5.4/24 MB | 238 kB    Progress (2): 5.5/24 MB | 238 kBProgress (2): 5.5/24 MB | 238 kB                                Downloaded from paper-repo: https://repo.papermc.io/repository/maven-public/org/checkerframework/checker-qual/3.49.2/checker-qual-3.49.2.jar (238 kB at 945 kB/s)
Progress (1): 5.5/24 MBProgress (1): 5.5/24 MB                       Downloading from paper-repo: https://repo.papermc.io/repository/maven-public/org/apache/httpcomponents/httpcore/4.4.16/httpcore-4.4.16.jar
Progress (1): 5.5/24 MBProgress (1): 5.5/24 MBProgress (1): 5.6/24 MBProgress (1): 5.6/24 MBProgress (1): 5.6/24 MBProgress (1): 5.6/24 MBProgress (1): 5.6/24 MBProgress (1): 5.6/24 MBProgress (1): 5.7/24 MBProgress (1): 5.7/24 MBProgress (1): 5.7/24 MBProgress (1): 5.7/24 MBProgress (1): 5.7/24 MBProgress (1): 5.7/24 MBProgress (1): 5.7/24 MBProgress (1): 5.8/24 MBProgress (1): 5.8/24 MBProgress (1): 5.8/24 MBProgress (1): 5.8/24 MBProgress (1): 5.8/24 MBProgress (1): 5.8/24 MBProgress (1): 5.9/24 MBProgress (1): 5.9/24 MBProgress (1): 5.9/24 MBProgress (1): 5.9/24 MBProgress (1): 5.9/24 MBProgress (1): 5.9/24 MBProgress (1): 6.0/24 MBProgress (1): 6.0/24 MBProgress (1): 6.0/24 MBProgress (1): 6.0/24 MBProgress (1): 6.0/24 MBProgress (1): 6.0/24 MBProgress (1): 6.0/24 MBProgress (1): 6.1/24 MBProgress (1): 6.1/24 MBProgress (1): 6.1/24 MBProgress (1): 6.1/24 MBProgress (1): 6.1/24 MBProgress (2): 6.1/24 MB | 5.4/40 kBProgress (2): 6.1/24 MB | 5.4/40 kBProgress (2): 6.2/24 MB | 5.4/40 kBProgress (2): 6.2/24 MB | 5.4/40 kBProgress (2): 6.2/24 MB | 22/40 kB Progress (2): 6.2/24 MB | 38/40 kBProgress (2): 6.2/24 MB | 40 kB                                  Downloaded from paper-repo: https://repo.papermc.io/repository/maven-public/org/apache/maven/resolver/maven-resolver-connector-basic/1.9.18/maven-resolver-connector-basic-1.9.18.jar (40 kB at 154 kB/s)
Downloading from paper-repo: https://repo.papermc.io/repository/maven-public/commons-codec/commons-codec/1.16.0/commons-codec-1.16.0.jar
Progress (1): 6.2/24 MBProgress (1): 6.2/24 MBProgress (1): 6.2/24 MBProgress (1): 6.2/24 MBProgress (1): 6.3/24 MBProgress (1): 6.3/24 MBProgress (1): 6.3/24 MBProgress (1): 6.3/24 MBProgress (1): 6.3/24 MBProgress (2): 6.3/24 MB | 7.1/786 kBProgress (2): 6.3/24 MB | 15/786 kB Progress (2): 6.3/24 MB | 15/786 kBProgress (2): 6.3/24 MB | 22/786 kBProgress (2): 6.3/24 MB | 22/786 kBProgress (2): 6.3/24 MB | 38/786 kBProgress (2): 6.4/24 MB | 38/786 kBProgress (2): 6.4/24 MB | 55/786 kBProgress (2): 6.4/24 MB | 55/786 kBProgress (2): 6.4/24 MB | 71/786 kBProgress (2): 6.4/24 MB | 71/786 kBProgress (2): 6.4/24 MB | 87/786 kBProgress (2): 6.4/24 MB | 104/786 kBProgress (2): 6.4/24 MB | 120/786 kBProgress (3): 6.4/24 MB | 120/786 kB | 7.0/56 kBProgress (3): 6.4/24 MB | 120/786 kB | 15/56 kB Progress (3): 6.4/24 MB | 120/786 kB | 15/56 kBProgress (3): 6.4/24 MB | 137/786 kB | 15/56 kBProgress (3): 6.4/24 MB | 137/786 kB | 22/56 kBProgress (3): 6.4/24 MB | 153/786 kB | 22/56 kBProgress (3): 6.4/24 MB | 153/786 kB | 38/56 kBProgress (3): 6.4/24 MB | 153/786 kB | 38/56 kBProgress (3): 6.4/24 MB | 169/786 kB | 38/56 kBProgress (3): 6.4/24 MB | 169/786 kB | 55/56 kBProgress (3): 6.4/24 MB | 169/786 kB | 56 kB   Progress (3): 6.4/24 MB | 186/786 kB | 56 kBProgress (3): 6.4/24 MB | 186/786 kB | 56 kBProgress (3): 6.4/24 MB | 202/786 kB | 56 kB                                            Downloaded from paper-repo: https://repo.papermc.io/repository/maven-public/org/apache/maven/resolver/maven-resolver-transport-http/1.9.18/maven-resolver-transport-http-1.9.18.jar (56 kB at 211 kB/s)
Downloading from paper-repo: https://repo.papermc.io/repository/maven-public/org/slf4j/jcl-over-slf4j/1.7.36/jcl-over-slf4j-1.7.36.jar
Progress (2): 6.4/24 MB | 219/786 kBProgress (2): 6.4/24 MB | 235/786 kBProgress (2): 6.5/24 MB | 235/786 kBProgress (2): 6.5/24 MB | 251/786 kBProgress (2): 6.5/24 MB | 251/786 kBProgress (2): 6.5/24 MB | 268/786 kBProgress (2): 6.5/24 MB | 284/786 kBProgress (2): 6.5/24 MB | 284/786 kBProgress (2): 6.5/24 MB | 300/786 kBProgress (2): 6.5/24 MB | 300/786 kBProgress (2): 6.5/24 MB | 317/786 kBProgress (2): 6.5/24 MB | 333/786 kBProgress (2): 6.5/24 MB | 333/786 kBProgress (2): 6.5/24 MB | 350/786 kBProgress (2): 6.5/24 MB | 350/786 kBProgress (2): 6.5/24 MB | 366/786 kBProgress (2): 6.5/24 MB | 382/786 kBProgress (2): 6.6/24 MB | 382/786 kBProgress (2): 6.6/24 MB | 399/786 kBProgress (2): 6.6/24 MB | 399/786 kBProgress (2): 6.6/24 MB | 410/786 kBProgress (2): 6.6/24 MB | 410/786 kBProgress (2): 6.6/24 MB | 410/786 kBProgress (2): 6.6/24 MB | 426/786 kBProgress (2): 6.6/24 MB | 426/786 kBProgress (2): 6.6/24 MB | 442/786 kBProgress (2): 6.6/24 MB | 442/786 kBProgress (2): 6.6/24 MB | 459/786 kBProgress (2): 6.6/24 MB | 459/786 kBProgress (2): 6.7/24 MB | 459/786 kBProgress (2): 6.7/24 MB | 475/786 kBProgress (2): 6.7/24 MB | 492/786 kBProgress (2): 6.7/24 MB | 492/786 kBProgress (2): 6.7/24 MB | 508/786 kBProgress (2): 6.7/24 MB | 524/786 kBProgress (2): 6.7/24 MB | 524/786 kBProgress (2): 6.7/24 MB | 541/786 kBProgress (2): 6.7/24 MB | 557/786 kBProgress (2): 6.7/24 MB | 573/786 kBProgress (2): 6.7/24 MB | 573/786 kBProgress (2): 6.7/24 MB | 590/786 kBProgress (2): 6.7/24 MB | 590/786 kBProgress (2): 6.7/24 MB | 590/786 kBProgress (2): 6.8/24 MB | 590/786 kBProgress (3): 6.8/24 MB | 590/786 kB | 7.1/328 kBProgress (3): 6.8/24 MB | 590/786 kB | 15/328 kB Progress (3): 6.8/24 MB | 590/786 kB | 15/328 kBProgress (3): 6.8/24 MB | 590/786 kB | 22/328 kBProgress (3): 6.8/24 MB | 590/786 kB | 22/328 kBProgress (3): 6.8/24 MB | 590/786 kB | 38/328 kBProgress (3): 6.8/24 MB | 590/786 kB | 38/328 kBProgress (3): 6.8/24 MB | 590/786 kB | 55/328 kBProgress (3): 6.8/24 MB | 590/786 kB | 55/328 kBProgress (3): 6.8/24 MB | 590/786 kB | 71/328 kBProgress (3): 6.8/24 MB | 590/786 kB | 71/328 kBProgress (3): 6.8/24 MB | 590/786 kB | 87/328 kBProgress (3): 6.9/24 MB | 590/786 kB | 87/328 kBProgress (3): 6.9/24 MB | 590/786 kB | 104/328 kBProgress (3): 6.9/24 MB | 590/786 kB | 104/328 kBProgress (3): 6.9/24 MB | 590/786 kB | 120/328 kBProgress (3): 6.9/24 MB | 590/786 kB | 120/328 kBProgress (3): 6.9/24 MB | 590/786 kB | 120/328 kBProgress (3): 6.9/24 MB | 590/786 kB | 137/328 kBProgress (3): 6.9/24 MB | 590/786 kB | 137/328 kBProgress (3): 6.9/24 MB | 590/786 kB | 153/328 kBProgress (3): 6.9/24 MB | 590/786 kB | 169/328 kBProgress (3): 6.9/24 MB | 590/786 kB | 186/328 kBProgress (3): 6.9/24 MB | 590/786 kB | 202/328 kBProgress (3): 6.9/24 MB | 590/786 kB | 202/328 kBProgress (3): 6.9/24 MB | 590/786 kB | 219/328 kBProgress (3): 7.0/24 MB | 590/786 kB | 219/328 kBProgress (3): 7.0/24 MB | 590/786 kB | 233/328 kBProgress (3): 7.0/24 MB | 590/786 kB | 250/328 kBProgress (3): 7.0/24 MB | 590/786 kB | 250/328 kBProgress (3): 7.0/24 MB | 606/786 kB | 250/328 kBProgress (3): 7.0/24 MB | 623/786 kB | 250/328 kBProgress (3): 7.0/24 MB | 623/786 kB | 250/328 kBProgress (3): 7.0/24 MB | 639/786 kB | 250/328 kBProgress (3): 7.0/24 MB | 639/786 kB | 250/328 kBProgress (3): 7.0/24 MB | 655/786 kB | 250/328 kBProgress (3): 7.0/24 MB | 672/786 kB | 250/328 kBProgress (3): 7.0/24 MB | 688/786 kB | 250/328 kBProgress (3): 7.0/24 MB | 688/786 kB | 250/328 kBProgress (3): 7.0/24 MB | 705/786 kB | 250/328 kBProgress (3): 7.0/24 MB | 721/786 kB | 250/328 kBProgress (3): 7.0/24 MB | 721/786 kB | 250/328 kBProgress (3): 7.0/24 MB | 737/786 kB | 250/328 kBProgress (3): 7.0/24 MB | 754/786 kB | 250/328 kBProgress (3): 7.1/24 MB | 754/786 kB | 250/328 kBProgress (3): 7.1/24 MB | 770/786 kB | 250/328 kBProgress (3): 7.1/24 MB | 770/786 kB | 250/328 kBProgress (3): 7.1/24 MB | 786 kB | 250/328 kB    Progress (3): 7.1/24 MB | 786 kB | 250/328 kBProgress (3): 7.1/24 MB | 786 kB | 250/328 kB                                             Downloaded from paper-repo: https://repo.papermc.io/repository/maven-public/org/apache/httpcomponents/httpclient/4.5.14/httpclient-4.5.14.jar (786 kB at 2.9 MB/s)
Progress (2): 7.1/24 MB | 250/328 kB                                    Downloading from paper-repo: https://repo.papermc.io/repository/maven-public/com/github/SlimefunGuguProject/Slimefun4/2024.3.1/Slimefun4-2024.3.1.jar
Progress (2): 7.1/24 MB | 250/328 kBProgress (2): 7.2/24 MB | 250/328 kBProgress (2): 7.2/24 MB | 250/328 kBProgress (2): 7.2/24 MB | 266/328 kBProgress (2): 7.2/24 MB | 266/328 kBProgress (2): 7.2/24 MB | 282/328 kBProgress (2): 7.2/24 MB | 282/328 kBProgress (2): 7.2/24 MB | 299/328 kBProgress (2): 7.2/24 MB | 315/328 kBProgress (2): 7.2/24 MB | 328 kB    Progress (2): 7.2/24 MB | 328 kB                                Downloaded from paper-repo: https://repo.papermc.io/repository/maven-public/org/apache/httpcomponents/httpcore/4.4.16/httpcore-4.4.16.jar (328 kB at 1.2 MB/s)
Downloading from paper-repo: https://repo.papermc.io/repository/maven-public/com/github/SlimefunGuguProject/InfinityLib/1.3.9/InfinityLib-1.3.9.jar
Progress (1): 7.2/24 MBProgress (1): 7.2/24 MBProgress (1): 7.3/24 MBProgress (1): 7.3/24 MBProgress (1): 7.3/24 MBProgress (1): 7.3/24 MBProgress (1): 7.3/24 MBProgress (1): 7.3/24 MBProgress (1): 7.4/24 MBProgress (1): 7.4/24 MBProgress (1): 7.4/24 MBProgress (1): 7.4/24 MBProgress (2): 7.4/24 MB | 7.1/17 kBProgress (2): 7.4/24 MB | 15/17 kB Progress (2): 7.4/24 MB | 17 kB   Progress (2): 7.4/24 MB | 17 kB                               Downloaded from paper-repo: https://repo.papermc.io/repository/maven-public/org/slf4j/jcl-over-slf4j/1.7.36/jcl-over-slf4j-1.7.36.jar (17 kB at 60 kB/s)
Downloading from paper-repo: https://repo.papermc.io/repository/maven-public/org/bstats/bstats-bukkit/3.0.0/bstats-bukkit-3.0.0.jar
Progress (2): 7.4/24 MB | 7.1/361 kBProgress (2): 7.4/24 MB | 15/361 kB Progress (2): 7.4/24 MB | 22/361 kBProgress (2): 7.4/24 MB | 38/361 kBProgress (2): 7.4/24 MB | 55/361 kBProgress (2): 7.4/24 MB | 71/361 kBProgress (2): 7.4/24 MB | 87/361 kBProgress (2): 7.4/24 MB | 104/361 kBProgress (2): 7.4/24 MB | 120/361 kBProgress (2): 7.4/24 MB | 137/361 kBProgress (2): 7.4/24 MB | 153/361 kBProgress (2): 7.4/24 MB | 169/361 kBProgress (2): 7.4/24 MB | 169/361 kBProgress (2): 7.5/24 MB | 169/361 kBProgress (2): 7.5/24 MB | 169/361 kBProgress (2): 7.5/24 MB | 169/361 kBProgress (2): 7.5/24 MB | 169/361 kBProgress (2): 7.5/24 MB | 169/361 kBProgress (2): 7.5/24 MB | 169/361 kBProgress (2): 7.6/24 MB | 169/361 kBProgress (2): 7.6/24 MB | 169/361 kBProgress (2): 7.6/24 MB | 169/361 kBProgress (2): 7.6/24 MB | 169/361 kBProgress (2): 7.6/24 MB | 169/361 kBProgress (2): 7.6/24 MB | 169/361 kBProgress (2): 7.7/24 MB | 169/361 kBProgress (2): 7.7/24 MB | 169/361 kBProgress (2): 7.7/24 MB | 169/361 kBProgress (2): 7.7/24 MB | 169/361 kBProgress (2): 7.7/24 MB | 169/361 kBProgress (2): 7.7/24 MB | 169/361 kBProgress (2): 7.7/24 MB | 186/361 kBProgress (2): 7.7/24 MB | 202/361 kBProgress (2): 7.8/24 MB | 202/361 kBProgress (2): 7.8/24 MB | 218/361 kBProgress (2): 7.8/24 MB | 229/361 kBProgress (2): 7.8/24 MB | 229/361 kBProgress (2): 7.8/24 MB | 246/361 kBProgress (2): 7.8/24 MB | 246/361 kBProgress (2): 7.8/24 MB | 262/361 kBProgress (2): 7.8/24 MB | 262/361 kBProgress (2): 7.8/24 MB | 279/361 kBProgress (2): 7.8/24 MB | 279/361 kBProgress (2): 7.8/24 MB | 295/361 kBProgress (2): 7.8/24 MB | 295/361 kBProgress (2): 7.8/24 MB | 311/361 kBProgress (2): 7.9/24 MB | 311/361 kBProgress (2): 7.9/24 MB | 328/361 kBProgress (2): 7.9/24 MB | 328/361 kBProgress (2): 7.9/24 MB | 344/361 kBProgress (2): 7.9/24 MB | 344/361 kBProgress (2): 7.9/24 MB | 360/361 kBProgress (2): 7.9/24 MB | 361 kB    Progress (2): 7.9/24 MB | 361 kBProgress (2): 7.9/24 MB | 361 kB                                Downloaded from paper-repo: https://repo.papermc.io/repository/maven-public/commons-codec/commons-codec/1.16.0/commons-codec-1.16.0.jar (361 kB at 1.3 MB/s)
Downloading from paper-repo: https://repo.papermc.io/repository/maven-public/org/bstats/bstats-base/3.0.0/bstats-base-3.0.0.jar
Progress (1): 7.9/24 MBProgress (1): 8.0/24 MBProgress (1): 8.0/24 MBProgress (1): 8.0/24 MBProgress (1): 8.0/24 MBProgress (1): 8.0/24 MBProgress (1): 8.0/24 MBProgress (1): 8.1/24 MBProgress (1): 8.1/24 MBProgress (1): 8.1/24 MBProgress (1): 8.1/24 MBProgress (1): 8.1/24 MBProgress (1): 8.1/24 MBProgress (1): 8.2/24 MB                       Downloading from paper-repo: https://repo.papermc.io/repository/maven-public/com/google/code/findbugs/annotations/3.0.1u2/annotations-3.0.1u2.jar
Progress (1): 8.2/24 MBProgress (1): 8.2/24 MBProgress (1): 8.2/24 MBProgress (1): 8.2/24 MB                       Downloading from paper-repo: https://repo.papermc.io/repository/maven-public/co/aikar/acf-paper/0.5.1-SNAPSHOT/acf-paper-0.5.1-20260511.221425-52.jar
Progress (1): 8.2/24 MBProgress (1): 8.2/24 MBProgress (1): 8.3/24 MBProgress (1): 8.3/24 MBProgress (1): 8.3/24 MBProgress (1): 8.3/24 MBProgress (1): 8.3/24 MBProgress (1): 8.3/24 MBProgress (1): 8.4/24 MBProgress (1): 8.4/24 MBProgress (1): 8.4/24 MBProgress (1): 8.4/24 MBProgress (1): 8.4/24 MBProgress (1): 8.4/24 MBProgress (1): 8.5/24 MBProgress (1): 8.5/24 MBProgress (1): 8.5/24 MBProgress (1): 8.5/24 MBProgress (2): 8.5/24 MB | 4.1 kBProgress (2): 8.5/24 MB | 4.1 kBProgress (2): 8.5/24 MB | 4.1 kB                                Downloaded from paper-repo: https://repo.papermc.io/repository/maven-public/org/bstats/bstats-bukkit/3.0.0/bstats-bukkit-3.0.0.jar (4.1 kB at 14 kB/s)
Downloading from paper-repo: https://repo.papermc.io/repository/maven-public/dev/sefiraat/networks/1.0.0/networks-1.0.0.jar
Progress (1): 8.5/24 MBProgress (1): 8.6/24 MBProgress (1): 8.6/24 MBProgress (1): 8.6/24 MBProgress (1): 8.6/24 MBProgress (1): 8.6/24 MBProgress (1): 8.6/24 MBProgress (1): 8.7/24 MBProgress (1): 8.7/24 MBProgress (1): 8.7/24 MBProgress (1): 8.7/24 MBProgress (1): 8.7/24 MBProgress (1): 8.7/24 MBProgress (1): 8.8/24 MBProgress (1): 8.8/24 MBProgress (1): 8.8/24 MBProgress (1): 8.8/24 MBProgress (1): 8.8/24 MBProgress (1): 8.8/24 MBProgress (1): 8.8/24 MBProgress (1): 8.9/24 MBProgress (2): 8.9/24 MB | 7.1/22 kBProgress (2): 8.9/24 MB | 15/22 kB Progress (2): 8.9/24 MB | 15/22 kBProgress (2): 8.9/24 MB | 22 kB   Progress (2): 8.9/24 MB | 22 kBProgress (2): 8.9/24 MB | 22 kBProgress (2): 8.9/24 MB | 22 kB                               Downloaded from paper-repo: https://repo.papermc.io/repository/maven-public/org/bstats/bstats-base/3.0.0/bstats-base-3.0.0.jar (22 kB at 72 kB/s)
Progress (1): 8.9/24 MBProgress (1): 9.0/24 MBProgress (1): 9.0/24 MBProgress (2): 9.0/24 MB | 7.1/40 kBProgress (2): 9.0/24 MB | 15/40 kB Progress (2): 9.0/24 MB | 15/40 kBProgress (2): 9.0/24 MB | 15/40 kBProgress (2): 9.0/24 MB | 32/40 kBProgress (2): 9.0/24 MB | 40 kB   Progress (2): 9.0/24 MB | 40 kBProgress (2): 9.0/24 MB | 40 kB                               Downloaded from paper-repo: https://repo.papermc.io/repository/maven-public/com/google/code/findbugs/annotations/3.0.1u2/annotations-3.0.1u2.jar (40 kB at 133 kB/s)
Progress (1): 9.1/24 MBProgress (1): 9.1/24 MBProgress (1): 9.1/24 MBProgress (1): 9.1/24 MBProgress (1): 9.1/24 MBProgress (1): 9.1/24 MBProgress (1): 9.2/24 MBProgress (1): 9.2/24 MBProgress (1): 9.2/24 MBProgress (1): 9.2/24 MBProgress (1): 9.2/24 MBProgress (1): 9.2/24 MBProgress (1): 9.2/24 MBProgress (1): 9.3/24 MBProgress (1): 9.3/24 MBProgress (1): 9.3/24 MBProgress (1): 9.3/24 MBProgress (1): 9.3/24 MBProgress (1): 9.3/24 MBProgress (1): 9.3/24 MBProgress (1): 9.4/24 MBProgress (1): 9.4/24 MBProgress (1): 9.4/24 MBProgress (1): 9.4/24 MBProgress (1): 9.4/24 MBProgress (1): 9.4/24 MBProgress (1): 9.5/24 MBProgress (1): 9.5/24 MBProgress (1): 9.5/24 MBProgress (2): 9.5/24 MB | 7.0/350 kBProgress (2): 9.5/24 MB | 15/350 kB Progress (2): 9.5/24 MB | 15/350 kBProgress (2): 9.5/24 MB | 22/350 kBProgress (2): 9.5/24 MB | 22/350 kBProgress (2): 9.5/24 MB | 38/350 kBProgress (2): 9.5/24 MB | 38/350 kBProgress (2): 9.5/24 MB | 55/350 kBProgress (2): 9.5/24 MB | 71/350 kBProgress (2): 9.6/24 MB | 71/350 kBProgress (2): 9.6/24 MB | 87/350 kBProgress (2): 9.6/24 MB | 104/350 kBProgress (2): 9.6/24 MB | 104/350 kBProgress (2): 9.6/24 MB | 120/350 kBProgress (2): 9.6/24 MB | 120/350 kBProgress (2): 9.6/24 MB | 136/350 kBProgress (3): 9.6/24 MB | 136/350 kB | 7.1/651 kBProgress (3): 9.6/24 MB | 136/350 kB | 15/651 kB Progress (3): 9.6/24 MB | 153/350 kB | 15/651 kBProgress (3): 9.6/24 MB | 153/350 kB | 32/651 kBProgress (3): 9.6/24 MB | 169/350 kB | 32/651 kBProgress (3): 9.6/24 MB | 186/350 kB | 32/651 kBProgress (3): 9.6/24 MB | 186/350 kB | 48/651 kBProgress (3): 9.6/24 MB | 186/350 kB | 48/651 kBProgress (3): 9.6/24 MB | 186/350 kB | 48/651 kBProgress (3): 9.6/24 MB | 202/350 kB | 48/651 kBProgress (3): 9.6/24 MB | 202/350 kB | 64/651 kBProgress (3): 9.6/24 MB | 202/350 kB | 64/651 kBProgress (3): 9.6/24 MB | 217/350 kB | 64/651 kBProgress (3): 9.6/24 MB | 217/350 kB | 64/651 kBProgress (3): 9.6/24 MB | 233/350 kB | 64/651 kBProgress (3): 9.7/24 MB | 233/350 kB | 64/651 kBProgress (3): 9.7/24 MB | 250/350 kB | 64/651 kBProgress (3): 9.7/24 MB | 250/350 kB | 64/651 kBProgress (3): 9.7/24 MB | 266/350 kB | 64/651 kBProgress (3): 9.7/24 MB | 266/350 kB | 64/651 kBProgress (3): 9.7/24 MB | 282/350 kB | 64/651 kBProgress (3): 9.7/24 MB | 282/350 kB | 64/651 kBProgress (3): 9.7/24 MB | 299/350 kB | 64/651 kBProgress (3): 9.7/24 MB | 315/350 kB | 64/651 kBProgress (3): 9.7/24 MB | 331/350 kB | 64/651 kBProgress (3): 9.7/24 MB | 348/350 kB | 64/651 kBProgress (3): 9.7/24 MB | 348/350 kB | 64/651 kBProgress (3): 9.7/24 MB | 350 kB | 64/651 kB    Progress (3): 9.7/24 MB | 350 kB | 64/651 kBProgress (3): 9.8/24 MB | 350 kB | 64/651 kB                                            Downloaded from paper-repo: https://repo.papermc.io/repository/maven-public/co/aikar/acf-paper/0.5.1-SNAPSHOT/acf-paper-0.5.1-20260511.221425-52.jar (350 kB at 1.1 MB/s)
Progress (2): 9.8/24 MB | 81/651 kBProgress (2): 9.8/24 MB | 97/651 kBProgress (2): 9.8/24 MB | 97/651 kBProgress (2): 9.8/24 MB | 114/651 kBProgress (2): 9.8/24 MB | 130/651 kBProgress (2): 9.8/24 MB | 130/651 kBProgress (2): 9.8/24 MB | 146/651 kBProgress (2): 9.8/24 MB | 163/651 kBProgress (2): 9.8/24 MB | 163/651 kBProgress (2): 9.8/24 MB | 179/651 kBProgress (2): 9.8/24 MB | 179/651 kBProgress (2): 9.8/24 MB | 179/651 kBProgress (2): 9.8/24 MB | 179/651 kBProgress (2): 9.9/24 MB | 179/651 kBProgress (2): 9.9/24 MB | 179/651 kBProgress (2): 9.9/24 MB | 179/651 kBProgress (2): 9.9/24 MB | 179/651 kBProgress (2): 9.9/24 MB | 179/651 kBProgress (2): 9.9/24 MB | 179/651 kBProgress (2): 10.0/24 MB | 179/651 kBProgress (2): 10.0/24 MB | 179/651 kBProgress (2): 10.0/24 MB | 179/651 kBProgress (2): 10/24 MB | 179/651 kB  Progress (2): 10/24 MB | 179/651 kBProgress (2): 10/24 MB | 179/651 kBProgress (2): 10/24 MB | 195/651 kBProgress (2): 10/24 MB | 197/651 kBProgress (2): 10/24 MB | 197/651 kBProgress (2): 10/24 MB | 213/651 kBProgress (2): 10/24 MB | 213/651 kBProgress (2): 10/24 MB | 229/651 kBProgress (2): 10/24 MB | 246/651 kBProgress (2): 10/24 MB | 246/651 kBProgress (2): 10/24 MB | 262/651 kBProgress (2): 10/24 MB | 279/651 kBProgress (2): 10/24 MB | 279/651 kBProgress (2): 10/24 MB | 295/651 kBProgress (2): 10/24 MB | 295/651 kBProgress (2): 10/24 MB | 311/651 kBProgress (2): 10/24 MB | 328/651 kBProgress (2): 10/24 MB | 344/651 kBProgress (2): 10/24 MB | 344/651 kBProgress (2): 10/24 MB | 360/651 kBProgress (2): 10/24 MB | 360/651 kBProgress (2): 10/24 MB | 360/651 kBProgress (2): 10/24 MB | 377/651 kBProgress (2): 10/24 MB | 393/651 kBProgress (2): 10/24 MB | 393/651 kBProgress (2): 10/24 MB | 410/651 kBProgress (2): 10/24 MB | 410/651 kBProgress (2): 10/24 MB | 426/651 kBProgress (2): 10/24 MB | 426/651 kBProgress (2): 10/24 MB | 442/651 kBProgress (2): 10/24 MB | 442/651 kBProgress (2): 10/24 MB | 459/651 kBProgress (2): 10/24 MB | 459/651 kBProgress (2): 10/24 MB | 475/651 kBProgress (2): 10/24 MB | 475/651 kBProgress (2): 10/24 MB | 492/651 kBProgress (2): 10/24 MB | 492/651 kBProgress (2): 10/24 MB | 508/651 kBProgress (2): 10/24 MB | 508/651 kBProgress (2): 10/24 MB | 508/651 kBProgress (2): 10/24 MB | 524/651 kBProgress (2): 10/24 MB | 524/651 kBProgress (2): 10/24 MB | 541/651 kBProgress (2): 10/24 MB | 541/651 kBProgress (2): 10/24 MB | 541/651 kBProgress (2): 10/24 MB | 557/651 kBProgress (2): 10/24 MB | 573/651 kBProgress (2): 10/24 MB | 573/651 kBProgress (2): 10/24 MB | 573/651 kBProgress (2): 10/24 MB | 573/651 kBProgress (2): 10/24 MB | 573/651 kBProgress (2): 10/24 MB | 590/651 kBProgress (2): 10/24 MB | 590/651 kBProgress (2): 10/24 MB | 606/651 kBProgress (2): 10/24 MB | 606/651 kBProgress (2): 10/24 MB | 606/651 kBProgress (2): 10/24 MB | 606/651 kBProgress (2): 10/24 MB | 606/651 kBProgress (2): 11/24 MB | 606/651 kBProgress (2): 11/24 MB | 623/651 kBProgress (2): 11/24 MB | 623/651 kBProgress (2): 11/24 MB | 639/651 kBProgress (2): 11/24 MB | 639/651 kBProgress (2): 11/24 MB | 651 kB    Progress (2): 11/24 MB | 651 kBProgress (2): 11/24 MB | 651 kBProgress (2): 11/24 MB | 651 kBProgress (2): 11/24 MB | 651 kB                               Downloaded from paper-repo: https://repo.papermc.io/repository/maven-public/dev/sefiraat/networks/1.0.0/networks-1.0.0.jar (651 kB at 2.0 MB/s)
Progress (1): 11/24 MBProgress (1): 11/24 MBProgress (1): 11/24 MBProgress (1): 11/24 MBProgress (1): 11/24 MBProgress (1): 11/24 MBProgress (1): 11/24 MBProgress (1): 11/24 MBProgress (1): 11/24 MBProgress (1): 11/24 MBProgress (1): 11/24 MBProgress (1): 11/24 MBProgress (1): 11/24 MBProgress (1): 11/24 MBProgress (1): 11/24 MBProgress (1): 11/24 MBProgress (1): 11/24 MBProgress (1): 11/24 MBProgress (1): 11/24 MBProgress (1): 11/24 MBProgress (1): 11/24 MBProgress (1): 11/24 MBProgress (1): 11/24 MBProgress (1): 11/24 MBProgress (1): 11/24 MBProgress (1): 11/24 MBProgress (1): 11/24 MBProgress (1): 11/24 MBProgress (1): 11/24 MBProgress (1): 11/24 MBProgress (1): 11/24 MBProgress (1): 11/24 MBProgress (1): 11/24 MBProgress (1): 11/24 MBProgress (1): 11/24 MBProgress (1): 11/24 MBProgress (1): 11/24 MBProgress (1): 11/24 MBProgress (1): 11/24 MBProgress (1): 11/24 MBProgress (1): 11/24 MBProgress (1): 11/24 MBProgress (1): 11/24 MBProgress (1): 11/24 MBProgress (1): 11/24 MBProgress (1): 11/24 MBProgress (1): 11/24 MBProgress (1): 11/24 MBProgress (1): 11/24 MBProgress (1): 11/24 MBProgress (1): 11/24 MBProgress (1): 11/24 MBProgress (1): 11/24 MBProgress (1): 11/24 MBProgress (1): 11/24 MBProgress (1): 11/24 MBProgress (1): 11/24 MBProgress (1): 12/24 MBProgress (1): 12/24 MBProgress (1): 12/24 MBProgress (1): 12/24 MBProgress (1): 12/24 MBProgress (1): 12/24 MBProgress (1): 12/24 MBProgress (1): 12/24 MBProgress (1): 12/24 MBProgress (1): 12/24 MBProgress (1): 12/24 MBProgress (1): 12/24 MBProgress (1): 12/24 MBProgress (1): 12/24 MBProgress (1): 12/24 MBProgress (1): 12/24 MBProgress (1): 12/24 MBProgress (1): 12/24 MBProgress (1): 12/24 MBProgress (1): 12/24 MBProgress (1): 12/24 MBProgress (1): 12/24 MBProgress (1): 12/24 MBProgress (1): 12/24 MBProgress (1): 12/24 MBProgress (1): 12/24 MBProgress (1): 12/24 MBProgress (1): 12/24 MBProgress (1): 12/24 MBProgress (1): 12/24 MBProgress (1): 12/24 MBProgress (1): 12/24 MBProgress (1): 12/24 MBProgress (1): 12/24 MBProgress (1): 12/24 MBProgress (1): 12/24 MBProgress (1): 12/24 MBProgress (1): 12/24 MBProgress (1): 12/24 MBProgress (1): 12/24 MBProgress (1): 12/24 MBProgress (1): 12/24 MBProgress (1): 12/24 MBProgress (1): 12/24 MBProgress (1): 12/24 MBProgress (1): 12/24 MBProgress (1): 12/24 MBProgress (1): 12/24 MBProgress (1): 12/24 MBProgress (1): 12/24 MBProgress (1): 12/24 MBProgress (1): 12/24 MBProgress (1): 12/24 MBProgress (1): 12/24 MBProgress (1): 12/24 MBProgress (1): 12/24 MBProgress (1): 12/24 MBProgress (1): 12/24 MBProgress (1): 12/24 MBProgress (1): 12/24 MBProgress (1): 12/24 MBProgress (1): 12/24 MBProgress (1): 13/24 MBProgress (1): 13/24 MBProgress (1): 13/24 MBProgress (1): 13/24 MBProgress (1): 13/24 MBProgress (1): 13/24 MBProgress (1): 13/24 MBProgress (1): 13/24 MBProgress (1): 13/24 MBProgress (1): 13/24 MBProgress (1): 13/24 MBProgress (1): 13/24 MBProgress (1): 13/24 MBProgress (1): 13/24 MBProgress (1): 13/24 MBProgress (1): 13/24 MBProgress (1): 13/24 MBProgress (1): 13/24 MBProgress (1): 13/24 MBProgress (1): 13/24 MBProgress (1): 13/24 MBProgress (1): 13/24 MBProgress (1): 13/24 MBProgress (1): 13/24 MBProgress (1): 13/24 MBProgress (1): 13/24 MBProgress (1): 13/24 MBProgress (1): 13/24 MBProgress (1): 13/24 MBProgress (1): 13/24 MBProgress (1): 13/24 MBProgress (1): 13/24 MBProgress (1): 13/24 MBProgress (1): 13/24 MBProgress (1): 13/24 MBProgress (1): 13/24 MBProgress (1): 13/24 MBProgress (1): 13/24 MBProgress (1): 13/24 MBProgress (1): 13/24 MBProgress (1): 13/24 MBProgress (1): 13/24 MBProgress (1): 13/24 MBProgress (1): 13/24 MBProgress (1): 13/24 MBProgress (1): 13/24 MBProgress (1): 13/24 MBProgress (1): 13/24 MBProgress (1): 13/24 MBProgress (1): 13/24 MBProgress (1): 13/24 MBProgress (1): 13/24 MBProgress (1): 13/24 MBProgress (1): 13/24 MBProgress (1): 13/24 MBProgress (1): 13/24 MBProgress (1): 13/24 MBProgress (1): 13/24 MBProgress (1): 13/24 MBProgress (1): 13/24 MBProgress (1): 13/24 MBProgress (1): 13/24 MBProgress (1): 13/24 MBProgress (1): 14/24 MBProgress (1): 14/24 MBProgress (1): 14/24 MBProgress (1): 14/24 MBProgress (1): 14/24 MBProgress (1): 14/24 MBProgress (1): 14/24 MBProgress (1): 14/24 MBProgress (1): 14/24 MBProgress (1): 14/24 MBProgress (1): 14/24 MBProgress (1): 14/24 MBProgress (1): 14/24 MBProgress (1): 14/24 MBProgress (1): 14/24 MBProgress (1): 14/24 MBProgress (1): 14/24 MBProgress (1): 14/24 MBProgress (1): 14/24 MBProgress (1): 14/24 MBProgress (1): 14/24 MBProgress (1): 14/24 MBProgress (1): 14/24 MBProgress (1): 14/24 MBProgress (1): 14/24 MBProgress (1): 14/24 MBProgress (1): 14/24 MBProgress (1): 14/24 MBProgress (1): 14/24 MBProgress (1): 14/24 MBProgress (1): 14/24 MBProgress (1): 14/24 MBProgress (1): 14/24 MBProgress (1): 14/24 MBProgress (1): 14/24 MBProgress (1): 14/24 MBProgress (1): 14/24 MBProgress (1): 14/24 MBProgress (1): 14/24 MBProgress (1): 14/24 MBProgress (1): 14/24 MBProgress (1): 14/24 MBProgress (1): 14/24 MBProgress (1): 14/24 MBProgress (1): 14/24 MBProgress (1): 14/24 MBProgress (1): 14/24 MBProgress (1): 14/24 MBProgress (1): 14/24 MBProgress (1): 14/24 MBProgress (1): 14/24 MBProgress (1): 14/24 MBProgress (1): 14/24 MBProgress (1): 14/24 MBProgress (1): 14/24 MBProgress (1): 14/24 MBProgress (1): 14/24 MBProgress (1): 14/24 MBProgress (1): 14/24 MBProgress (1): 14/24 MBProgress (1): 14/24 MBProgress (1): 14/24 MBProgress (1): 14/24 MBProgress (1): 14/24 MBProgress (1): 15/24 MBProgress (1): 15/24 MBProgress (1): 15/24 MBProgress (1): 15/24 MBProgress (1): 15/24 MBProgress (1): 15/24 MBProgress (1): 15/24 MBProgress (1): 15/24 MBProgress (1): 15/24 MBProgress (1): 15/24 MBProgress (1): 15/24 MBProgress (1): 15/24 MBProgress (1): 15/24 MBProgress (1): 15/24 MBProgress (1): 15/24 MBProgress (1): 15/24 MBProgress (1): 15/24 MBProgress (1): 15/24 MBProgress (1): 15/24 MBProgress (1): 15/24 MBProgress (1): 15/24 MBProgress (1): 15/24 MBProgress (1): 15/24 MBProgress (1): 15/24 MBProgress (1): 15/24 MBProgress (1): 15/24 MBProgress (1): 15/24 MBProgress (1): 15/24 MBProgress (1): 15/24 MBProgress (1): 15/24 MBProgress (1): 15/24 MBProgress (1): 15/24 MBProgress (1): 15/24 MBProgress (1): 15/24 MBProgress (1): 15/24 MBProgress (1): 15/24 MBProgress (1): 15/24 MBProgress (1): 15/24 MBProgress (1): 15/24 MBProgress (1): 15/24 MBProgress (1): 15/24 MBProgress (1): 15/24 MBProgress (1): 15/24 MBProgress (1): 15/24 MBProgress (1): 15/24 MBProgress (1): 15/24 MBProgress (1): 15/24 MBProgress (1): 15/24 MBProgress (1): 15/24 MBProgress (1): 15/24 MBProgress (1): 15/24 MBProgress (1): 15/24 MBProgress (1): 15/24 MBProgress (1): 15/24 MBProgress (1): 15/24 MBProgress (1): 15/24 MBProgress (1): 15/24 MBProgress (1): 15/24 MBProgress (1): 15/24 MBProgress (1): 15/24 MBProgress (1): 15/24 MBProgress (1): 15/24 MBProgress (1): 15/24 MBProgress (1): 16/24 MBProgress (1): 16/24 MBProgress (1): 16/24 MBProgress (1): 16/24 MBProgress (1): 16/24 MBProgress (1): 16/24 MBProgress (1): 16/24 MBProgress (1): 16/24 MBProgress (1): 16/24 MBProgress (1): 16/24 MBProgress (1): 16/24 MBProgress (1): 16/24 MBProgress (1): 16/24 MBProgress (1): 16/24 MBProgress (1): 16/24 MBProgress (1): 16/24 MBProgress (1): 16/24 MBProgress (1): 16/24 MBProgress (1): 16/24 MBProgress (1): 16/24 MBProgress (1): 16/24 MBProgress (1): 16/24 MBProgress (1): 16/24 MBProgress (1): 16/24 MBProgress (1): 16/24 MBProgress (1): 16/24 MBProgress (1): 16/24 MBProgress (1): 16/24 MBProgress (1): 16/24 MBProgress (1): 16/24 MBProgress (1): 16/24 MBProgress (1): 16/24 MBProgress (1): 16/24 MBProgress (1): 16/24 MBProgress (1): 16/24 MBProgress (1): 16/24 MBProgress (1): 16/24 MBProgress (1): 16/24 MBProgress (1): 16/24 MBProgress (1): 16/24 MBProgress (1): 16/24 MBProgress (1): 16/24 MBProgress (1): 16/24 MBProgress (1): 16/24 MBProgress (1): 16/24 MBProgress (1): 16/24 MBProgress (1): 16/24 MBProgress (1): 16/24 MBProgress (1): 16/24 MBProgress (1): 16/24 MBProgress (1): 16/24 MBProgress (1): 16/24 MBProgress (1): 16/24 MBProgress (1): 16/24 MBProgress (1): 16/24 MBProgress (1): 16/24 MBProgress (1): 16/24 MBProgress (1): 16/24 MBProgress (1): 16/24 MBProgress (1): 16/24 MBProgress (1): 16/24 MBProgress (1): 17/24 MBProgress (1): 17/24 MBProgress (1): 17/24 MBProgress (1): 17/24 MBProgress (1): 17/24 MBProgress (1): 17/24 MBProgress (1): 17/24 MBProgress (1): 17/24 MBProgress (1): 17/24 MBProgress (1): 17/24 MBProgress (1): 17/24 MBProgress (1): 17/24 MBProgress (1): 17/24 MBProgress (1): 17/24 MBProgress (1): 17/24 MBProgress (1): 17/24 MBProgress (1): 17/24 MBProgress (1): 17/24 MBProgress (1): 17/24 MBProgress (1): 17/24 MBProgress (1): 17/24 MBProgress (1): 17/24 MBProgress (1): 17/24 MBProgress (1): 17/24 MBProgress (1): 17/24 MBProgress (1): 17/24 MBProgress (1): 17/24 MBProgress (1): 17/24 MBProgress (1): 17/24 MBProgress (1): 17/24 MBProgress (1): 17/24 MBProgress (1): 17/24 MBProgress (1): 17/24 MBProgress (1): 17/24 MBProgress (1): 17/24 MBProgress (1): 17/24 MBProgress (1): 17/24 MBProgress (1): 17/24 MBProgress (1): 17/24 MBProgress (1): 17/24 MBProgress (1): 17/24 MBProgress (1): 17/24 MBProgress (1): 17/24 MBProgress (1): 17/24 MBProgress (1): 17/24 MBProgress (1): 17/24 MBProgress (1): 17/24 MBProgress (1): 17/24 MBProgress (1): 17/24 MBProgress (1): 17/24 MBProgress (1): 17/24 MBProgress (1): 17/24 MBProgress (1): 17/24 MBProgress (1): 17/24 MBProgress (1): 17/24 MBProgress (1): 17/24 MBProgress (1): 17/24 MBProgress (1): 17/24 MBProgress (1): 17/24 MBProgress (1): 17/24 MBProgress (1): 17/24 MBProgress (1): 18/24 MBProgress (1): 18/24 MBProgress (1): 18/24 MBProgress (1): 18/24 MBProgress (1): 18/24 MBProgress (1): 18/24 MBProgress (1): 18/24 MBProgress (1): 18/24 MBProgress (1): 18/24 MBProgress (1): 18/24 MBProgress (1): 18/24 MBProgress (1): 18/24 MBProgress (1): 18/24 MBProgress (1): 18/24 MBProgress (1): 18/24 MBProgress (1): 18/24 MBProgress (1): 18/24 MBProgress (1): 18/24 MBProgress (1): 18/24 MBProgress (1): 18/24 MBProgress (1): 18/24 MBProgress (1): 18/24 MBProgress (1): 18/24 MBProgress (1): 18/24 MBProgress (1): 18/24 MBProgress (1): 18/24 MBProgress (1): 18/24 MBProgress (1): 18/24 MBProgress (1): 18/24 MBProgress (1): 18/24 MBProgress (1): 18/24 MBProgress (1): 18/24 MBProgress (1): 18/24 MBProgress (1): 18/24 MBProgress (1): 18/24 MBProgress (1): 18/24 MBProgress (1): 18/24 MBProgress (1): 18/24 MBProgress (1): 18/24 MBProgress (1): 18/24 MBProgress (1): 18/24 MBProgress (1): 18/24 MBProgress (1): 18/24 MBProgress (1): 18/24 MBProgress (1): 18/24 MBProgress (1): 18/24 MBProgress (1): 18/24 MBProgress (1): 18/24 MBProgress (1): 18/24 MBProgress (1): 18/24 MBProgress (1): 18/24 MBProgress (1): 18/24 MBProgress (1): 18/24 MBProgress (1): 18/24 MBProgress (1): 18/24 MBProgress (1): 18/24 MBProgress (1): 18/24 MBProgress (1): 18/24 MBProgress (1): 18/24 MBProgress (1): 18/24 MBProgress (1): 18/24 MBProgress (1): 18/24 MBProgress (1): 18/24 MBProgress (1): 19/24 MBProgress (1): 19/24 MBProgress (1): 19/24 MBProgress (1): 19/24 MBProgress (1): 19/24 MBProgress (1): 19/24 MBProgress (1): 19/24 MBProgress (1): 19/24 MBProgress (1): 19/24 MBProgress (1): 19/24 MBProgress (1): 19/24 MBProgress (1): 19/24 MBProgress (1): 19/24 MBProgress (1): 19/24 MBProgress (1): 19/24 MBProgress (1): 19/24 MBProgress (1): 19/24 MBProgress (1): 19/24 MBProgress (1): 19/24 MBProgress (1): 19/24 MBProgress (1): 19/24 MBProgress (1): 19/24 MBProgress (1): 19/24 MBProgress (1): 19/24 MBProgress (1): 19/24 MBProgress (1): 19/24 MBProgress (1): 19/24 MBProgress (1): 19/24 MBProgress (1): 19/24 MBProgress (1): 19/24 MBProgress (1): 19/24 MBProgress (1): 19/24 MBProgress (1): 19/24 MBProgress (1): 19/24 MBProgress (1): 19/24 MBProgress (1): 19/24 MBProgress (1): 19/24 MBProgress (1): 19/24 MBProgress (1): 19/24 MBProgress (1): 19/24 MBProgress (1): 19/24 MBProgress (1): 19/24 MBProgress (1): 19/24 MBProgress (1): 19/24 MBProgress (1): 19/24 MBProgress (1): 19/24 MBProgress (1): 19/24 MBProgress (1): 19/24 MBProgress (1): 19/24 MBProgress (1): 19/24 MBProgress (1): 19/24 MBProgress (1): 19/24 MBProgress (1): 19/24 MBProgress (1): 19/24 MBProgress (1): 19/24 MBProgress (1): 19/24 MBProgress (1): 19/24 MBProgress (1): 19/24 MBProgress (1): 19/24 MBProgress (1): 19/24 MBProgress (1): 19/24 MBProgress (1): 19/24 MBProgress (1): 19/24 MBProgress (1): 19/24 MBProgress (1): 19/24 MBProgress (1): 20/24 MBProgress (1): 20/24 MBProgress (1): 20/24 MBProgress (1): 20/24 MBProgress (1): 20/24 MBProgress (1): 20/24 MBProgress (1): 20/24 MBProgress (1): 20/24 MBProgress (1): 20/24 MBProgress (1): 20/24 MBProgress (1): 20/24 MBProgress (1): 20/24 MBProgress (1): 20/24 MBProgress (1): 20/24 MBProgress (1): 20/24 MBProgress (1): 20/24 MBProgress (1): 20/24 MBProgress (1): 20/24 MBProgress (1): 20/24 MBProgress (1): 20/24 MBProgress (1): 20/24 MBProgress (1): 20/24 MBProgress (1): 20/24 MBProgress (1): 20/24 MBProgress (1): 20/24 MBProgress (1): 20/24 MBProgress (1): 20/24 MBProgress (1): 20/24 MBProgress (1): 20/24 MBProgress (1): 20/24 MBProgress (1): 20/24 MBProgress (1): 20/24 MBProgress (1): 20/24 MBProgress (1): 20/24 MBProgress (1): 20/24 MBProgress (1): 20/24 MBProgress (1): 20/24 MBProgress (1): 20/24 MBProgress (1): 20/24 MBProgress (1): 20/24 MBProgress (1): 20/24 MBProgress (1): 20/24 MBProgress (1): 20/24 MBProgress (1): 20/24 MBProgress (1): 20/24 MBProgress (1): 20/24 MBProgress (1): 20/24 MBProgress (1): 20/24 MBProgress (1): 20/24 MBProgress (1): 20/24 MBProgress (1): 20/24 MBProgress (1): 20/24 MBProgress (1): 20/24 MBProgress (1): 20/24 MBProgress (1): 20/24 MBProgress (1): 20/24 MBProgress (1): 20/24 MBProgress (1): 20/24 MBProgress (1): 20/24 MBProgress (1): 20/24 MBProgress (1): 20/24 MBProgress (1): 20/24 MBProgress (1): 20/24 MBProgress (1): 21/24 MBProgress (1): 21/24 MBProgress (1): 21/24 MBProgress (1): 21/24 MBProgress (1): 21/24 MBProgress (1): 21/24 MBProgress (1): 21/24 MBProgress (1): 21/24 MBProgress (1): 21/24 MBProgress (1): 21/24 MBProgress (1): 21/24 MBProgress (1): 21/24 MBProgress (1): 21/24 MBProgress (1): 21/24 MBProgress (1): 21/24 MBProgress (1): 21/24 MBProgress (1): 21/24 MBProgress (1): 21/24 MBProgress (1): 21/24 MBProgress (1): 21/24 MBProgress (1): 21/24 MBProgress (1): 21/24 MBProgress (1): 21/24 MBProgress (1): 21/24 MBProgress (1): 21/24 MBProgress (1): 21/24 MBProgress (1): 21/24 MBProgress (1): 21/24 MBProgress (1): 21/24 MBProgress (1): 21/24 MBProgress (1): 21/24 MBProgress (1): 21/24 MBProgress (1): 21/24 MBProgress (1): 21/24 MBProgress (1): 21/24 MBProgress (1): 21/24 MBProgress (1): 21/24 MBProgress (1): 21/24 MBProgress (1): 21/24 MBProgress (1): 21/24 MBProgress (1): 21/24 MBProgress (1): 21/24 MBProgress (1): 21/24 MBProgress (1): 21/24 MBProgress (1): 21/24 MBProgress (1): 21/24 MBProgress (1): 21/24 MBProgress (1): 21/24 MBProgress (1): 21/24 MBProgress (1): 21/24 MBProgress (1): 21/24 MBProgress (1): 21/24 MBProgress (1): 21/24 MBProgress (1): 21/24 MBProgress (1): 21/24 MBProgress (1): 21/24 MBProgress (1): 21/24 MBProgress (1): 21/24 MBProgress (1): 21/24 MBProgress (1): 21/24 MBProgress (1): 21/24 MBProgress (1): 21/24 MBProgress (1): 21/24 MBProgress (1): 21/24 MBProgress (1): 22/24 MBProgress (1): 22/24 MBProgress (1): 22/24 MBProgress (1): 22/24 MBProgress (1): 22/24 MBProgress (1): 22/24 MBProgress (1): 22/24 MBProgress (1): 22/24 MBProgress (1): 22/24 MBProgress (1): 22/24 MBProgress (1): 22/24 MBProgress (1): 22/24 MBProgress (1): 22/24 MBProgress (1): 22/24 MBProgress (1): 22/24 MBProgress (1): 22/24 MBProgress (1): 22/24 MBProgress (1): 22/24 MBProgress (1): 22/24 MBProgress (1): 22/24 MBProgress (1): 22/24 MBProgress (1): 22/24 MBProgress (1): 22/24 MBProgress (1): 22/24 MBProgress (1): 22/24 MBProgress (1): 22/24 MBProgress (1): 22/24 MBProgress (1): 22/24 MBProgress (1): 22/24 MBProgress (1): 22/24 MBProgress (1): 22/24 MBProgress (1): 22/24 MBProgress (1): 22/24 MBProgress (1): 22/24 MBProgress (1): 22/24 MBProgress (1): 22/24 MBProgress (1): 22/24 MBProgress (1): 22/24 MBProgress (1): 22/24 MBProgress (1): 22/24 MBProgress (1): 22/24 MBProgress (1): 22/24 MBProgress (1): 22/24 MBProgress (1): 22/24 MBProgress (1): 22/24 MBProgress (1): 22/24 MBProgress (1): 22/24 MBProgress (1): 22/24 MBProgress (1): 22/24 MBProgress (1): 22/24 MBProgress (1): 22/24 MBProgress (1): 22/24 MBProgress (1): 22/24 MBProgress (1): 22/24 MBProgress (1): 22/24 MBProgress (1): 22/24 MBProgress (1): 22/24 MBProgress (1): 22/24 MBProgress (1): 22/24 MBProgress (1): 22/24 MBProgress (1): 22/24 MBProgress (1): 22/24 MBProgress (1): 22/24 MBProgress (1): 22/24 MBProgress (1): 23/24 MBProgress (1): 23/24 MBProgress (1): 23/24 MBProgress (1): 23/24 MBProgress (1): 23/24 MBProgress (1): 23/24 MBProgress (1): 23/24 MBProgress (1): 23/24 MBProgress (1): 23/24 MBProgress (1): 23/24 MBProgress (1): 23/24 MBProgress (1): 23/24 MBProgress (1): 23/24 MBProgress (1): 23/24 MBProgress (1): 23/24 MBProgress (1): 23/24 MBProgress (1): 23/24 MBProgress (1): 23/24 MBProgress (1): 23/24 MBProgress (1): 23/24 MBProgress (1): 23/24 MBProgress (1): 23/24 MBProgress (1): 23/24 MBProgress (1): 23/24 MBProgress (1): 23/24 MBProgress (1): 23/24 MBProgress (1): 23/24 MBProgress (1): 23/24 MBProgress (1): 23/24 MBProgress (1): 23/24 MBProgress (1): 23/24 MBProgress (1): 23/24 MBProgress (1): 23/24 MBProgress (1): 23/24 MBProgress (1): 23/24 MBProgress (1): 23/24 MBProgress (1): 23/24 MBProgress (1): 23/24 MBProgress (1): 23/24 MBProgress (1): 23/24 MBProgress (1): 23/24 MBProgress (1): 23/24 MBProgress (1): 23/24 MBProgress (1): 23/24 MBProgress (1): 23/24 MBProgress (1): 23/24 MBProgress (1): 23/24 MBProgress (1): 23/24 MBProgress (1): 23/24 MBProgress (1): 23/24 MBProgress (1): 23/24 MBProgress (1): 23/24 MBProgress (1): 23/24 MBProgress (1): 23/24 MBProgress (1): 23/24 MBProgress (1): 23/24 MBProgress (1): 23/24 MBProgress (1): 23/24 MBProgress (1): 23/24 MBProgress (1): 23/24 MBProgress (1): 23/24 MBProgress (1): 23/24 MBProgress (1): 23/24 MBProgress (1): 24/24 MBProgress (1): 24/24 MBProgress (1): 24/24 MBProgress (1): 24/24 MBProgress (1): 24/24 MBProgress (1): 24/24 MBProgress (1): 24/24 MBProgress (1): 24/24 MBProgress (1): 24/24 MBProgress (1): 24/24 MBProgress (1): 24/24 MBProgress (1): 24/24 MBProgress (1): 24/24 MBProgress (1): 24/24 MBProgress (1): 24/24 MBProgress (1): 24/24 MBProgress (1): 24/24 MBProgress (1): 24/24 MBProgress (1): 24/24 MBProgress (1): 24/24 MBProgress (1): 24/24 MBProgress (1): 24/24 MBProgress (1): 24/24 MBProgress (1): 24/24 MBProgress (1): 24/24 MBProgress (1): 24/24 MBProgress (1): 24/24 MBProgress (1): 24/24 MBProgress (1): 24/24 MBProgress (1): 24/24 MBProgress (1): 24 MB                      Downloaded from paper-repo: https://repo.papermc.io/repository/maven-public/it/unimi/dsi/fastutil/8.5.18/fastutil-8.5.18.jar (24 MB at 52 MB/s)
Downloading from spigot-repo: https://hub.spigotmc.org/nexus/content/repositories/snapshots/com/github/SlimefunGuguProject/Slimefun4/2024.3.1/Slimefun4-2024.3.1.jar
Downloading from spigot-repo: https://hub.spigotmc.org/nexus/content/repositories/snapshots/com/github/SlimefunGuguProject/InfinityLib/1.3.9/InfinityLib-1.3.9.jar
Downloading from jitpack.io: https://jitpack.io/com/github/SlimefunGuguProject/Slimefun4/2024.3.1/Slimefun4-2024.3.1.jar
Progress (1): 0/6.7 MBProgress (1): 0/6.7 MBProgress (1): 0/6.7 MBProgress (1): 0/6.7 MBProgress (1): 0/6.7 MBProgress (1): 0/6.7 MBProgress (1): 0/6.7 MBProgress (1): 0/6.7 MBProgress (1): 0/6.7 MBProgress (1): 0/6.7 MBProgress (1): 0/6.7 MBProgress (1): 0/6.7 MBProgress (1): 0/6.7 MBProgress (1): 0/6.7 MBProgress (1): 0/6.7 MBProgress (1): 0/6.7 MBProgress (1): 0/6.7 MBProgress (1): 0/6.7 MBProgress (1): 0/6.7 MBProgress (1): 0/6.7 MBProgress (1): 0/6.7 MBProgress (1): 0/6.7 MBProgress (1): 0/6.7 MBProgress (1): 0/6.7 MBProgress (1): 0/6.7 MBProgress (1): 0/6.7 MBProgress (1): 0/6.7 MBProgress (1): 0/6.7 MBProgress (1): 0/6.7 MBProgress (1): 0/6.7 MBProgress (1): 0/6.7 MBProgress (1): 0.1/6.7 MBProgress (1): 0.1/6.7 MBProgress (1): 0.1/6.7 MBProgress (1): 0.1/6.7 MBProgress (1): 0.1/6.7 MBProgress (1): 0.1/6.7 MBProgress (1): 0.1/6.7 MBProgress (1): 0.1/6.7 MBProgress (1): 0.1/6.7 MBProgress (1): 0.1/6.7 MBProgress (1): 0.1/6.7 MBProgress (1): 0.1/6.7 MBProgress (1): 0.1/6.7 MBProgress (1): 0.1/6.7 MBProgress (1): 0.1/6.7 MBProgress (1): 0.1/6.7 MBProgress (1): 0.1/6.7 MBProgress (1): 0.1/6.7 MBProgress (1): 0.1/6.7 MBProgress (1): 0.1/6.7 MBProgress (1): 0.1/6.7 MBProgress (1): 0.1/6.7 MBProgress (1): 0.1/6.7 MBProgress (1): 0.1/6.7 MBProgress (1): 0.1/6.7 MBProgress (1): 0.2/6.7 MBProgress (1): 0.2/6.7 MBProgress (1): 0.2/6.7 MBProgress (1): 0.2/6.7 MBProgress (1): 0.2/6.7 MBProgress (1): 0.2/6.7 MBProgress (1): 0.2/6.7 MBProgress (1): 0.2/6.7 MBProgress (1): 0.2/6.7 MBProgress (1): 0.2/6.7 MBProgress (1): 0.2/6.7 MBProgress (1): 0.2/6.7 MBProgress (1): 0.2/6.7 MBProgress (1): 0.2/6.7 MBProgress (1): 0.2/6.7 MBProgress (1): 0.2/6.7 MBProgress (1): 0.3/6.7 MBProgress (1): 0.3/6.7 MBProgress (1): 0.3/6.7 MBProgress (1): 0.3/6.7 MBProgress (1): 0.3/6.7 MBProgress (1): 0.3/6.7 MBProgress (1): 0.3/6.7 MBProgress (1): 0.4/6.7 MBProgress (1): 0.4/6.7 MBProgress (1): 0.4/6.7 MBProgress (1): 0.4/6.7 MBProgress (1): 0.4/6.7 MBProgress (1): 0.4/6.7 MBProgress (1): 0.4/6.7 MBProgress (1): 0.5/6.7 MBProgress (1): 0.5/6.7 MBProgress (1): 0.5/6.7 MBProgress (1): 0.5/6.7 MBProgress (1): 0.5/6.7 MBProgress (1): 0.5/6.7 MBProgress (1): 0.6/6.7 MBProgress (1): 0.6/6.7 MBProgress (1): 0.6/6.7 MBProgress (1): 0.6/6.7 MBProgress (1): 0.6/6.7 MBProgress (1): 0.6/6.7 MBProgress (1): 0.7/6.7 MBProgress (1): 0.7/6.7 MBProgress (1): 0.7/6.7 MBProgress (1): 0.7/6.7 MBProgress (1): 0.7/6.7 MBProgress (1): 0.7/6.7 MBProgress (1): 0.7/6.7 MBProgress (1): 0.8/6.7 MBProgress (1): 0.8/6.7 MBProgress (1): 0.8/6.7 MBProgress (1): 0.8/6.7 MBProgress (1): 0.8/6.7 MBProgress (1): 0.8/6.7 MBProgress (1): 0.9/6.7 MBProgress (1): 0.9/6.7 MBProgress (1): 0.9/6.7 MBProgress (1): 0.9/6.7 MBProgress (1): 0.9/6.7 MBProgress (1): 0.9/6.7 MBProgress (1): 0.9/6.7 MBProgress (1): 1.0/6.7 MBProgress (1): 1.0/6.7 MBProgress (1): 1.0/6.7 MBProgress (1): 1.0/6.7 MBProgress (1): 1.0/6.7 MBProgress (1): 1.0/6.7 MBProgress (1): 1.1/6.7 MBProgress (1): 1.1/6.7 MBProgress (1): 1.1/6.7 MBProgress (1): 1.1/6.7 MBProgress (1): 1.1/6.7 MBProgress (1): 1.1/6.7 MBProgress (1): 1.2/6.7 MBProgress (1): 1.2/6.7 MBProgress (1): 1.2/6.7 MBProgress (1): 1.2/6.7 MBProgress (1): 1.2/6.7 MBProgress (1): 1.2/6.7 MBProgress (1): 1.3/6.7 MBProgress (1): 1.3/6.7 MBProgress (1): 1.3/6.7 MBProgress (1): 1.3/6.7 MBProgress (1): 1.3/6.7 MBProgress (1): 1.3/6.7 MBProgress (1): 1.3/6.7 MBProgress (1): 1.4/6.7 MBProgress (1): 1.4/6.7 MBProgress (1): 1.4/6.7 MBProgress (1): 1.4/6.7 MBProgress (1): 1.4/6.7 MBProgress (1): 1.4/6.7 MBProgress (1): 1.5/6.7 MBProgress (1): 1.5/6.7 MBProgress (1): 1.5/6.7 MBProgress (1): 1.5/6.7 MBProgress (1): 1.5/6.7 MBProgress (1): 1.5/6.7 MBProgress (1): 1.6/6.7 MBProgress (1): 1.6/6.7 MBProgress (1): 1.6/6.7 MBProgress (1): 1.6/6.7 MBProgress (1): 1.6/6.7 MBProgress (1): 1.6/6.7 MBProgress (1): 1.7/6.7 MBProgress (1): 1.7/6.7 MBProgress (1): 1.7/6.7 MBProgress (1): 1.7/6.7 MBProgress (1): 1.7/6.7 MBProgress (1): 1.7/6.7 MBProgress (1): 1.8/6.7 MBProgress (1): 1.8/6.7 MBProgress (1): 1.8/6.7 MBProgress (1): 1.8/6.7 MBProgress (1): 1.8/6.7 MBProgress (1): 1.8/6.7 MBProgress (1): 1.8/6.7 MBProgress (1): 1.9/6.7 MBProgress (1): 1.9/6.7 MBProgress (1): 1.9/6.7 MBProgress (1): 1.9/6.7 MBProgress (1): 1.9/6.7 MBProgress (1): 1.9/6.7 MBProgress (1): 1.9/6.7 MBProgress (1): 2.0/6.7 MBProgress (1): 2.0/6.7 MBProgress (1): 2.0/6.7 MBProgress (1): 2.0/6.7 MBProgress (1): 2.0/6.7 MBProgress (1): 2.0/6.7 MBProgress (1): 2.1/6.7 MBProgress (1): 2.1/6.7 MBProgress (1): 2.1/6.7 MBProgress (1): 2.1/6.7 MBProgress (1): 2.1/6.7 MBProgress (1): 2.1/6.7 MBProgress (1): 2.2/6.7 MBProgress (1): 2.2/6.7 MBProgress (1): 2.2/6.7 MBProgress (1): 2.2/6.7 MBProgress (1): 2.2/6.7 MBProgress (1): 2.2/6.7 MBProgress (1): 2.3/6.7 MBProgress (1): 2.3/6.7 MBProgress (1): 2.3/6.7 MBProgress (1): 2.3/6.7 MBProgress (1): 2.3/6.7 MBProgress (1): 2.3/6.7 MBProgress (1): 2.4/6.7 MBProgress (1): 2.4/6.7 MBProgress (1): 2.4/6.7 MBProgress (1): 2.4/6.7 MBProgress (1): 2.4/6.7 MBProgress (1): 2.4/6.7 MBProgress (1): 2.5/6.7 MBProgress (1): 2.5/6.7 MBProgress (1): 2.5/6.7 MBProgress (1): 2.5/6.7 MBProgress (1): 2.5/6.7 MBProgress (1): 2.5/6.7 MBProgress (1): 2.6/6.7 MBProgress (1): 2.6/6.7 MBProgress (1): 2.6/6.7 MBProgress (1): 2.6/6.7 MBProgress (1): 2.6/6.7 MBProgress (1): 2.6/6.7 MBProgress (1): 2.7/6.7 MBProgress (1): 2.7/6.7 MBProgress (1): 2.7/6.7 MBProgress (1): 2.7/6.7 MBProgress (1): 2.7/6.7 MBProgress (1): 2.7/6.7 MBProgress (1): 2.8/6.7 MBProgress (1): 2.8/6.7 MBProgress (1): 2.8/6.7 MBProgress (1): 2.8/6.7 MBProgress (1): 2.8/6.7 MBProgress (1): 2.8/6.7 MBProgress (1): 2.8/6.7 MBProgress (1): 2.9/6.7 MBProgress (1): 2.9/6.7 MBProgress (1): 2.9/6.7 MBProgress (1): 2.9/6.7 MBProgress (1): 2.9/6.7 MBProgress (1): 2.9/6.7 MBProgress (1): 3.0/6.7 MBProgress (1): 3.0/6.7 MBProgress (1): 3.0/6.7 MBProgress (1): 3.0/6.7 MBProgress (1): 3.0/6.7 MBProgress (1): 3.0/6.7 MBProgress (1): 3.1/6.7 MBProgress (1): 3.1/6.7 MBProgress (1): 3.1/6.7 MBProgress (1): 3.1/6.7 MBProgress (1): 3.1/6.7 MBProgress (1): 3.1/6.7 MBProgress (1): 3.1/6.7 MBProgress (1): 3.2/6.7 MBProgress (1): 3.2/6.7 MBProgress (1): 3.2/6.7 MBProgress (1): 3.2/6.7 MBProgress (1): 3.2/6.7 MBProgress (1): 3.2/6.7 MBProgress (1): 3.3/6.7 MBProgress (1): 3.3/6.7 MBProgress (1): 3.3/6.7 MBProgress (1): 3.3/6.7 MBProgress (1): 3.3/6.7 MBProgress (1): 3.3/6.7 MBProgress (1): 3.4/6.7 MBProgress (1): 3.4/6.7 MBProgress (1): 3.4/6.7 MBProgress (1): 3.4/6.7 MBProgress (1): 3.4/6.7 MBProgress (1): 3.4/6.7 MBProgress (1): 3.4/6.7 MBProgress (1): 3.5/6.7 MBProgress (1): 3.5/6.7 MBProgress (1): 3.5/6.7 MBProgress (1): 3.5/6.7 MBProgress (1): 3.5/6.7 MBProgress (1): 3.5/6.7 MBProgress (1): 3.5/6.7 MBProgress (1): 3.6/6.7 MBProgress (1): 3.6/6.7 MBProgress (1): 3.6/6.7 MBProgress (1): 3.6/6.7 MBProgress (1): 3.6/6.7 MBProgress (1): 3.6/6.7 MBProgress (1): 3.7/6.7 MBProgress (1): 3.7/6.7 MBProgress (1): 3.7/6.7 MBProgress (1): 3.7/6.7 MBProgress (1): 3.7/6.7 MBProgress (1): 3.7/6.7 MBProgress (1): 3.8/6.7 MBProgress (1): 3.8/6.7 MBProgress (1): 3.8/6.7 MBProgress (1): 3.8/6.7 MBProgress (1): 3.8/6.7 MBProgress (1): 3.8/6.7 MBProgress (1): 3.9/6.7 MBProgress (1): 3.9/6.7 MBProgress (1): 3.9/6.7 MBProgress (1): 3.9/6.7 MBProgress (1): 3.9/6.7 MBProgress (1): 3.9/6.7 MBProgress (1): 3.9/6.7 MBProgress (1): 3.9/6.7 MBProgress (1): 4.0/6.7 MBProgress (1): 4.0/6.7 MBProgress (1): 4.0/6.7 MBProgress (1): 4.0/6.7 MBProgress (1): 4.0/6.7 MBProgress (1): 4.0/6.7 MBProgress (1): 4.1/6.7 MBProgress (1): 4.1/6.7 MBProgress (1): 4.1/6.7 MBProgress (1): 4.1/6.7 MBProgress (1): 4.1/6.7 MBProgress (1): 4.1/6.7 MBProgress (1): 4.2/6.7 MBProgress (1): 4.2/6.7 MBProgress (1): 4.2/6.7 MBProgress (1): 4.2/6.7 MBProgress (1): 4.2/6.7 MBProgress (1): 4.2/6.7 MBProgress (1): 4.2/6.7 MBProgress (1): 4.3/6.7 MBProgress (1): 4.3/6.7 MBProgress (1): 4.3/6.7 MBProgress (1): 4.3/6.7 MBProgress (1): 4.3/6.7 MBProgress (1): 4.3/6.7 MBProgress (1): 4.4/6.7 MBProgress (1): 4.4/6.7 MBProgress (1): 4.4/6.7 MBProgress (1): 4.4/6.7 MBProgress (1): 4.4/6.7 MBProgress (1): 4.4/6.7 MBProgress (1): 4.5/6.7 MBProgress (1): 4.5/6.7 MBProgress (1): 4.5/6.7 MBProgress (1): 4.5/6.7 MBProgress (1): 4.5/6.7 MBProgress (1): 4.5/6.7 MBProgress (1): 4.6/6.7 MBProgress (1): 4.6/6.7 MBProgress (1): 4.6/6.7 MBProgress (1): 4.6/6.7 MBProgress (1): 4.6/6.7 MBProgress (1): 4.6/6.7 MBProgress (1): 4.7/6.7 MBProgress (1): 4.7/6.7 MBProgress (1): 4.7/6.7 MBProgress (1): 4.7/6.7 MBProgress (1): 4.7/6.7 MBProgress (1): 4.7/6.7 MBProgress (1): 4.7/6.7 MBProgress (1): 4.8/6.7 MBProgress (1): 4.8/6.7 MBProgress (1): 4.8/6.7 MBProgress (1): 4.8/6.7 MBProgress (1): 4.8/6.7 MBProgress (1): 4.8/6.7 MBProgress (1): 4.9/6.7 MBProgress (1): 4.9/6.7 MBProgress (1): 4.9/6.7 MBProgress (1): 4.9/6.7 MBProgress (1): 4.9/6.7 MBProgress (1): 4.9/6.7 MBProgress (1): 5.0/6.7 MBProgress (1): 5.0/6.7 MBProgress (1): 5.0/6.7 MBProgress (1): 5.0/6.7 MBProgress (1): 5.0/6.7 MBProgress (1): 5.0/6.7 MBProgress (1): 5.1/6.7 MBProgress (1): 5.1/6.7 MBProgress (1): 5.1/6.7 MBProgress (1): 5.1/6.7 MBProgress (1): 5.1/6.7 MBProgress (1): 5.1/6.7 MBProgress (1): 5.2/6.7 MBProgress (1): 5.2/6.7 MBProgress (1): 5.2/6.7 MBProgress (1): 5.2/6.7 MBProgress (1): 5.2/6.7 MBProgress (1): 5.2/6.7 MBProgress (1): 5.3/6.7 MBProgress (1): 5.3/6.7 MBProgress (1): 5.3/6.7 MBProgress (1): 5.3/6.7 MBProgress (1): 5.3/6.7 MBProgress (1): 5.3/6.7 MBProgress (1): 5.4/6.7 MBProgress (1): 5.4/6.7 MBProgress (1): 5.4/6.7 MBProgress (1): 5.4/6.7 MBProgress (1): 5.4/6.7 MBProgress (1): 5.4/6.7 MBProgress (1): 5.5/6.7 MBProgress (1): 5.5/6.7 MBProgress (1): 5.5/6.7 MBProgress (1): 5.5/6.7 MBProgress (1): 5.5/6.7 MBProgress (1): 5.5/6.7 MBProgress (1): 5.6/6.7 MBProgress (1): 5.6/6.7 MBProgress (1): 5.6/6.7 MBProgress (1): 5.6/6.7 MBProgress (1): 5.6/6.7 MBProgress (1): 5.6/6.7 MBProgress (1): 5.6/6.7 MBProgress (1): 5.7/6.7 MBProgress (1): 5.7/6.7 MBProgress (1): 5.7/6.7 MBProgress (1): 5.7/6.7 MBProgress (1): 5.7/6.7 MBProgress (1): 5.7/6.7 MBProgress (1): 5.8/6.7 MBProgress (1): 5.8/6.7 MBProgress (1): 5.8/6.7 MBProgress (1): 5.8/6.7 MBProgress (1): 5.8/6.7 MBProgress (1): 5.8/6.7 MBProgress (1): 5.9/6.7 MBProgress (1): 5.9/6.7 MBProgress (1): 5.9/6.7 MBProgress (1): 5.9/6.7 MBProgress (1): 5.9/6.7 MBProgress (1): 5.9/6.7 MBProgress (1): 5.9/6.7 MBProgress (1): 6.0/6.7 MBProgress (1): 6.0/6.7 MBProgress (1): 6.0/6.7 MBProgress (1): 6.0/6.7 MBProgress (1): 6.0/6.7 MBProgress (1): 6.0/6.7 MBProgress (1): 6.1/6.7 MBProgress (1): 6.1/6.7 MBProgress (1): 6.1/6.7 MBProgress (1): 6.1/6.7 MBProgress (1): 6.1/6.7 MBProgress (1): 6.1/6.7 MBProgress (1): 6.2/6.7 MBProgress (1): 6.2/6.7 MBProgress (1): 6.2/6.7 MBProgress (1): 6.2/6.7 MBProgress (1): 6.2/6.7 MBProgress (1): 6.2/6.7 MBProgress (1): 6.3/6.7 MBProgress (1): 6.3/6.7 MBProgress (1): 6.3/6.7 MBProgress (1): 6.3/6.7 MBProgress (1): 6.3/6.7 MBProgress (1): 6.3/6.7 MBProgress (1): 6.4/6.7 MBProgress (1): 6.4/6.7 MBProgress (1): 6.4/6.7 MBProgress (1): 6.4/6.7 MBProgress (1): 6.4/6.7 MBProgress (1): 6.4/6.7 MBProgress (1): 6.5/6.7 MBProgress (1): 6.5/6.7 MBProgress (1): 6.5/6.7 MBProgress (1): 6.5/6.7 MBProgress (1): 6.5/6.7 MBProgress (1): 6.5/6.7 MBProgress (1): 6.5/6.7 MBProgress (1): 6.6/6.7 MBProgress (1): 6.6/6.7 MBProgress (1): 6.6/6.7 MBProgress (1): 6.6/6.7 MBProgress (1): 6.6/6.7 MBProgress (1): 6.6/6.7 MBProgress (1): 6.7 MB                        Downloaded from jitpack.io: https://jitpack.io/com/github/SlimefunGuguProject/Slimefun4/2024.3.1/Slimefun4-2024.3.1.jar (6.7 MB at 23 MB/s)
Downloading from jitpack.io: https://jitpack.io/com/github/SlimefunGuguProject/InfinityLib/1.3.9/InfinityLib-1.3.9.jar
Progress (1): 8.2/91 kBProgress (1): 25/91 kB Progress (1): 41/91 kBProgress (1): 57/91 kBProgress (1): 74/91 kBProgress (1): 90/91 kBProgress (1): 91 kB                      Downloaded from jitpack.io: https://jitpack.io/com/github/SlimefunGuguProject/InfinityLib/1.3.9/InfinityLib-1.3.9.jar (91 kB at 1.7 MB/s)
[INFO] 
[INFO] --- clean:3.2.0:clean (default-clean) @ SlimeTinker ---
Downloading from central: https://repo.maven.apache.org/maven2/org/apache/maven/shared/maven-shared-utils/3.3.4/maven-shared-utils-3.3.4.pom
Progress (1): 790 BProgress (1): 2.3 kBProgress (1): 4.3 kBProgress (1): 5.8 kB                    Downloaded from central: https://repo.maven.apache.org/maven2/org/apache/maven/shared/maven-shared-utils/3.3.4/maven-shared-utils-3.3.4.pom (5.8 kB at 158 kB/s)
Downloading from central: https://repo.maven.apache.org/maven2/org/apache/maven/shared/maven-shared-components/34/maven-shared-components-34.pom
Progress (1): 781 BProgress (1): 2.3 kBProgress (1): 4.6 kBProgress (1): 5.1 kB                    Downloaded from central: https://repo.maven.apache.org/maven2/org/apache/maven/shared/maven-shared-components/34/maven-shared-components-34.pom (5.1 kB at 170 kB/s)
Downloading from central: https://repo.maven.apache.org/maven2/org/apache/maven/maven-parent/34/maven-parent-34.pom
Progress (1): 727 BProgress (1): 1.9 kBProgress (1): 5.4 kBProgress (1): 9.8 kBProgress (1): 14 kB Progress (1): 19 kBProgress (1): 23 kBProgress (1): 26 kBProgress (1): 27 kBProgress (1): 30 kBProgress (1): 34 kBProgress (1): 37 kBProgress (1): 41 kBProgress (1): 43 kB                   Downloaded from central: https://repo.maven.apache.org/maven2/org/apache/maven/maven-parent/34/maven-parent-34.pom (43 kB at 1.3 MB/s)
Downloading from central: https://repo.maven.apache.org/maven2/commons-io/commons-io/2.6/commons-io-2.6.pom
Progress (1): 782 BProgress (1): 2.1 kBProgress (1): 5.3 kBProgress (1): 7.5 kBProgress (1): 9.5 kBProgress (1): 12 kB Progress (1): 14 kB                   Downloaded from central: https://repo.maven.apache.org/maven2/commons-io/commons-io/2.6/commons-io-2.6.pom (14 kB at 407 kB/s)
Downloading from central: https://repo.maven.apache.org/maven2/org/apache/commons/commons-parent/42/commons-parent-42.pom
Progress (1): 707 BProgress (1): 1.9 kBProgress (1): 3.1 kBProgress (1): 4.5 kBProgress (1): 5.9 kBProgress (1): 7.5 kBProgress (1): 11 kB Progress (1): 14 kBProgress (1): 17 kBProgress (1): 21 kBProgress (1): 24 kBProgress (1): 26 kBProgress (1): 29 kBProgress (1): 31 kBProgress (1): 34 kBProgress (1): 34 kBProgress (1): 37 kBProgress (1): 40 kBProgress (1): 44 kBProgress (1): 49 kBProgress (1): 53 kBProgress (1): 55 kBProgress (1): 59 kBProgress (1): 60 kBProgress (1): 62 kBProgress (1): 65 kBProgress (1): 66 kBProgress (1): 68 kB                   Downloaded from central: https://repo.maven.apache.org/maven2/org/apache/commons/commons-parent/42/commons-parent-42.pom (68 kB at 2.0 MB/s)
Downloading from central: https://repo.maven.apache.org/maven2/org/apache/apache/18/apache-18.pom
Progress (1): 748 BProgress (1): 2.1 kBProgress (1): 3.9 kBProgress (1): 8.0 kBProgress (1): 12 kB Progress (1): 15 kBProgress (1): 16 kB                   Downloaded from central: https://repo.maven.apache.org/maven2/org/apache/apache/18/apache-18.pom (16 kB at 475 kB/s)
Downloading from central: https://repo.maven.apache.org/maven2/org/apache/maven/shared/maven-shared-utils/3.3.4/maven-shared-utils-3.3.4.jar
Progress (1): 7.7/153 kBProgress (1): 16/153 kB Progress (1): 24/153 kBProgress (1): 40/153 kBProgress (1): 57/153 kBProgress (1): 73/153 kBProgress (1): 90/153 kBProgress (1): 106/153 kBProgress (1): 122/153 kBProgress (1): 139/153 kBProgress (1): 153 kB                        Downloaded from central: https://repo.maven.apache.org/maven2/org/apache/maven/shared/maven-shared-utils/3.3.4/maven-shared-utils-3.3.4.jar (153 kB at 5.1 MB/s)
Downloading from central: https://repo.maven.apache.org/maven2/commons-io/commons-io/2.6/commons-io-2.6.jar
Progress (1): 7.7/215 kBProgress (1): 16/215 kB Progress (1): 28/215 kBProgress (1): 44/215 kBProgress (1): 61/215 kBProgress (1): 77/215 kBProgress (1): 93/215 kBProgress (1): 110/215 kBProgress (1): 126/215 kBProgress (1): 142/215 kBProgress (1): 159/215 kBProgress (1): 175/215 kBProgress (1): 192/215 kBProgress (1): 208/215 kBProgress (1): 215 kB                        Downloaded from central: https://repo.maven.apache.org/maven2/commons-io/commons-io/2.6/commons-io-2.6.jar (215 kB at 7.7 MB/s)
[INFO] 
[INFO] --- resources:3.4.0:resources (default-resources) @ SlimeTinker ---
Downloading from central: https://repo.maven.apache.org/maven2/org/apache/maven/shared/maven-filtering/3.4.0/maven-filtering-3.4.0.pom
Progress (1): 787 BProgress (1): 2.2 kBProgress (1): 4.7 kBProgress (1): 6.5 kB                    Downloaded from central: https://repo.maven.apache.org/maven2/org/apache/maven/shared/maven-filtering/3.4.0/maven-filtering-3.4.0.pom (6.5 kB at 216 kB/s)
Downloading from central: https://repo.maven.apache.org/maven2/org/apache/maven/shared/maven-shared-components/43/maven-shared-components-43.pom
Progress (1): 811 BProgress (1): 2.3 kBProgress (1): 3.8 kB                    Downloaded from central: https://repo.maven.apache.org/maven2/org/apache/maven/shared/maven-shared-components/43/maven-shared-components-43.pom (3.8 kB at 126 kB/s)
Downloading from central: https://repo.maven.apache.org/maven2/org/apache/maven/maven-parent/43/maven-parent-43.pom
Progress (1): 720 BProgress (1): 1.9 kBProgress (1): 5.5 kBProgress (1): 9.9 kBProgress (1): 14 kB Progress (1): 19 kBProgress (1): 23 kBProgress (1): 26 kBProgress (1): 28 kBProgress (1): 31 kBProgress (1): 34 kBProgress (1): 38 kBProgress (1): 41 kBProgress (1): 43 kBProgress (1): 48 kBProgress (1): 48 kBProgress (1): 50 kB                   Downloaded from central: https://repo.maven.apache.org/maven2/org/apache/maven/maven-parent/43/maven-parent-43.pom (50 kB at 1.4 MB/s)
Downloading from central: https://repo.maven.apache.org/maven2/org/apache/apache/33/apache-33.pom
Progress (1): 741 BProgress (1): 2.1 kBProgress (1): 4.0 kBProgress (1): 6.0 kBProgress (1): 10 kB Progress (1): 16 kBProgress (1): 19 kBProgress (1): 22 kBProgress (1): 24 kB                   Downloaded from central: https://repo.maven.apache.org/maven2/org/apache/apache/33/apache-33.pom (24 kB at 864 kB/s)
Downloading from central: https://repo.maven.apache.org/maven2/org/junit/junit-bom/5.10.3/junit-bom-5.10.3.pom
Progress (1): 908 BProgress (1): 4.1 kBProgress (1): 5.6 kB                    Downloaded from central: https://repo.maven.apache.org/maven2/org/junit/junit-bom/5.10.3/junit-bom-5.10.3.pom (5.6 kB at 161 kB/s)
Downloading from central: https://repo.maven.apache.org/maven2/org/sonatype/plexus/plexus-build-api/0.0.7/plexus-build-api-0.0.7.pom
Progress (1): 910 BProgress (1): 3.2 kB                    Downloaded from central: https://repo.maven.apache.org/maven2/org/sonatype/plexus/plexus-build-api/0.0.7/plexus-build-api-0.0.7.pom (3.2 kB at 71 kB/s)
Downloading from central: https://repo.maven.apache.org/maven2/org/sonatype/spice/spice-parent/15/spice-parent-15.pom
Progress (1): 1.2 kBProgress (1): 3.7 kBProgress (1): 7.3 kBProgress (1): 8.4 kB                    Downloaded from central: https://repo.maven.apache.org/maven2/org/sonatype/spice/spice-parent/15/spice-parent-15.pom (8.4 kB at 190 kB/s)
Downloading from central: https://repo.maven.apache.org/maven2/org/sonatype/forge/forge-parent/5/forge-parent-5.pom
Progress (1): 1.3 kBProgress (1): 5.5 kBProgress (1): 8.4 kB                    Downloaded from central: https://repo.maven.apache.org/maven2/org/sonatype/forge/forge-parent/5/forge-parent-5.pom (8.4 kB at 279 kB/s)
Downloading from central: https://repo.maven.apache.org/maven2/org/codehaus/plexus/plexus-utils/4.0.2/plexus-utils-4.0.2.pom
Progress (1): 976 BProgress (1): 4.3 kBProgress (1): 7.7 kBProgress (1): 12 kB Progress (1): 13 kB                   Downloaded from central: https://repo.maven.apache.org/maven2/org/codehaus/plexus/plexus-utils/4.0.2/plexus-utils-4.0.2.pom (13 kB at 388 kB/s)
Downloading from central: https://repo.maven.apache.org/maven2/org/codehaus/plexus/plexus-xml/3.0.1/plexus-xml-3.0.1.pom
Progress (1): 814 BProgress (1): 2.6 kBProgress (1): 3.7 kB                    Downloaded from central: https://repo.maven.apache.org/maven2/org/codehaus/plexus/plexus-xml/3.0.1/plexus-xml-3.0.1.pom (3.7 kB at 109 kB/s)
Downloading from central: https://repo.maven.apache.org/maven2/org/codehaus/plexus/plexus/18/plexus-18.pom
Progress (1): 692 BProgress (1): 2.5 kBProgress (1): 6.4 kBProgress (1): 8.9 kBProgress (1): 10 kB Progress (1): 14 kBProgress (1): 18 kBProgress (1): 21 kBProgress (1): 25 kBProgress (1): 29 kBProgress (1): 29 kB                   Downloaded from central: https://repo.maven.apache.org/maven2/org/codehaus/plexus/plexus/18/plexus-18.pom (29 kB at 835 kB/s)
Downloading from central: https://repo.maven.apache.org/maven2/org/codehaus/plexus/plexus-interpolation/1.27/plexus-interpolation-1.27.pom
Progress (1): 1.3 kBProgress (1): 3.0 kB                    Downloaded from central: https://repo.maven.apache.org/maven2/org/codehaus/plexus/plexus-interpolation/1.27/plexus-interpolation-1.27.pom (3.0 kB at 50 kB/s)
Downloading from central: https://repo.maven.apache.org/maven2/org/codehaus/plexus/plexus/16/plexus-16.pom
Progress (1): 826 BProgress (1): 2.9 kBProgress (1): 3.2 kBProgress (1): 6.6 kBProgress (1): 9.0 kBProgress (1): 11 kB Progress (1): 14 kBProgress (1): 19 kBProgress (1): 21 kBProgress (1): 26 kBProgress (1): 28 kB                   Downloaded from central: https://repo.maven.apache.org/maven2/org/codehaus/plexus/plexus/16/plexus-16.pom (28 kB at 425 kB/s)
Downloading from central: https://repo.maven.apache.org/maven2/org/junit/junit-bom/5.10.1/junit-bom-5.10.1.pom
Progress (1): 921 BProgress (1): 3.2 kBProgress (1): 5.6 kB                    Downloaded from central: https://repo.maven.apache.org/maven2/org/junit/junit-bom/5.10.1/junit-bom-5.10.1.pom (5.6 kB at 126 kB/s)
Downloading from central: https://repo.maven.apache.org/maven2/commons-io/commons-io/2.16.1/commons-io-2.16.1.pom
Progress (1): 762 BProgress (1): 2.0 kBProgress (1): 4.9 kBProgress (1): 6.7 kBProgress (1): 8.8 kBProgress (1): 12 kB Progress (1): 15 kBProgress (1): 18 kBProgress (1): 20 kB                   Downloaded from central: https://repo.maven.apache.org/maven2/commons-io/commons-io/2.16.1/commons-io-2.16.1.pom (20 kB at 491 kB/s)
Downloading from central: https://repo.maven.apache.org/maven2/org/apache/commons/commons-parent/69/commons-parent-69.pom
Progress (1): 708 BProgress (1): 1.9 kBProgress (1): 3.1 kBProgress (1): 4.7 kBProgress (1): 6.4 kBProgress (1): 8.4 kBProgress (1): 10 kB Progress (1): 13 kBProgress (1): 14 kBProgress (1): 17 kBProgress (1): 19 kBProgress (1): 22 kBProgress (1): 25 kBProgress (1): 28 kBProgress (1): 31 kBProgress (1): 31 kBProgress (1): 35 kBProgress (1): 40 kBProgress (1): 43 kBProgress (1): 45 kBProgress (1): 48 kBProgress (1): 51 kBProgress (1): 55 kBProgress (1): 57 kBProgress (1): 59 kBProgress (1): 63 kBProgress (1): 67 kBProgress (1): 70 kBProgress (1): 73 kBProgress (1): 75 kBProgress (1): 77 kB                   Downloaded from central: https://repo.maven.apache.org/maven2/org/apache/commons/commons-parent/69/commons-parent-69.pom (77 kB at 2.1 MB/s)
Downloading from central: https://repo.maven.apache.org/maven2/org/apache/commons/commons-lang3/3.16.0/commons-lang3-3.16.0.pom
Progress (1): 744 BProgress (1): 1.8 kBProgress (1): 4.1 kBProgress (1): 5.7 kBProgress (1): 7.5 kBProgress (1): 10.0 kBProgress (1): 13 kB  Progress (1): 17 kBProgress (1): 20 kBProgress (1): 22 kBProgress (1): 26 kBProgress (1): 29 kBProgress (1): 31 kB                   Downloaded from central: https://repo.maven.apache.org/maven2/org/apache/commons/commons-lang3/3.16.0/commons-lang3-3.16.0.pom (31 kB at 845 kB/s)
Downloading from central: https://repo.maven.apache.org/maven2/org/apache/commons/commons-parent/72/commons-parent-72.pom
Progress (1): 810 BProgress (1): 2.1 kBProgress (1): 3.2 kBProgress (1): 4.4 kBProgress (1): 6.4 kBProgress (1): 8.1 kBProgress (1): 9.9 kBProgress (1): 12 kB Progress (1): 14 kBProgress (1): 16 kBProgress (1): 19 kBProgress (1): 21 kBProgress (1): 24 kBProgress (1): 27 kBProgress (1): 31 kBProgress (1): 35 kBProgress (1): 39 kBProgress (1): 43 kBProgress (1): 45 kBProgress (1): 48 kBProgress (1): 51 kBProgress (1): 54 kBProgress (1): 57 kBProgress (1): 59 kBProgress (1): 63 kBProgress (1): 66 kBProgress (1): 69 kBProgress (1): 72 kBProgress (1): 74 kBProgress (1): 78 kBProgress (1): 78 kB                   Downloaded from central: https://repo.maven.apache.org/maven2/org/apache/commons/commons-parent/72/commons-parent-72.pom (78 kB at 2.2 MB/s)
Downloading from central: https://repo.maven.apache.org/maven2/org/junit/junit-bom/5.11.0-M2/junit-bom-5.11.0-M2.pom
Progress (1): 920 BProgress (1): 3.2 kBProgress (1): 5.7 kB                    Downloaded from central: https://repo.maven.apache.org/maven2/org/junit/junit-bom/5.11.0-M2/junit-bom-5.11.0-M2.pom (5.7 kB at 163 kB/s)
Downloading from central: https://repo.maven.apache.org/maven2/org/apache/commons/commons-lang3/3.20.0/commons-lang3-3.20.0.pom
Progress (1): 793 BProgress (1): 1.9 kBProgress (1): 4.0 kBProgress (1): 5.4 kBProgress (1): 7.4 kBProgress (1): 9.5 kBProgress (1): 12 kB Progress (1): 16 kBProgress (1): 19 kBProgress (1): 21 kBProgress (1): 25 kBProgress (1): 28 kBProgress (1): 32 kBProgress (1): 33 kB                   Downloaded from central: https://repo.maven.apache.org/maven2/org/apache/commons/commons-lang3/3.20.0/commons-lang3-3.20.0.pom (33 kB at 905 kB/s)
Downloading from central: https://repo.maven.apache.org/maven2/org/apache/commons/commons-parent/92/commons-parent-92.pom
Progress (1): 699 BProgress (1): 1.9 kBProgress (1): 3.2 kBProgress (1): 4.7 kBProgress (1): 6.8 kBProgress (1): 9.5 kBProgress (1): 11 kB Progress (1): 14 kBProgress (1): 16 kBProgress (1): 18 kBProgress (1): 21 kBProgress (1): 23 kBProgress (1): 25 kBProgress (1): 29 kBProgress (1): 32 kBProgress (1): 32 kBProgress (1): 37 kBProgress (1): 41 kBProgress (1): 45 kBProgress (1): 47 kBProgress (1): 50 kBProgress (1): 52 kBProgress (1): 56 kBProgress (1): 58 kBProgress (1): 61 kBProgress (1): 64 kBProgress (1): 68 kBProgress (1): 71 kBProgress (1): 74 kBProgress (1): 76 kBProgress (1): 78 kBProgress (1): 80 kB                   Downloaded from central: https://repo.maven.apache.org/maven2/org/apache/commons/commons-parent/92/commons-parent-92.pom (80 kB at 1.9 MB/s)
[INFO] Artifact javax.inject:javax.inject:jar:1 is present in the local repository, but cached from a remote repository ID that is unavailable in current build context, verifying that is downloadable from [central (https://repo.maven.apache.org/maven2, default, releases)]
[INFO] Artifact javax.inject:javax.inject:jar:1 is present in the local repository, but cached from a remote repository ID that is unavailable in current build context, verifying that is downloadable from [central (https://repo.maven.apache.org/maven2, default, releases)]
Downloading from central: https://repo.maven.apache.org/maven2/org/apache/maven/shared/maven-filtering/3.4.0/maven-filtering-3.4.0.jar
Progress (1): 7.7/56 kBProgress (1): 11/56 kB Progress (1): 28/56 kBProgress (1): 44/56 kBProgress (1): 56 kB                      Downloaded from central: https://repo.maven.apache.org/maven2/org/apache/maven/shared/maven-filtering/3.4.0/maven-filtering-3.4.0.jar (56 kB at 1.9 MB/s)
Downloading from central: https://repo.maven.apache.org/maven2/org/slf4j/slf4j-api/1.7.36/slf4j-api-1.7.36.jar
Downloading from central: https://repo.maven.apache.org/maven2/org/sonatype/plexus/plexus-build-api/0.0.7/plexus-build-api-0.0.7.jar
Downloading from central: https://repo.maven.apache.org/maven2/org/codehaus/plexus/plexus-utils/4.0.2/plexus-utils-4.0.2.jar
Downloading from central: https://repo.maven.apache.org/maven2/org/codehaus/plexus/plexus-interpolation/1.27/plexus-interpolation-1.27.jar
Downloading from central: https://repo.maven.apache.org/maven2/org/codehaus/plexus/plexus-xml/3.0.1/plexus-xml-3.0.1.jar
Progress (1): 7.7/8.5 kBProgress (1): 8.5 kB                        Downloaded from central: https://repo.maven.apache.org/maven2/org/sonatype/plexus/plexus-build-api/0.0.7/plexus-build-api-0.0.7.jar (8.5 kB at 229 kB/s)
Downloading from central: https://repo.maven.apache.org/maven2/commons-io/commons-io/2.16.1/commons-io-2.16.1.jar
Progress (1): 0.9/94 kBProgress (1): 2.3/94 kBProgress (1): 3.6/94 kBProgress (1): 5.0/94 kBProgress (1): 6.4/94 kBProgress (2): 6.4/94 kB | 0.9/86 kBProgress (2): 7.7/94 kB | 0.9/86 kBProgress (2): 9.1/94 kB | 0.9/86 kBProgress (2): 10/94 kB | 0.9/86 kB Progress (2): 10/94 kB | 2.3/86 kBProgress (2): 12/94 kB | 2.3/86 kBProgress (2): 12/94 kB | 3.6/86 kBProgress (2): 13/94 kB | 3.6/86 kBProgress (2): 13/94 kB | 5.0/86 kBProgress (2): 15/94 kB | 5.0/86 kBProgress (2): 15/94 kB | 6.4/86 kBProgress (2): 16/94 kB | 6.4/86 kBProgress (2): 16/94 kB | 7.7/86 kBProgress (2): 17/94 kB | 7.7/86 kBProgress (2): 17/94 kB | 8.2/86 kBProgress (2): 19/94 kB | 8.2/86 kBProgress (2): 19/94 kB | 9.6/86 kBProgress (2): 20/94 kB | 9.6/86 kBProgress (2): 20/94 kB | 11/86 kB Progress (2): 21/94 kB | 11/86 kBProgress (2): 21/94 kB | 12/86 kBProgress (2): 23/94 kB | 12/86 kBProgress (2): 23/94 kB | 14/86 kBProgress (2): 24/94 kB | 14/86 kBProgress (2): 24/94 kB | 15/86 kBProgress (2): 24/94 kB | 16/86 kBProgress (2): 24/94 kB | 18/86 kBProgress (2): 24/94 kB | 19/86 kBProgress (2): 24/94 kB | 20/86 kBProgress (2): 26/94 kB | 20/86 kBProgress (2): 26/94 kB | 22/86 kBProgress (2): 27/94 kB | 22/86 kBProgress (2): 27/94 kB | 23/86 kBProgress (2): 28/94 kB | 23/86 kBProgress (2): 28/94 kB | 25/86 kBProgress (2): 30/94 kB | 25/86 kBProgress (2): 30/94 kB | 26/86 kBProgress (2): 31/94 kB | 26/86 kBProgress (2): 31/94 kB | 27/86 kBProgress (2): 32/94 kB | 27/86 kBProgress (2): 32/94 kB | 29/86 kBProgress (2): 34/94 kB | 29/86 kBProgress (2): 34/94 kB | 30/86 kBProgress (2): 35/94 kB | 30/86 kBProgress (2): 36/94 kB | 30/86 kBProgress (2): 36/94 kB | 31/86 kBProgress (2): 38/94 kB | 31/86 kBProgress (2): 39/94 kB | 31/86 kBProgress (2): 39/94 kB | 33/86 kBProgress (2): 41/94 kB | 33/86 kBProgress (2): 41/94 kB | 34/86 kBProgress (2): 41/94 kB | 36/86 kBProgress (2): 42/94 kB | 36/86 kBProgress (2): 42/94 kB | 37/86 kBProgress (2): 43/94 kB | 37/86 kBProgress (2): 43/94 kB | 38/86 kBProgress (2): 45/94 kB | 38/86 kBProgress (2): 45/94 kB | 40/86 kBProgress (2): 45/94 kB | 41/86 kBProgress (2): 46/94 kB | 41/86 kBProgress (2): 46/94 kB | 42/86 kBProgress (2): 47/94 kB | 42/86 kBProgress (2): 47/94 kB | 44/86 kBProgress (2): 49/94 kB | 44/86 kBProgress (2): 49/94 kB | 45/86 kBProgress (2): 50/94 kB | 45/86 kBProgress (2): 50/94 kB | 46/86 kBProgress (2): 52/94 kB | 46/86 kBProgress (2): 52/94 kB | 48/86 kBProgress (2): 53/94 kB | 48/86 kBProgress (2): 53/94 kB | 49/86 kBProgress (2): 54/94 kB | 49/86 kBProgress (2): 54/94 kB | 51/86 kBProgress (2): 56/94 kB | 51/86 kBProgress (2): 56/94 kB | 52/86 kBProgress (2): 56/94 kB | 53/86 kBProgress (2): 57/94 kB | 53/86 kBProgress (2): 57/94 kB | 55/86 kBProgress (2): 61/94 kB | 55/86 kBProgress (3): 61/94 kB | 55/86 kB | 0.9/41 kBProgress (3): 61/94 kB | 55/86 kB | 2.3/41 kBProgress (3): 61/94 kB | 55/86 kB | 3.6/41 kBProgress (3): 61/94 kB | 55/86 kB | 5.0/41 kBProgress (3): 65/94 kB | 55/86 kB | 5.0/41 kBProgress (3): 70/94 kB | 55/86 kB | 5.0/41 kBProgress (3): 70/94 kB | 55/86 kB | 6.4/41 kBProgress (3): 70/94 kB | 55/86 kB | 7.7/41 kBProgress (3): 70/94 kB | 55/86 kB | 9.1/41 kBProgress (3): 70/94 kB | 55/86 kB | 10/41 kB Progress (3): 70/94 kB | 55/86 kB | 12/41 kBProgress (3): 70/94 kB | 55/86 kB | 13/41 kBProgress (3): 70/94 kB | 55/86 kB | 15/41 kBProgress (3): 70/94 kB | 55/86 kB | 16/41 kBProgress (3): 70/94 kB | 55/86 kB | 17/41 kBProgress (3): 70/94 kB | 55/86 kB | 19/41 kBProgress (3): 70/94 kB | 55/86 kB | 20/41 kBProgress (3): 70/94 kB | 55/86 kB | 21/41 kBProgress (3): 74/94 kB | 55/86 kB | 21/41 kBProgress (3): 78/94 kB | 55/86 kB | 21/41 kBProgress (3): 78/94 kB | 55/86 kB | 23/41 kBProgress (3): 78/94 kB | 55/86 kB | 24/41 kBProgress (3): 78/94 kB | 55/86 kB | 25/41 kBProgress (3): 78/94 kB | 55/86 kB | 27/41 kBProgress (3): 78/94 kB | 55/86 kB | 28/41 kBProgress (3): 78/94 kB | 55/86 kB | 30/41 kBProgress (3): 78/94 kB | 55/86 kB | 31/41 kBProgress (3): 78/94 kB | 55/86 kB | 32/41 kBProgress (3): 78/94 kB | 55/86 kB | 34/41 kBProgress (3): 78/94 kB | 55/86 kB | 35/41 kBProgress (3): 78/94 kB | 55/86 kB | 36/41 kBProgress (3): 78/94 kB | 55/86 kB | 38/41 kBProgress (3): 78/94 kB | 55/86 kB | 39/41 kBProgress (3): 78/94 kB | 55/86 kB | 41/41 kBProgress (3): 78/94 kB | 55/86 kB | 41 kB                                            Downloaded from central: https://repo.maven.apache.org/maven2/org/slf4j/slf4j-api/1.7.36/slf4j-api-1.7.36.jar (41 kB at 935 kB/s)
Downloading from central: https://repo.maven.apache.org/maven2/org/apache/commons/commons-lang3/3.20.0/commons-lang3-3.20.0.jar
Progress (2): 82/94 kB | 55/86 kBProgress (2): 86/94 kB | 55/86 kBProgress (2): 91/94 kB | 55/86 kBProgress (2): 94 kB | 55/86 kB   Progress (2): 94 kB | 59/86 kBProgress (2): 94 kB | 63/86 kBProgress (2): 94 kB | 66/86 kBProgress (2): 94 kB | 70/86 kBProgress (2): 94 kB | 74/86 kBProgress (2): 94 kB | 78/86 kBProgress (2): 94 kB | 82/86 kBProgress (2): 94 kB | 86 kB                              Downloaded from central: https://repo.maven.apache.org/maven2/org/codehaus/plexus/plexus-xml/3.0.1/plexus-xml-3.0.1.jar (94 kB at 2.1 MB/s)
Downloading from central: https://repo.maven.apache.org/maven2/javax/inject/javax.inject/1/javax.inject-1.jar
Downloaded from central: https://repo.maven.apache.org/maven2/org/codehaus/plexus/plexus-interpolation/1.27/plexus-interpolation-1.27.jar (86 kB at 1.9 MB/s)
Progress (1): 0.9/714 kBProgress (1): 2.3/714 kBProgress (1): 3.6/714 kBProgress (1): 5.0/714 kBProgress (1): 6.4/714 kBProgress (1): 7.7/714 kBProgress (1): 9.1/714 kBProgress (1): 10/714 kB Progress (1): 12/714 kBProgress (1): 13/714 kBProgress (1): 17/714 kBProgress (1): 22/714 kBProgress (1): 26/714 kBProgress (1): 30/714 kBProgress (1): 32/714 kBProgress (1): 36/714 kBProgress (1): 40/714 kBProgress (1): 45/714 kBProgress (1): 49/714 kBProgress (1): 53/714 kBProgress (1): 57/714 kBProgress (1): 61/714 kBProgress (1): 66/714 kBProgress (1): 70/714 kBProgress (1): 74/714 kBProgress (1): 78/714 kBProgress (1): 83/714 kBProgress (1): 87/714 kBProgress (1): 91/714 kBProgress (1): 95/714 kBProgress (1): 99/714 kBProgress (1): 104/714 kBProgress (1): 108/714 kBProgress (1): 112/714 kBProgress (1): 116/714 kBProgress (1): 121/714 kBProgress (1): 125/714 kBProgress (1): 129/714 kBProgress (1): 133/714 kBProgress (1): 138/714 kBProgress (1): 142/714 kBProgress (1): 146/714 kBProgress (1): 150/714 kBProgress (1): 154/714 kBProgress (1): 159/714 kBProgress (1): 163/714 kBProgress (1): 167/714 kBProgress (1): 171/714 kBProgress (1): 176/714 kBProgress (1): 180/714 kBProgress (1): 196/714 kBProgress (1): 213/714 kBProgress (1): 229/714 kBProgress (1): 245/714 kBProgress (1): 262/714 kBProgress (1): 278/714 kBProgress (1): 294/714 kBProgress (1): 310/714 kBProgress (2): 310/714 kB | 0.9/193 kBProgress (2): 310/714 kB | 2.3/193 kBProgress (2): 310/714 kB | 3.6/193 kBProgress (2): 310/714 kB | 5.0/193 kBProgress (2): 310/714 kB | 6.4/193 kBProgress (2): 310/714 kB | 7.7/193 kBProgress (2): 310/714 kB | 9.1/193 kBProgress (2): 327/714 kB | 9.1/193 kBProgress (2): 343/714 kB | 9.1/193 kBProgress (2): 360/714 kB | 9.1/193 kBProgress (2): 376/714 kB | 9.1/193 kBProgress (2): 392/714 kB | 9.1/193 kBProgress (2): 392/714 kB | 10/193 kB Progress (2): 392/714 kB | 12/193 kBProgress (2): 392/714 kB | 13/193 kBProgress (2): 392/714 kB | 15/193 kBProgress (2): 392/714 kB | 16/193 kBProgress (2): 392/714 kB | 17/193 kBProgress (2): 392/714 kB | 19/193 kBProgress (2): 392/714 kB | 20/193 kBProgress (2): 392/714 kB | 21/193 kBProgress (2): 392/714 kB | 23/193 kBProgress (2): 392/714 kB | 24/193 kBProgress (2): 392/714 kB | 25/193 kBProgress (2): 392/714 kB | 27/193 kBProgress (2): 392/714 kB | 28/193 kBProgress (2): 392/714 kB | 30/193 kBProgress (2): 392/714 kB | 31/193 kBProgress (2): 392/714 kB | 32/193 kBProgress (2): 392/714 kB | 34/193 kBProgress (2): 392/714 kB | 35/193 kBProgress (2): 392/714 kB | 36/193 kBProgress (2): 392/714 kB | 38/193 kBProgress (2): 392/714 kB | 39/193 kBProgress (2): 392/714 kB | 41/193 kBProgress (2): 392/714 kB | 42/193 kBProgress (2): 392/714 kB | 43/193 kBProgress (2): 392/714 kB | 45/193 kBProgress (2): 392/714 kB | 46/193 kBProgress (2): 392/714 kB | 47/193 kBProgress (2): 392/714 kB | 49/193 kBProgress (2): 392/714 kB | 50/193 kBProgress (2): 392/714 kB | 51/193 kBProgress (2): 392/714 kB | 53/193 kBProgress (2): 392/714 kB | 54/193 kBProgress (2): 392/714 kB | 56/193 kBProgress (2): 392/714 kB | 60/193 kBProgress (2): 392/714 kB | 64/193 kBProgress (2): 392/714 kB | 68/193 kBProgress (2): 392/714 kB | 73/193 kBProgress (2): 409/714 kB | 73/193 kBProgress (2): 425/714 kB | 73/193 kBProgress (2): 441/714 kB | 73/193 kBProgress (2): 458/714 kB | 73/193 kBProgress (2): 458/714 kB | 77/193 kBProgress (2): 458/714 kB | 81/193 kBProgress (2): 458/714 kB | 85/193 kBProgress (2): 458/714 kB | 89/193 kBProgress (3): 458/714 kB | 89/193 kB | 7.7/509 kBProgress (3): 458/714 kB | 89/193 kB | 15/509 kB Progress (3): 458/714 kB | 94/193 kB | 15/509 kBProgress (3): 458/714 kB | 94/193 kB | 32/509 kBProgress (3): 458/714 kB | 98/193 kB | 32/509 kBProgress (3): 458/714 kB | 102/193 kB | 32/509 kBProgress (3): 458/714 kB | 102/193 kB | 48/509 kBProgress (3): 458/714 kB | 106/193 kB | 48/509 kBProgress (3): 458/714 kB | 106/193 kB | 65/509 kBProgress (3): 458/714 kB | 111/193 kB | 65/509 kBProgress (3): 458/714 kB | 111/193 kB | 81/509 kBProgress (3): 474/714 kB | 111/193 kB | 81/509 kBProgress (3): 474/714 kB | 111/193 kB | 97/509 kBProgress (3): 474/714 kB | 115/193 kB | 97/509 kBProgress (3): 474/714 kB | 119/193 kB | 97/509 kBProgress (3): 474/714 kB | 123/193 kB | 97/509 kBProgress (3): 474/714 kB | 127/193 kB | 97/509 kBProgress (3): 474/714 kB | 127/193 kB | 114/509 kBProgress (3): 474/714 kB | 132/193 kB | 114/509 kBProgress (3): 474/714 kB | 136/193 kB | 114/509 kBProgress (3): 474/714 kB | 136/193 kB | 130/509 kBProgress (3): 474/714 kB | 136/193 kB | 147/509 kB                                                  Downloaded from central: https://repo.maven.apache.org/maven2/javax/inject/javax.inject/1/javax.inject-1.jar (0 B at 0 B/s)
Progress (3): 474/714 kB | 136/193 kB | 163/509 kBProgress (3): 474/714 kB | 136/193 kB | 179/509 kBProgress (3): 474/714 kB | 136/193 kB | 196/509 kBProgress (3): 474/714 kB | 136/193 kB | 212/509 kBProgress (3): 474/714 kB | 136/193 kB | 228/509 kBProgress (3): 474/714 kB | 136/193 kB | 245/509 kBProgress (3): 491/714 kB | 136/193 kB | 245/509 kBProgress (3): 492/714 kB | 136/193 kB | 245/509 kBProgress (3): 492/714 kB | 136/193 kB | 261/509 kBProgress (3): 508/714 kB | 136/193 kB | 261/509 kBProgress (3): 508/714 kB | 136/193 kB | 278/509 kBProgress (3): 524/714 kB | 136/193 kB | 278/509 kBProgress (3): 541/714 kB | 136/193 kB | 278/509 kBProgress (3): 541/714 kB | 136/193 kB | 294/509 kBProgress (3): 557/714 kB | 136/193 kB | 294/509 kBProgress (3): 573/714 kB | 136/193 kB | 294/509 kBProgress (3): 573/714 kB | 140/193 kB | 294/509 kBProgress (3): 573/714 kB | 144/193 kB | 294/509 kBProgress (3): 573/714 kB | 149/193 kB | 294/509 kBProgress (3): 573/714 kB | 153/193 kB | 294/509 kBProgress (3): 573/714 kB | 155/193 kB | 294/509 kBProgress (3): 573/714 kB | 159/193 kB | 294/509 kBProgress (3): 573/714 kB | 164/193 kB | 294/509 kBProgress (3): 573/714 kB | 168/193 kB | 294/509 kBProgress (3): 573/714 kB | 172/193 kB | 294/509 kBProgress (3): 573/714 kB | 176/193 kB | 294/509 kBProgress (3): 573/714 kB | 181/193 kB | 294/509 kBProgress (3): 573/714 kB | 185/193 kB | 294/509 kBProgress (3): 573/714 kB | 189/193 kB | 294/509 kBProgress (3): 573/714 kB | 193 kB | 294/509 kB    Progress (3): 590/714 kB | 193 kB | 294/509 kBProgress (3): 606/714 kB | 193 kB | 294/509 kB                                              Downloaded from central: https://repo.maven.apache.org/maven2/org/codehaus/plexus/plexus-utils/4.0.2/plexus-utils-4.0.2.jar (193 kB at 2.6 MB/s)
Progress (2): 623/714 kB | 294/509 kBProgress (2): 639/714 kB | 294/509 kBProgress (2): 639/714 kB | 310/509 kBProgress (2): 639/714 kB | 327/509 kBProgress (2): 639/714 kB | 343/509 kBProgress (2): 655/714 kB | 343/509 kBProgress (2): 655/714 kB | 360/509 kBProgress (2): 672/714 kB | 360/509 kBProgress (2): 672/714 kB | 376/509 kBProgress (2): 688/714 kB | 376/509 kBProgress (2): 688/714 kB | 392/509 kBProgress (2): 705/714 kB | 392/509 kBProgress (2): 705/714 kB | 409/509 kBProgress (2): 714 kB | 409/509 kB    Progress (2): 714 kB | 425/509 kBProgress (2): 714 kB | 441/509 kBProgress (2): 714 kB | 458/509 kBProgress (2): 714 kB | 474/509 kBProgress (2): 714 kB | 491/509 kBProgress (2): 714 kB | 507/509 kBProgress (2): 714 kB | 509 kB                                 Downloaded from central: https://repo.maven.apache.org/maven2/org/apache/commons/commons-lang3/3.20.0/commons-lang3-3.20.0.jar (714 kB at 9.5 MB/s)
Downloaded from central: https://repo.maven.apache.org/maven2/commons-io/commons-io/2.16.1/commons-io-2.16.1.jar (509 kB at 6.8 MB/s)
[INFO] Copying 3 resources from src/main/resources to target/classes
[INFO] 
[INFO] --- compiler:3.13.0:compile (default-compile) @ SlimeTinker ---
Downloading from central: https://repo.maven.apache.org/maven2/org/apache/maven/shared/maven-shared-utils/3.4.2/maven-shared-utils-3.4.2.pom
Progress (1): 793 BProgress (1): 2.3 kBProgress (1): 4.3 kBProgress (1): 5.9 kB                    Downloaded from central: https://repo.maven.apache.org/maven2/org/apache/maven/shared/maven-shared-utils/3.4.2/maven-shared-utils-3.4.2.pom (5.9 kB at 190 kB/s)
Downloading from central: https://repo.maven.apache.org/maven2/org/apache/maven/shared/maven-shared-components/39/maven-shared-components-39.pom
Progress (1): 812 BProgress (1): 2.2 kBProgress (1): 3.2 kB                    Downloaded from central: https://repo.maven.apache.org/maven2/org/apache/maven/shared/maven-shared-components/39/maven-shared-components-39.pom (3.2 kB at 115 kB/s)
Downloading from central: https://repo.maven.apache.org/maven2/org/apache/maven/maven-parent/39/maven-parent-39.pom
Progress (1): 724 BProgress (1): 1.9 kBProgress (1): 5.5 kBProgress (1): 9.8 kBProgress (1): 14 kB Progress (1): 19 kBProgress (1): 23 kBProgress (1): 26 kBProgress (1): 28 kBProgress (1): 31 kBProgress (1): 34 kBProgress (1): 37 kBProgress (1): 40 kBProgress (1): 43 kBProgress (1): 48 kB                   Downloaded from central: https://repo.maven.apache.org/maven2/org/apache/maven/maven-parent/39/maven-parent-39.pom (48 kB at 1.5 MB/s)
Downloading from central: https://repo.maven.apache.org/maven2/commons-io/commons-io/2.11.0/commons-io-2.11.0.pom
Progress (1): 764 BProgress (1): 2.1 kBProgress (1): 5.2 kBProgress (1): 7.8 kBProgress (1): 10 kB Progress (1): 12 kBProgress (1): 15 kBProgress (1): 18 kBProgress (1): 20 kB                   Downloaded from central: https://repo.maven.apache.org/maven2/commons-io/commons-io/2.11.0/commons-io-2.11.0.pom (20 kB at 658 kB/s)
Downloading from central: https://repo.maven.apache.org/maven2/org/junit/junit-bom/5.7.2/junit-bom-5.7.2.pom
Progress (1): 912 BProgress (1): 4.1 kBProgress (1): 5.1 kB                    Downloaded from central: https://repo.maven.apache.org/maven2/org/junit/junit-bom/5.7.2/junit-bom-5.7.2.pom (5.1 kB at 189 kB/s)
Downloading from central: https://repo.maven.apache.org/maven2/org/apache/maven/shared/maven-shared-incremental/1.1/maven-shared-incremental-1.1.pom
Progress (1): 806 BProgress (1): 2.3 kBProgress (1): 4.7 kB                    Downloaded from central: https://repo.maven.apache.org/maven2/org/apache/maven/shared/maven-shared-incremental/1.1/maven-shared-incremental-1.1.pom (4.7 kB at 148 kB/s)
Downloading from central: https://repo.maven.apache.org/maven2/org/apache/maven/shared/maven-shared-components/19/maven-shared-components-19.pom
Progress (1): 773 BProgress (1): 2.4 kBProgress (1): 4.2 kBProgress (1): 6.4 kB                    Downloaded from central: https://repo.maven.apache.org/maven2/org/apache/maven/shared/maven-shared-components/19/maven-shared-components-19.pom (6.4 kB at 172 kB/s)
Downloading from central: https://repo.maven.apache.org/maven2/org/apache/maven/maven-parent/23/maven-parent-23.pom
Progress (1): 726 BProgress (1): 2.0 kBProgress (1): 5.9 kBProgress (1): 10 kB Progress (1): 15 kBProgress (1): 19 kBProgress (1): 22 kBProgress (1): 25 kBProgress (1): 27 kBProgress (1): 31 kBProgress (1): 33 kB                   Downloaded from central: https://repo.maven.apache.org/maven2/org/apache/maven/maven-parent/23/maven-parent-23.pom (33 kB at 958 kB/s)
Downloading from central: https://repo.maven.apache.org/maven2/org/apache/apache/13/apache-13.pom
Progress (1): 749 BProgress (1): 2.1 kBProgress (1): 4.1 kBProgress (1): 9.0 kBProgress (1): 11 kB Progress (1): 14 kB                   Downloaded from central: https://repo.maven.apache.org/maven2/org/apache/apache/13/apache-13.pom (14 kB at 466 kB/s)
Downloading from central: https://repo.maven.apache.org/maven2/org/codehaus/plexus/plexus-java/1.2.0/plexus-java-1.2.0.pom
Progress (1): 1.9 kBProgress (1): 4.3 kB                    Downloaded from central: https://repo.maven.apache.org/maven2/org/codehaus/plexus/plexus-java/1.2.0/plexus-java-1.2.0.pom (4.3 kB at 102 kB/s)
Downloading from central: https://repo.maven.apache.org/maven2/org/codehaus/plexus/plexus-languages/1.2.0/plexus-languages-1.2.0.pom
Progress (1): 1.3 kBProgress (1): 3.2 kB                    Downloaded from central: https://repo.maven.apache.org/maven2/org/codehaus/plexus/plexus-languages/1.2.0/plexus-languages-1.2.0.pom (3.2 kB at 84 kB/s)
Downloading from central: https://repo.maven.apache.org/maven2/org/codehaus/plexus/plexus/15/plexus-15.pom
Progress (1): 692 BProgress (1): 2.7 kBProgress (1): 6.4 kBProgress (1): 8.9 kBProgress (1): 11 kB Progress (1): 14 kBProgress (1): 18 kBProgress (1): 21 kBProgress (1): 25 kBProgress (1): 28 kB                   Downloaded from central: https://repo.maven.apache.org/maven2/org/codehaus/plexus/plexus/15/plexus-15.pom (28 kB at 958 kB/s)
Downloading from central: https://repo.maven.apache.org/maven2/org/junit/junit-bom/5.10.0/junit-bom-5.10.0.pom
Progress (1): 913 BProgress (1): 4.1 kBProgress (1): 5.6 kB                    Downloaded from central: https://repo.maven.apache.org/maven2/org/junit/junit-bom/5.10.0/junit-bom-5.10.0.pom (5.6 kB at 171 kB/s)
Downloading from central: https://repo.maven.apache.org/maven2/org/ow2/asm/asm/9.6/asm-9.6.pom
Progress (1): 1.3 kBProgress (1): 2.4 kB                    Downloaded from central: https://repo.maven.apache.org/maven2/org/ow2/asm/asm/9.6/asm-9.6.pom (2.4 kB at 79 kB/s)
Downloading from central: https://repo.maven.apache.org/maven2/org/ow2/ow2/1.5.1/ow2-1.5.1.pom
Progress (1): 709 BProgress (1): 2.1 kBProgress (1): 3.6 kBProgress (1): 5.7 kBProgress (1): 8.1 kBProgress (1): 11 kB                    Downloaded from central: https://repo.maven.apache.org/maven2/org/ow2/ow2/1.5.1/ow2-1.5.1.pom (11 kB at 376 kB/s)
Downloading from central: https://repo.maven.apache.org/maven2/com/thoughtworks/qdox/qdox/2.0.3/qdox-2.0.3.pom
Progress (1): 872 BProgress (1): 3.4 kBProgress (1): 6.6 kBProgress (1): 11 kB Progress (1): 13 kBProgress (1): 17 kB                   Downloaded from central: https://repo.maven.apache.org/maven2/com/thoughtworks/qdox/qdox/2.0.3/qdox-2.0.3.pom (17 kB at 338 kB/s)
Downloading from central: https://repo.maven.apache.org/maven2/org/codehaus/plexus/plexus-compiler-api/2.15.0/plexus-compiler-api-2.15.0.pom
Progress (1): 1.4 kB                    Downloaded from central: https://repo.maven.apache.org/maven2/org/codehaus/plexus/plexus-compiler-api/2.15.0/plexus-compiler-api-2.15.0.pom (1.4 kB at 47 kB/s)
Downloading from central: https://repo.maven.apache.org/maven2/org/codehaus/plexus/plexus-compiler/2.15.0/plexus-compiler-2.15.0.pom
Progress (1): 1.2 kBProgress (1): 4.5 kBProgress (1): 7.6 kBProgress (1): 7.6 kB                    Downloaded from central: https://repo.maven.apache.org/maven2/org/codehaus/plexus/plexus-compiler/2.15.0/plexus-compiler-2.15.0.pom (7.6 kB at 195 kB/s)
Downloading from central: https://repo.maven.apache.org/maven2/org/codehaus/plexus/plexus/17/plexus-17.pom
Progress (1): 691 BProgress (1): 2.5 kBProgress (1): 6.4 kBProgress (1): 8.9 kBProgress (1): 11 kB Progress (1): 14 kBProgress (1): 19 kBProgress (1): 21 kBProgress (1): 25 kBProgress (1): 28 kB                   Downloaded from central: https://repo.maven.apache.org/maven2/org/codehaus/plexus/plexus/17/plexus-17.pom (28 kB at 723 kB/s)
Downloading from central: https://repo.maven.apache.org/maven2/org/codehaus/plexus/plexus-utils/4.0.0/plexus-utils-4.0.0.pom
Progress (1): 724 BProgress (1): 2.3 kBProgress (1): 4.5 kBProgress (1): 8.7 kB                    Downloaded from central: https://repo.maven.apache.org/maven2/org/codehaus/plexus/plexus-utils/4.0.0/plexus-utils-4.0.0.pom (8.7 kB at 270 kB/s)
Downloading from central: https://repo.maven.apache.org/maven2/org/codehaus/plexus/plexus/13/plexus-13.pom
Progress (1): 827 BProgress (1): 2.9 kBProgress (1): 3.2 kBProgress (1): 6.6 kBProgress (1): 9.0 kBProgress (1): 11 kB Progress (1): 15 kBProgress (1): 18 kBProgress (1): 21 kBProgress (1): 26 kBProgress (1): 27 kB                   Downloaded from central: https://repo.maven.apache.org/maven2/org/codehaus/plexus/plexus/13/plexus-13.pom (27 kB at 978 kB/s)
Downloading from central: https://repo.maven.apache.org/maven2/org/codehaus/plexus/plexus-compiler-manager/2.15.0/plexus-compiler-manager-2.15.0.pom
Progress (1): 1.3 kB                    Downloaded from central: https://repo.maven.apache.org/maven2/org/codehaus/plexus/plexus-compiler-manager/2.15.0/plexus-compiler-manager-2.15.0.pom (1.3 kB at 41 kB/s)
Downloading from central: https://repo.maven.apache.org/maven2/org/codehaus/plexus/plexus-xml/3.0.0/plexus-xml-3.0.0.pom
Progress (1): 815 BProgress (1): 2.7 kBProgress (1): 3.7 kB                    Downloaded from central: https://repo.maven.apache.org/maven2/org/codehaus/plexus/plexus-xml/3.0.0/plexus-xml-3.0.0.pom (3.7 kB at 125 kB/s)
Downloading from central: https://repo.maven.apache.org/maven2/org/codehaus/plexus/plexus-compiler-javac/2.15.0/plexus-compiler-javac-2.15.0.pom
Progress (1): 1.3 kB                    Downloaded from central: https://repo.maven.apache.org/maven2/org/codehaus/plexus/plexus-compiler-javac/2.15.0/plexus-compiler-javac-2.15.0.pom (1.3 kB at 42 kB/s)
Downloading from central: https://repo.maven.apache.org/maven2/org/codehaus/plexus/plexus-compilers/2.15.0/plexus-compilers-2.15.0.pom
Progress (1): 1.6 kBProgress (1): 1.6 kB                    Downloaded from central: https://repo.maven.apache.org/maven2/org/codehaus/plexus/plexus-compilers/2.15.0/plexus-compilers-2.15.0.pom (1.6 kB at 46 kB/s)
Downloading from central: https://repo.maven.apache.org/maven2/org/apache/maven/shared/maven-shared-utils/3.4.2/maven-shared-utils-3.4.2.jar
Progress (1): 7.7/151 kBProgress (1): 16/151 kB Progress (1): 32/151 kBProgress (1): 49/151 kBProgress (1): 65/151 kBProgress (1): 81/151 kBProgress (1): 98/151 kBProgress (1): 114/151 kBProgress (1): 131/151 kBProgress (1): 147/151 kBProgress (1): 151 kB                        Downloaded from central: https://repo.maven.apache.org/maven2/org/apache/maven/shared/maven-shared-utils/3.4.2/maven-shared-utils-3.4.2.jar (151 kB at 5.4 MB/s)
Downloading from central: https://repo.maven.apache.org/maven2/commons-io/commons-io/2.11.0/commons-io-2.11.0.jar
Downloading from central: https://repo.maven.apache.org/maven2/org/apache/maven/shared/maven-shared-incremental/1.1/maven-shared-incremental-1.1.jar
Downloading from central: https://repo.maven.apache.org/maven2/org/codehaus/plexus/plexus-java/1.2.0/plexus-java-1.2.0.jar
Downloading from central: https://repo.maven.apache.org/maven2/org/ow2/asm/asm/9.6/asm-9.6.jar
Downloading from central: https://repo.maven.apache.org/maven2/com/thoughtworks/qdox/qdox/2.0.3/qdox-2.0.3.jar
Progress (1): 3.8/334 kBProgress (1): 8.0/334 kBProgress (1): 12/334 kB Progress (1): 16/334 kBProgress (1): 21/334 kBProgress (1): 25/334 kBProgress (1): 29/334 kBProgress (1): 45/334 kBProgress (1): 62/334 kBProgress (1): 78/334 kBProgress (2): 78/334 kB | 7.7/327 kBProgress (2): 78/334 kB | 16/327 kB Progress (2): 78/334 kB | 32/327 kBProgress (2): 78/334 kB | 49/327 kBProgress (2): 78/334 kB | 57/327 kBProgress (2): 94/334 kB | 57/327 kBProgress (2): 94/334 kB | 73/327 kBProgress (2): 111/334 kB | 73/327 kBProgress (2): 111/334 kB | 90/327 kBProgress (2): 111/334 kB | 106/327 kBProgress (2): 111/334 kB | 122/327 kBProgress (2): 111/334 kB | 139/327 kBProgress (2): 111/334 kB | 155/327 kBProgress (2): 127/334 kB | 155/327 kBProgress (2): 127/334 kB | 172/327 kBProgress (2): 127/334 kB | 188/327 kBProgress (2): 143/334 kB | 188/327 kBProgress (2): 156/334 kB | 188/327 kBProgress (2): 156/334 kB | 204/327 kBProgress (2): 172/334 kB | 204/327 kBProgress (2): 172/334 kB | 221/327 kBProgress (2): 172/334 kB | 237/327 kBProgress (2): 172/334 kB | 253/327 kBProgress (2): 172/334 kB | 270/327 kBProgress (2): 172/334 kB | 286/327 kBProgress (2): 172/334 kB | 303/327 kBProgress (2): 172/334 kB | 319/327 kBProgress (2): 172/334 kB | 327 kB    Progress (2): 188/334 kB | 327 kBProgress (2): 205/334 kB | 327 kBProgress (2): 221/334 kB | 327 kBProgress (2): 238/334 kB | 327 kBProgress (2): 254/334 kB | 327 kB                                 Downloaded from central: https://repo.maven.apache.org/maven2/commons-io/commons-io/2.11.0/commons-io-2.11.0.jar (327 kB at 13 MB/s)
Downloading from central: https://repo.maven.apache.org/maven2/org/codehaus/plexus/plexus-compiler-api/2.15.0/plexus-compiler-api-2.15.0.jar
Progress (1): 270/334 kBProgress (1): 287/334 kBProgress (1): 303/334 kBProgress (2): 303/334 kB | 7.7/124 kBProgress (2): 319/334 kB | 7.7/124 kBProgress (2): 319/334 kB | 16/124 kB Progress (2): 319/334 kB | 24/124 kBProgress (2): 334 kB | 24/124 kB    Progress (2): 334 kB | 40/124 kBProgress (2): 334 kB | 57/124 kBProgress (2): 334 kB | 73/124 kBProgress (2): 334 kB | 90/124 kBProgress (2): 334 kB | 106/124 kBProgress (2): 334 kB | 122/124 kBProgress (2): 334 kB | 124 kB                                 Downloaded from central: https://repo.maven.apache.org/maven2/com/thoughtworks/qdox/qdox/2.0.3/qdox-2.0.3.jar (334 kB at 13 MB/s)
Downloading from central: https://repo.maven.apache.org/maven2/org/codehaus/plexus/plexus-compiler-manager/2.15.0/plexus-compiler-manager-2.15.0.jar
Downloaded from central: https://repo.maven.apache.org/maven2/org/ow2/asm/asm/9.6/asm-9.6.jar (124 kB at 4.8 MB/s)
Downloading from central: https://repo.maven.apache.org/maven2/org/codehaus/plexus/plexus-xml/3.0.0/plexus-xml-3.0.0.jar
Progress (1): 3.8/58 kBProgress (1): 8.0/58 kBProgress (1): 12/58 kB Progress (1): 16/58 kBProgress (1): 21/58 kBProgress (1): 25/58 kBProgress (1): 29/58 kBProgress (1): 33/58 kBProgress (1): 38/58 kBProgress (1): 42/58 kBProgress (1): 46/58 kBProgress (1): 50/58 kBProgress (1): 54/58 kBProgress (1): 58 kB                      Downloaded from central: https://repo.maven.apache.org/maven2/org/codehaus/plexus/plexus-java/1.2.0/plexus-java-1.2.0.jar (58 kB at 1.4 MB/s)
Downloading from central: https://repo.maven.apache.org/maven2/org/codehaus/plexus/plexus-compiler-javac/2.15.0/plexus-compiler-javac-2.15.0.jar
Progress (1): 3.8/14 kBProgress (1): 7.7/14 kBProgress (1): 12/14 kB Progress (1): 14 kB   Progress (2): 14 kB | 5.2 kB                            Downloaded from central: https://repo.maven.apache.org/maven2/org/apache/maven/shared/maven-shared-incremental/1.1/maven-shared-incremental-1.1.jar (14 kB at 282 kB/s)
Downloading from central: https://repo.maven.apache.org/maven2/org/codehaus/plexus/plexus-utils/4.0.0/plexus-utils-4.0.0.jar
Downloaded from central: https://repo.maven.apache.org/maven2/org/codehaus/plexus/plexus-compiler-manager/2.15.0/plexus-compiler-manager-2.15.0.jar (5.2 kB at 111 kB/s)
Progress (1): 7.7/93 kBProgress (1): 16/93 kB Progress (1): 24/93 kBProgress (1): 40/93 kBProgress (1): 57/93 kBProgress (1): 73/93 kBProgress (1): 90/93 kBProgress (1): 93 kB                      Downloaded from central: https://repo.maven.apache.org/maven2/org/codehaus/plexus/plexus-xml/3.0.0/plexus-xml-3.0.0.jar (93 kB at 1.9 MB/s)
Progress (1): 7.7/29 kBProgress (1): 11/29 kB Progress (1): 28/29 kBProgress (1): 29 kB                      Downloaded from central: https://repo.maven.apache.org/maven2/org/codehaus/plexus/plexus-compiler-api/2.15.0/plexus-compiler-api-2.15.0.jar (29 kB at 559 kB/s)
Progress (1): 3.8/26 kBProgress (1): 8.0/26 kBProgress (1): 8.2/26 kBProgress (1): 12/26 kB Progress (1): 17/26 kBProgress (1): 21/26 kBProgress (1): 25/26 kBProgress (1): 26 kB                      Downloaded from central: https://repo.maven.apache.org/maven2/org/codehaus/plexus/plexus-compiler-javac/2.15.0/plexus-compiler-javac-2.15.0.jar (26 kB at 362 kB/s)
Progress (1): 7.7/192 kBProgress (1): 16/192 kB Progress (1): 24/192 kBProgress (1): 40/192 kBProgress (1): 57/192 kBProgress (1): 73/192 kBProgress (1): 90/192 kBProgress (1): 106/192 kBProgress (1): 122/192 kBProgress (1): 139/192 kBProgress (1): 155/192 kBProgress (1): 172/192 kBProgress (1): 188/192 kBProgress (1): 192 kB                        Downloaded from central: https://repo.maven.apache.org/maven2/org/codehaus/plexus/plexus-utils/4.0.0/plexus-utils-4.0.0.jar (192 kB at 2.3 MB/s)
[INFO] Recompiling the module because of changed source code.
[INFO] Compiling 107 source files with javac [debug release 21] to target/classes
[INFO] /home/runner/work/SF_SlimeTinkerIE2/SF_SlimeTinkerIE2/src/main/java/io/github/sefiraat/slimetinker/items/tinkermaterials/TinkerMaterialManager.java: Some input files use or override a deprecated API.
[INFO] /home/runner/work/SF_SlimeTinkerIE2/SF_SlimeTinkerIE2/src/main/java/io/github/sefiraat/slimetinker/items/tinkermaterials/TinkerMaterialManager.java: Recompile with -Xlint:deprecation for details.
[INFO] /home/runner/work/SF_SlimeTinkerIE2/SF_SlimeTinkerIE2/src/main/java/io/github/sefiraat/slimetinker/utils/EntityUtils.java: /home/runner/work/SF_SlimeTinkerIE2/SF_SlimeTinkerIE2/src/main/java/io/github/sefiraat/slimetinker/utils/EntityUtils.java uses unchecked or unsafe operations.
[INFO] /home/runner/work/SF_SlimeTinkerIE2/SF_SlimeTinkerIE2/src/main/java/io/github/sefiraat/slimetinker/utils/EntityUtils.java: Recompile with -Xlint:unchecked for details.
[INFO] -------------------------------------------------------------
[WARNING] COMPILATION WARNING : 
[INFO] -------------------------------------------------------------
[WARNING] /home/runner/work/SF_SlimeTinkerIE2/SF_SlimeTinkerIE2/src/main/java/io/github/sefiraat/slimetinker/events/EntityDamageEvents.java:[69,86] ENDEREYE_LAUNCH in org.bukkit.Effect has been deprecated and marked for removal
[WARNING] /home/runner/work/SF_SlimeTinkerIE2/SF_SlimeTinkerIE2/src/main/java/io/github/sefiraat/slimetinker/events/InteractionEvents.java:[120,81] ENDEREYE_LAUNCH in org.bukkit.Effect has been deprecated and marked for removal
[WARNING] /home/runner/work/SF_SlimeTinkerIE2/SF_SlimeTinkerIE2/src/main/java/io/github/sefiraat/slimetinker/events/PlayerDamagedEvents.java:[244,81] ENDEREYE_LAUNCH in org.bukkit.Effect has been deprecated and marked for removal
[WARNING] /home/runner/work/SF_SlimeTinkerIE2/SF_SlimeTinkerIE2/src/main/java/io/github/sefiraat/slimetinker/events/TickEvents.java:[321,98] ENDEREYE_LAUNCH in org.bukkit.Effect has been deprecated and marked for removal
[WARNING] /home/runner/work/SF_SlimeTinkerIE2/SF_SlimeTinkerIE2/src/main/java/io/github/sefiraat/slimetinker/listeners/FakeItemDamageEvent.java:[9,9] [removal] PlayerItemDamageEvent(@org.jetbrains.annotations.NotNull org.bukkit.entity.Player,@org.jetbrains.annotations.NotNull org.bukkit.inventory.ItemStack,int) in org.bukkit.event.player.PlayerItemDamageEvent has been deprecated and marked for removal
        super(player, what, damage);
        ^
[INFO] 5 warnings 
[INFO] -------------------------------------------------------------
[INFO] -------------------------------------------------------------
[ERROR] COMPILATION ERROR : 
[INFO] -------------------------------------------------------------
[ERROR] /home/runner/work/SF_SlimeTinkerIE2/SF_SlimeTinkerIE2/src/main/java/io/github/sefiraat/slimetinker/listeners/EntityDamagedListener.java:[72,82] cannot find symbol
  symbol:   variable SLOWNESSNESS
  location: class org.bukkit.potion.PotionEffectType
[ERROR] /home/runner/work/SF_SlimeTinkerIE2/SF_SlimeTinkerIE2/src/main/java/io/github/sefiraat/slimetinker/events/TickEvents.java:[199,40] cannot find symbol
  symbol:   variable SLOWNESS_FALLING
  location: class org.bukkit.potion.PotionEffectType
[INFO] 2 errors 
[INFO] -------------------------------------------------------------
[INFO] ------------------------------------------------------------------------
[INFO] BUILD FAILURE
[INFO] ------------------------------------------------------------------------
[INFO] Total time:  24.699 s
[INFO] Finished at: 2026-09-10T18:23:30Z
[INFO] ------------------------------------------------------------------------
[ERROR] Failed to execute goal org.apache.maven.plugins:maven-compiler-plugin:3.13.0:compile (default-compile) on project SlimeTinker: Compilation failure: Compilation failure: 
[ERROR] /home/runner/work/SF_SlimeTinkerIE2/SF_SlimeTinkerIE2/src/main/java/io/github/sefiraat/slimetinker/listeners/EntityDamagedListener.java:[72,82] cannot find symbol
[ERROR]   symbol:   variable SLOWNESSNESS
[ERROR]   location: class org.bukkit.potion.PotionEffectType
[ERROR] /home/runner/work/SF_SlimeTinkerIE2/SF_SlimeTinkerIE2/src/main/java/io/github/sefiraat/slimetinker/events/TickEvents.java:[199,40] cannot find symbol
[ERROR]   symbol:   variable SLOWNESS_FALLING
[ERROR]   location: class org.bukkit.potion.PotionEffectType
[ERROR] -> [Help 1]
[ERROR] 
[ERROR] To see the full stack trace of the errors, re-run Maven with the -e switch.
[ERROR] Re-run Maven using the -X switch to enable full debug logging.
[ERROR] 
[ERROR] For more information about the errors and possible solutions, please read the following articles:
[ERROR] [Help 1] http://cwiki.apache.org/confluence/display/MAVEN/MojoFailureException
